V/PebbleApplication(29778): [NotificationUtil] isOngoing: false id: 0 postTime: 1415820010117 when: 1415820009327
V/PebbleApplication(29778): [NotificationUtil] isGroupSummary: false contentAction: -1
V/PebbleApplication(29778): [NotificationUtil] category: null number: 0
V/PebbleApplication(29778): [NotificationUtil] hasContentIntent: true tickerText: Jathusan Thiruchelvanathan: Test
V/PebbleApplication(29778): [NotificationUtil] > Notification extras: 
V/PebbleApplication(29778): [NotificationUtil] >> Extra: key = android.title type = String value = Jathusan Thiruchelvanathan
V/PebbleApplication(29778): [NotificationUtil] >> Extra: key = android.subText type =  value = null
V/PebbleApplication(29778): [NotificationUtil] >> Extra: key = on_read type = PendingIntent value = PendingIntent{4285d898: android.os.BinderProxy@427415a8}
V/PebbleApplication(29778): [NotificationUtil] >> Extra: key = android.showChronometer type = Boolean value = false
V/PebbleApplication(29778): [NotificationUtil] >> Extra: key = android.icon type = Integer value = 2130838899
V/PebbleApplication(29778): [NotificationUtil] >> Extra: key = android.text type = SpannableString value = Test
V/PebbleApplication(29778): [NotificationUtil] >> Extra: key = android.progress type = Integer value = 0
V/PebbleApplication(29778): [NotificationUtil] >> Extra: key = android.progressMax type = Integer value = 0
V/PebbleApplication(29778): [NotificationUtil] >> Extra: key = android.showWhen type = Boolean value = true
V/PebbleApplication(29778): [NotificationUtil] >> Extra: key = android.largeIcon type = Bitmap value = android.graphics.Bitmap@4285b0a8
V/PebbleApplication(29778): [NotificationUtil] >> Extra: key = android.infoText type =  value = null
V/PebbleApplication(29778): [NotificationUtil] >> Extra: key = android.wearable.EXTENSIONS type = Bundle value = Bundle[{background=android.graphics.Bitmap@42969bc0, actions=[Bundle[{extras=Bundle[EMPTY_PARCEL], remoteInputs=[Landroid.os.Bundle;@429704e0, icon=2130838723, title=Reply, actionIntent=PendingIntent{42852b28: android.os.BinderProxy@42970600}}]]}]
V/PebbleApplication(29778): [NotificationUtil] >> Extra: key = android.progressIndeterminate type = Boolean value = false
V/PebbleApplication(29778): [NotificationUtil] >> Extra: key = android.scoreModified type = Boolean value = false
V/PebbleApplication(29778): [NotificationUtil] pages count = 0
V/PebbleApplication(29778): [NotificationUtil] action count: 0
V/PebbleApplication(29778): [NotificationUtil] WearableExtender action count: 1
V/PebbleApplication(29778): [NotificationUtil] > Action 0: Reply
V/PebbleApplication(29778): [NotificationUtil] >> Action Bundle extras
V/PebbleApplication(29778): [NotificationUtil] >> Remote input count: 1
V/PebbleApplication(29778): [NotificationUtil] >> Remote input 0: Speak your reply
V/PebbleApplication(29778): [NotificationUtil] >> Supports remote input: true
V/PebbleApplication(29778): [NotificationUtil] >> Choices: 
V/PebbleApplication(29778): [NotificationUtil] Yes, 
V/PebbleApplication(29778): [NotificationUtil] No, 
V/PebbleApplication(29778): [NotificationUtil] OK, 
V/PebbleApplication(29778): [NotificationUtil] Hehe, 
V/PebbleApplication(29778): [NotificationUtil] Thanks, 
V/PebbleApplication(29778): [NotificationUtil] I agree, 
V/PebbleApplication(29778): [NotificationUtil] Nice, 
V/PebbleApplication(29778): [NotificationUtil] On my way, 
V/PebbleApplication(29778): [NotificationUtil] OK, let me get back to you later, 
V/PebbleApplication(29778): [NotificationUtil] :), 
V/PebbleApplication(29778): [NotificationUtil] :(, 
V/PebbleApplication(29778): [NotificationUtil] >> RemoteInput Bundle extras:
V/PebbleApplication(29778): [Analytics] logNotificationEvent: '{hasContentIntent=1, notifications_enabled=true, contentAction=-1, isClearable=1, isGroupSummary=0, wearActions=[{RemoteInputChoicesCount=11, RemoteInputLabel=Speak your reply, RemoteInputAllowsFreeform=1, RemoteInputChoicesMaxLen=32, RemoteInputCount=1, Title=Reply}], package_name=com.google.android.talk, app_version=2.4.78234730, pagesCount=0, wearActionCount=1, actionCount=0, app_name=Hangouts, actions=[]}'
V/PebbleApplication(29778): [AnalyticsLogger] Logged analytics event: events
V/PebbleApplication(29778): [AnalyticsLogger] Logged analytics event: events
W/PebbleApplication(29778): [PblNotificationProcessor] Failed to retrieve valid notification ID; resetting
D/PebbleApplication(29778): [PreferenceCache] commit()
D/PebbleApplication(29778): [MessageRouter] Sending request to normalEndpointSet for: EXTENSIBLE_NOTIFICATION
D/PebbleApplication(29778): [NormalEndpointSet] Sending request to NotificationEndpoint
D/PebbleApplication(29778): [NotificationEndpoint] Got request
D/PebbleApplication(29778): [NotificationEndpoint] sendUsingOldNotificationProtocol: id = 0
D/PebbleApplication(29778): [MessageSender] Sending message of type: PblOutboundNotificationMessage
D/PebbleApplication(29778): [PblNotificationProcessor] Notification sent = true (sentUsingExtensibleProtocol = false)
D/PebbleApplication(29778): [RemoteDevice] size: 47
I/PebbleApplication(29778): [AbsDeviceService] Data sent to Pebble D0B5
V/PebbleApplication(29763): [PblAsyncTask] submit() LoadPreferencesAsyncTask
V/PebbleApplication(29778): [PblAsyncTask] submit() LoadPreferencesAsyncTask
D/PebbleApplication(29763): [PreferenceCache] Size estimate from cursor: 1625
D/PebbleApplication(29778): [PreferenceCache] Size estimate from cursor: 1625
D/ConnectivityService(  776): handleInetConditionHoldEnd: net=1, condition=100, published condition=100
W/GAV2    (31153): Thread[IntentService[GlanceWeatherService],5,main]: dispatch call queued.  Need to call GAServiceManager.getInstance().initialize().
D/dalvikvm(31153): GC_CONCURRENT freed 345K, 3% free 17543K/17972K, paused 2ms+1ms, total 17ms
W/GCoreFlp(12463): No location to return for getLastLocation()
W/bt-btif ( 1581): dm_pm_timer expires
W/bt-btif ( 1581): dm_pm_timer expires 0
W/bt-btif ( 1581): proc dm_pm_timer expires
V/QcrilMsgTunnelSocket( 1805): After reading offset = 0 remaining = 4 countRead = 4
D/QcrilMsgTunnelSocket( 1805): messageLength extracted from first 4 inputStream reads = 29
V/QcrilMsgTunnelSocket( 1805): offset = 0 remaining = 29 countRead = 0
V/QcrilMsgTunnelSocket( 1805): offset = 0 remaining = 29 countRead = 29
D/QcrilMsgTunnelSocket( 1805): readRilMessage: Buffer = [B@42680ea8 HexData = [0100000004040000110000005155414c434f4d4def0308000100000003]
V/QcrilMsgTunnelSocket( 1805): Read packet: 29 bytes. Data Available = 32 Position = 0
D/QcrilMsgTunnelSocket( 1805): processResponse. message type = 1. Data Available = 28
D/QcrilMsgTunnelSocket( 1805): ByteArray from parcel = 5155414c434f4d4def0308000100000003
D/QcrilMsgTunnelSocket( 1805): Received RIL_UNSOL_OEM_HOOK_RAW message
D/QcrilMsgTunnelSocket( 1805): Oem ID in RIL_UNSOL_OEM_HOOK_RAW is QUALCOMM
D/dalvikvm( 1044): GC_CONCURRENT freed 485K, 3% free 17077K/17596K, paused 4ms+2ms, total 51ms
D/dalvikvm( 1044): WAIT_FOR_CONCURRENT_GC blocked 9ms
D/QcrilMsgTunnelSocket( 1805): OEM ID check Passed
D/QcrilMsgTunnelSocket( 1805): Response ID in RIL_UNSOL_OEM_HOOK_RAW is 525295
D/QcrilMsgTunnelSocket( 1805): Response ID 525295is not served in this process.
D/QcrilMsgTunnelSocket( 1805): To broadcast an Intent via the notifier to external apps
V/QcrilMsgTunnelSocket( 1805): Before reading offset = 0 remaining = 4 countRead = 0
D/QcrilMsgTunnelIfaceManager( 1805): handleMessage what=0
D/QcrilMsgTunnelIfaceManager( 1805): Broadcasting intent ACTION_UNSOL_RESPONSE_OEM_HOOK_RAW
I/MicrophoneInputStream( 2114): mic_close fib@426eb348
I/HotwordRecognitionRnr( 2114): Stopping hotword detection.
I/HotwordRecognitionRnr( 2114): Hotword detection finished
V/PanelView(  888): animationTick called with dtms=0; nothing to do (h=1664.0 v=440.19083)
I/GCM     (12449): GCM message com.google.android.talk 0:1415820028593197%5a539273f9fd7ecd:dr:com.google.android.talk:dr:2615154502@google.com:dr:0:1415820028593197%5a539273f9fd7ecd
V/PebbleApplication(29778): [PblNotificationService] onNotificationPosted(StatusBarNotification(pkg=com.google.android.talk user=UserHandle{0} id=0 tag=com.google.android.talk:chat:1 score=10: Notification(pri=1 contentView=com.google.android.talk/0x1090064 vibrate=default sound=android.resource://com.google.android.talk/raw/2131230729 defaults=0x6 flags=0x11 kind=[null])))
V/PebbleApplication(29778): [NotificationExtractor] from 'Test' to 'Test
V/PebbleApplication(29778): Location'
V/PebbleApplication(29778): [NotificationExtractor] Replacing 'Test
V/PebbleApplication(29778): Location' with 'Location'
D/PebbleApplication(29778): [Actions] Adding PblNotificationOpenOnPhoneAction id = 1 title = Open on phone
D/PebbleApplication(29778): [PblNotification] Notification is clearable by Pebble Android
D/PebbleApplication(29778): [Actions] Adding PblNotificationDismissAction id = 2
D/dalvikvm(29778): GC_FOR_ALLOC freed 1477K, 13% free 18295K/20888K, paused 17ms, total 17ms
I/dalvikvm-heap(29778): Grow heap (frag case) to 18.872MB for 1024016-byte allocation
D/dalvikvm(29778): GC_FOR_ALLOC freed <1K, 8% free 19295K/20888K, paused 13ms, total 13ms
D/PebbleApplication(29778): [PblNotification] Found 1 wearable actions
D/PebbleApplication(29778): [PblNotification] Found valid remote inputs
D/PebbleApplication(29778): [PblNotification] Found remote input with free form input
D/PebbleApplication(29778): [PblNotificationProcessor] New notification from: com.google.android.talk
V/PebbleApplication(29778): [NotificationUtil] dumpNotification()
V/PebbleApplication(29778): [NotificationUtil] package: com.google.android.talk tag: com.google.android.talk:chat:1 key: null isClearable: true
V/PebbleApplication(29778): [NotificationUtil] isOngoing: false id: 0 postTime: 1415820028771 when: 1415820028355
V/PebbleApplication(29778): [NotificationUtil] isGroupSummary: false contentAction: -1
V/PebbleApplication(29778): [NotificationUtil] category: null number: 0
V/PebbleApplication(29778): [NotificationUtil] hasContentIntent: true tickerText: Jathusan Thiruchelvanathan: sent a location
V/PebbleApplication(29778): [NotificationUtil] > Notification extras: 
V/PebbleApplication(29778): [NotificationUtil] >> Extra: key = android.title type = String value = Jathusan Thiruchelvanathan
V/PebbleApplication(29778): [NotificationUtil] >> Extra: key = android.subText type =  value = null
V/PebbleApplication(29778): [NotificationUtil] >> Extra: key = on_read type = PendingIntent value = PendingIntent{427c9048: android.os.BinderProxy@427415a8}
V/PebbleApplication(29778): [NotificationUtil] >> Extra: key = android.showChronometer type = Boolean value = false
V/PebbleApplication(29778): [NotificationUtil] >> Extra: key = android.icon type = Integer value = 2130838899
V/PebbleApplication(29778): [NotificationUtil] >> Extra: key = android.text type = SpannableString value = Test
V/PebbleApplication(29778): Location
V/PebbleApplication(29778): [NotificationUtil] >> Extra: key = android.progress type = Integer value = 0
V/PebbleApplication(29778): [NotificationUtil] >> Extra: key = android.progressMax type = Integer value = 0
V/PebbleApplication(29778): [NotificationUtil] >> Extra: key = android.showWhen type = Boolean value = true
V/PebbleApplication(29778): [NotificationUtil] >> Extra: key = android.largeIcon type = Bitmap value = android.graphics.Bitmap@42879328
V/PebbleApplication(29778): [NotificationUtil] >> Extra: key = android.infoText type =  value = null
V/PebbleApplication(29778): [NotificationUtil] >> Extra: key = android.wearable.EXTENSIONS type = Bundle value = Bundle[{background=android.graphics.Bitmap@42836fe8, actions=[Bundle[{extras=Bundle[EMPTY_PARCEL], remoteInputs=[Landroid.os.Bundle;@429708f0, icon=2130838723, title=Reply, actionIntent=PendingIntent{4288bd30: android.os.BinderProxy@42970980}}]]}]
V/PebbleApplication(29778): [NotificationUtil] >> Extra: key = android.progressIndeterminate type = Boolean value = false
V/PebbleApplication(29778): [NotificationUtil] >> Extra: key = android.scoreModified type = Boolean value = false
V/PebbleApplication(29778): [NotificationUtil] pages count = 0
V/PebbleApplication(29778): [NotificationUtil] action count: 0
V/PebbleApplication(29778): [NotificationUtil] WearableExtender action count: 1
V/PebbleApplication(29778): [NotificationUtil] > Action 0: Reply
V/PebbleApplication(29778): [NotificationUtil] >> Action Bundle extras
V/PebbleApplication(29778): [NotificationUtil] >> Remote input count: 1
V/PebbleApplication(29778): [NotificationUtil] >> Remote input 0: Speak your reply
V/PebbleApplication(29778): [NotificationUtil] >> Supports remote input: true
V/PebbleApplication(29778): [NotificationUtil] >> Choices: 
V/PebbleApplication(29778): [NotificationUtil] Yes, 
V/PebbleApplication(29778): [NotificationUtil] No, 
V/PebbleApplication(29778): [NotificationUtil] OK, 
V/PebbleApplication(29778): [NotificationUtil] Hehe, 
V/PebbleApplication(29778): [NotificationUtil] Thanks, 
V/PebbleApplication(29778): [NotificationUtil] I agree, 
V/PebbleApplication(29778): [NotificationUtil] Nice, 
V/PebbleApplication(29778): [NotificationUtil] On my way, 
V/PebbleApplication(29778): [NotificationUtil] OK, let me get back to you later, 
V/PebbleApplication(29778): [NotificationUtil] :), 
V/PebbleApplication(29778): [NotificationUtil] :(, 
V/PebbleApplication(29778): [NotificationUtil] >> RemoteInput Bundle extras:
V/PebbleApplication(29778): [Analytics] logNotificationEvent: '{hasContentIntent=1, notifications_enabled=true, contentAction=-1, isClearable=1, isGroupSummary=0, wearActions=[{RemoteInputChoicesCount=11, RemoteInputLabel=Speak your reply, RemoteInputAllowsFreeform=1, RemoteInputChoicesMaxLen=32, RemoteInputCount=1, Title=Reply}], package_name=com.google.android.talk, app_version=2.4.78234730, pagesCount=0, wearActionCount=1, actionCount=0, app_name=Hangouts, actions=[]}'
D/PebbleApplication(29778): [PreferenceCache] commit()
V/PebbleApplication(29778): [AnalyticsLogger] Logged analytics event: events
D/PebbleApplication(29778): [MessageRouter] Sending request to normalEndpointSet for: EXTENSIBLE_NOTIFICATION
D/PebbleApplication(29778): [NormalEndpointSet] Sending request to NotificationEndpoint
D/PebbleApplication(29778): [NotificationEndpoint] Got request
D/PebbleApplication(29778): [NotificationEndpoint] sendUsingOldNotificationProtocol: id = 1
D/PebbleApplication(29778): [MessageSender] Sending message of type: PblOutboundNotificationMessage
D/PebbleApplication(29778): [RemoteDevice] size: 51
D/PebbleApplication(29778): [PblNotificationProcessor] Notification sent = true (sentUsingExtensibleProtocol = false)
I/PebbleApplication(29778): [AbsDeviceService] Data sent to Pebble D0B5
V/PebbleApplication(29778): [PblAsyncTask] submit() LoadPreferencesAsyncTask
V/PebbleApplication(29763): [PblAsyncTask] submit() LoadPreferencesAsyncTask
D/PebbleApplication(29778): [PreferenceCache] Size estimate from cursor: 1625
D/PebbleApplication(29763): [PreferenceCache] Size estimate from cursor: 1625
D/ConnectivityService(  776): handleInetConditionHoldEnd: net=1, condition=100, published condition=100
V/PanelView(  888): animationTick called with dtms=0; nothing to do (h=901.0 v=-6742.9966)
W/InputMethodManagerService(  776): Window already focused, ignoring focus gain of: com.android.internal.view.IInputMethodClient$Stub$Proxy@42d44fd8 attribute=null, token = android.os.BinderProxy@42effde0
D/dalvikvm( 2114): GC_FOR_ALLOC freed 715K, 11% free 18762K/20932K, paused 15ms, total 15ms
I/MicrophoneInputStream( 2114): mic_starting fib@42984fe8
I/HotwordRecognitionRnr( 2114): Starting hotword detection.
D/dalvikvm( 2114): GC_CONCURRENT freed 19K, 8% free 19391K/20932K, paused 2ms+2ms, total 34ms
D/audio_hw_primary(  185): select_devices: out_snd_device(0: ) in_snd_device(35: voice-rec-mic)
D/        (  185): Failed to fetch the lookup information of the device 0000003E 
E/ACDB-LOADER(  185): Error: ACDB AudProc vol returned = -19
I/HotwordWorker( 2114): onReady
W/bt-btif ( 1581): dm_pm_timer expires
W/bt-btif ( 1581): dm_pm_timer expires 0
W/bt-btif ( 1581): proc dm_pm_timer expires
I/MicrophoneInputStream( 2114): mic_close fib@42984fe8
I/HotwordRecognitionRnr( 2114): Stopping hotword detection.
I/HotwordRecognitionRnr( 2114): Hotword detection finished
V/PanelView(  888): animationTick called with dtms=0; nothing to do (h=816.0 v=3303.0217)
I/GCM     (12449): GCM message com.google.android.talk 0:1415820052117195%5a539273f9fd7ecd:dr:com.google.android.talk:dr:2615154502@google.com:dr:0:1415820052117195%5a539273f9fd7ecd
V/PebbleApplication(29778): [PblNotificationService] onNotificationPosted(StatusBarNotification(pkg=com.google.android.talk user=UserHandle{0} id=0 tag=com.google.android.talk:chat:1 score=10: Notification(pri=1 contentView=com.google.android.talk/0x1090064 vibrate=default sound=android.resource://com.google.android.talk/raw/2131230729 defaults=0x6 flags=0x11 kind=[null])))
V/PebbleApplication(29778): [NotificationExtractor] from 'Test
V/PebbleApplication(29778): Location' to 'Test
V/PebbleApplication(29778): Location
V/PebbleApplication(29778): Picture'
V/PebbleApplication(29778): [NotificationExtractor] Replacing 'Test
V/PebbleApplication(29778): Location
V/PebbleApplication(29778): Picture' with 'Picture'
D/PebbleApplication(29778): [Actions] Adding PblNotificationOpenOnPhoneAction id = 1 title = Open on phone
D/PebbleApplication(29778): [PblNotification] Notification is clearable by Pebble Android
D/PebbleApplication(29778): [Actions] Adding PblNotificationDismissAction id = 2
D/dalvikvm(29778): GC_FOR_ALLOC freed 1443K, 13% free 18296K/20888K, paused 14ms, total 14ms
I/dalvikvm-heap(29778): Grow heap (frag case) to 18.873MB for 1024016-byte allocation
D/dalvikvm(29778): GC_FOR_ALLOC freed <1K, 8% free 19295K/20888K, paused 15ms, total 15ms
D/PebbleApplication(29778): [PblNotification] Found 1 wearable actions
D/PebbleApplication(29778): [PblNotification] Found valid remote inputs
D/PebbleApplication(29778): [PblNotification] Found remote input with free form input
D/PebbleApplication(29778): [PblNotificationProcessor] New notification from: com.google.android.talk
V/PebbleApplication(29778): [NotificationUtil] dumpNotification()
V/PebbleApplication(29778): [NotificationUtil] package: com.google.android.talk tag: com.google.android.talk:chat:1 key: null isClearable: true
V/PebbleApplication(29778): [NotificationUtil] isOngoing: false id: 0 postTime: 1415820052457 when: 1415820051918
V/PebbleApplication(29778): [NotificationUtil] isGroupSummary: false contentAction: -1
V/PebbleApplication(29778): [NotificationUtil] category: null number: 0
V/PebbleApplication(29778): [NotificationUtil] hasContentIntent: true tickerText: Jathusan Thiruchelvanathan: sent a photo
V/PebbleApplication(29778): [NotificationUtil] > Notification extras: 
V/PebbleApplication(29778): [NotificationUtil] >> Extra: key = android.title type = String value = Jathusan Thiruchelvanathan
V/PebbleApplication(29778): [NotificationUtil] >> Extra: key = android.subText type =  value = null
V/PebbleApplication(29778): [NotificationUtil] >> Extra: key = on_read type = PendingIntent value = PendingIntent{427559f0: android.os.BinderProxy@427415a8}
V/PebbleApplication(29778): [NotificationUtil] >> Extra: key = android.showChronometer type = Boolean value = false
V/PebbleApplication(29778): [NotificationUtil] >> Extra: key = android.icon type = Integer value = 2130838899
V/PebbleApplication(29778): [NotificationUtil] >> Extra: key = android.text type = SpannableString value = Test
V/PebbleApplication(29778): Location
V/PebbleApplication(29778): Picture
V/PebbleApplication(29778): [NotificationUtil] >> Extra: key = android.progress type = Integer value = 0
V/PebbleApplication(29778): [NotificationUtil] >> Extra: key = android.progressMax type = Integer value = 0
V/PebbleApplication(29778): [NotificationUtil] >> Extra: key = android.showWhen type = Boolean value = true
V/PebbleApplication(29778): [NotificationUtil] >> Extra: key = android.largeIcon type = Bitmap value = android.graphics.Bitmap@427bb8b0
V/PebbleApplication(29778): [NotificationUtil] >> Extra: key = android.infoText type =  value = null
V/PebbleApplication(29778): [NotificationUtil] >> Extra: key = android.wearable.EXTENSIONS type = Bundle value = Bundle[{background=android.graphics.Bitmap@42816338, actions=[Bundle[{extras=Bundle[EMPTY_PARCEL], remoteInputs=[Landroid.os.Bundle;@4286ff28, icon=2130838723, title=Reply, actionIntent=PendingIntent{4287aa08: android.os.BinderProxy@428712b8}}]]}]
V/PebbleApplication(29778): [NotificationUtil] >> Extra: key = android.progressIndeterminate type = Boolean value = false
V/PebbleApplication(29778): [NotificationUtil] >> Extra: key = android.scoreModified type = Boolean value = false
V/PebbleApplication(29778): [NotificationUtil] pages count = 0
V/PebbleApplication(29778): [NotificationUtil] action count: 0
V/PebbleApplication(29778): [NotificationUtil] WearableExtender action count: 1
V/PebbleApplication(29778): [NotificationUtil] > Action 0: Reply
V/PebbleApplication(29778): [NotificationUtil] >> Action Bundle extras
V/PebbleApplication(29778): [NotificationUtil] >> Remote input count: 1
V/PebbleApplication(29778): [NotificationUtil] >> Remote input 0: Speak your reply
V/PebbleApplication(29778): [NotificationUtil] >> Supports remote input: true
V/PebbleApplication(29778): [NotificationUtil] >> Choices: 
V/PebbleApplication(29778): [NotificationUtil] Yes, 
V/PebbleApplication(29778): [NotificationUtil] No, 
V/PebbleApplication(29778): [NotificationUtil] OK, 
V/PebbleApplication(29778): [NotificationUtil] Hehe, 
V/PebbleApplication(29778): [NotificationUtil] Thanks, 
V/PebbleApplication(29778): [NotificationUtil] I agree, 
V/PebbleApplication(29778): [NotificationUtil] Nice, 
V/PebbleApplication(29778): [NotificationUtil] On my way, 
V/PebbleApplication(29778): [NotificationUtil] OK, let me get back to you later, 
V/PebbleApplication(29778): [NotificationUtil] :), 
V/PebbleApplication(29778): [NotificationUtil] :(, 
V/PebbleApplication(29778): [NotificationUtil] >> RemoteInput Bundle extras:
V/PebbleApplication(29778): [Analytics] logNotificationEvent: '{hasContentIntent=1, notifications_enabled=true, contentAction=-1, isClearable=1, isGroupSummary=0, wearActions=[{RemoteInputChoicesCount=11, RemoteInputLabel=Speak your reply, RemoteInputAllowsFreeform=1, RemoteInputChoicesMaxLen=32, RemoteInputCount=1, Title=Reply}], package_name=com.google.android.talk, app_version=2.4.78234730, pagesCount=0, wearActionCount=1, actionCount=0, app_name=Hangouts, actions=[]}'
V/PebbleApplication(29778): [AnalyticsLogger] Logged analytics event: events
D/PebbleApplication(29778): [PreferenceCache] commit()
D/PebbleApplication(29778): [MessageRouter] Sending request to normalEndpointSet for: EXTENSIBLE_NOTIFICATION
D/PebbleApplication(29778): [NormalEndpointSet] Sending request to NotificationEndpoint
D/PebbleApplication(29778): [NotificationEndpoint] Got request
D/PebbleApplication(29778): [NotificationEndpoint] sendUsingOldNotificationProtocol: id = 2
D/PebbleApplication(29778): [MessageSender] Sending message of type: PblOutboundNotificationMessage
D/PebbleApplication(29778): [RemoteDevice] size: 50
I/PebbleApplication(29778): [AbsDeviceService] Data sent to Pebble D0B5
D/PebbleApplication(29778): [PblNotificationProcessor] Notification sent = true (sentUsingExtensibleProtocol = false)
V/PebbleApplication(29763): [PblAsyncTask] submit() LoadPreferencesAsyncTask
V/PebbleApplication(29778): [PblAsyncTask] submit() LoadPreferencesAsyncTask
D/PebbleApplication(29778): [PreferenceCache] Size estimate from cursor: 1625
D/PebbleApplication(29763): [PreferenceCache] Size estimate from cursor: 1625
D/ConnectivityService(  776): handleInetConditionHoldEnd: net=1, condition=100, published condition=100
W/bt-btif ( 1581): dm_pm_timer expires
W/bt-btif ( 1581): dm_pm_timer expires 0
W/bt-btif ( 1581): proc dm_pm_timer expires
D/dalvikvm(12449): GC_CONCURRENT freed 523K, 4% free 18324K/19008K, paused 2ms+1ms, total 22ms
D/dalvikvm(12449): GC_CONCURRENT freed 446K, 4% free 18333K/19008K, paused 1ms+1ms, total 16ms
D/PebbleApplication(29778): [PblSyncService] onCreate()
D/PebbleApplication(29778): [PblSyncService] onBind()
D/PebbleApplication(29778): [PblSyncAdapter] onPerformSync start
V/PebbleApplication(29778): [AnalyticsLogger] Logged analytics event: events
E/PebbleApplication(29778): [PblSyncAdapter] Unable to derive a proper sync target, not syncing!
D/PebbleApplication(29778): [PblSyncAdapter] onPerformSync stop
D/PebbleApplication(29778): [PblSyncService] onUnbind()
D/PebbleApplication(29778): [PblSyncService] onDestroy()
I/GCM     (12449): GCM message com.google.android.talk 0:1415820076649217%5a539273f9fd7ecd:dr:com.google.android.talk:dr:2615154502@google.com:dr:0:1415820076649217%5a539273f9fd7ecd
D/dalvikvm(31773): GC_CONCURRENT freed 3261K, 10% free 31143K/34436K, paused 2ms+3ms, total 50ms
D/dalvikvm(  776): GC_EXPLICIT freed 3098K, 20% free 35078K/43452K, paused 3ms+5ms, total 97ms
V/PebbleApplication(29778): [PblNotificationService] onNotificationPosted(StatusBarNotification(pkg=com.google.android.talk user=UserHandle{0} id=0 tag=com.google.android.talk:chat:1 score=10: Notification(pri=1 contentView=com.google.android.talk/0x1090064 vibrate=default sound=android.resource://com.google.android.talk/raw/2131230729 defaults=0x6 flags=0x11 kind=[null])))
V/PebbleApplication(29778): [NotificationExtractor] from 'Test
V/PebbleApplication(29778): Location
V/PebbleApplication(29778): Picture' to 'Test
V/PebbleApplication(29778): Location
V/PebbleApplication(29778): Picture
V/PebbleApplication(29778): Test  Picture'
V/PebbleApplication(29778): [NotificationExtractor] Replacing 'Test
V/PebbleApplication(29778): Location
V/PebbleApplication(29778): Picture
V/PebbleApplication(29778): Test  Picture' with 'Test  Picture'
D/PebbleApplication(29778): [Actions] Adding PblNotificationOpenOnPhoneAction id = 1 title = Open on phone
D/PebbleApplication(29778): [PblNotification] Notification is clearable by Pebble Android
D/PebbleApplication(29778): [Actions] Adding PblNotificationDismissAction id = 2
D/dalvikvm(29778): GC_FOR_ALLOC freed 1504K, 13% free 18297K/20888K, paused 14ms, total 15ms
I/dalvikvm-heap(29778): Grow heap (frag case) to 18.874MB for 1024016-byte allocation
D/dalvikvm(29778): GC_FOR_ALLOC freed <1K, 8% free 19296K/20888K, paused 17ms, total 17ms
D/PebbleApplication(29778): [PblNotification] Found 1 wearable actions
D/PebbleApplication(29778): [PblNotification] Found valid remote inputs
D/PebbleApplication(29778): [PblNotification] Found remote input with free form input
D/PebbleApplication(29778): [PblNotificationProcessor] New notification from: com.google.android.talk
V/PebbleApplication(29778): [NotificationUtil] dumpNotification()
V/PebbleApplication(29778): [NotificationUtil] package: com.google.android.talk tag: com.google.android.talk:chat:1 key: null isClearable: true
V/PebbleApplication(29778): [NotificationUtil] isOngoing: false id: 0 postTime: 1415820076928 when: 1415820076416
V/PebbleApplication(29778): [NotificationUtil] isGroupSummary: false contentAction: -1
V/PebbleApplication(29778): [NotificationUtil] category: null number: 0
V/PebbleApplication(29778): [NotificationUtil] hasContentIntent: true tickerText: Jathusan Thiruchelvanathan: Test
V/PebbleApplication(29778): [NotificationUtil] > Notification extras: 
V/PebbleApplication(29778): [NotificationUtil] >> Extra: key = android.title type = String value = Jathusan Thiruchelvanathan
V/PebbleApplication(29778): [NotificationUtil] >> Extra: key = android.subText type =  value = null
V/PebbleApplication(29778): [NotificationUtil] >> Extra: key = on_read type = PendingIntent value = PendingIntent{427ecaa8: android.os.BinderProxy@427415a8}
V/PebbleApplication(29778): [NotificationUtil] >> Extra: key = android.showChronometer type = Boolean value = false
V/PebbleApplication(29778): [NotificationUtil] >> Extra: key = android.icon type = Integer value = 2130838899
V/PebbleApplication(29778): [NotificationUtil] >> Extra: key = android.text type = SpannableString value = Test
V/PebbleApplication(29778): Location
V/PebbleApplication(29778): Picture
V/PebbleApplication(29778): Test  Picture
V/PebbleApplication(29778): [NotificationUtil] >> Extra: key = android.progress type = Integer value = 0
V/PebbleApplication(29778): [NotificationUtil] >> Extra: key = android.progressMax type = Integer value = 0
V/PebbleApplication(29778): [NotificationUtil] >> Extra: key = android.showWhen type = Boolean value = true
V/PebbleApplication(29778): [NotificationUtil] >> Extra: key = android.largeIcon type = Bitmap value = android.graphics.Bitmap@427af800
V/PebbleApplication(29778): [NotificationUtil] >> Extra: key = android.infoText type =  value = null
V/PebbleApplication(29778): [NotificationUtil] >> Extra: key = android.wearable.EXTENSIONS type = Bundle value = Bundle[{background=android.graphics.Bitmap@42846de8, actions=[Bundle[{extras=Bundle[EMPTY_PARCEL], remoteInputs=[Landroid.os.Bundle;@42881960, icon=2130838723, title=Reply, actionIntent=PendingIntent{4286fe58: android.os.BinderProxy@4289d990}}]]}]
V/PebbleApplication(29778): [NotificationUtil] >> Extra: key = android.progressIndeterminate type = Boolean value = false
V/PebbleApplication(29778): [NotificationUtil] >> Extra: key = android.scoreModified type = Boolean value = false
V/PebbleApplication(29778): [NotificationUtil] pages count = 0
V/PebbleApplication(29778): [NotificationUtil] action count: 0
V/PebbleApplication(29778): [NotificationUtil] WearableExtender action count: 1
V/PebbleApplication(29778): [NotificationUtil] > Action 0: Reply
V/PebbleApplication(29778): [NotificationUtil] >> Action Bundle extras
V/PebbleApplication(29778): [NotificationUtil] >> Remote input count: 1
V/PebbleApplication(29778): [NotificationUtil] >> Remote input 0: Speak your reply
V/PebbleApplication(29778): [NotificationUtil] >> Supports remote input: true
V/PebbleApplication(29778): [NotificationUtil] >> Choices: 
V/PebbleApplication(29778): [NotificationUtil] Yes, 
V/PebbleApplication(29778): [NotificationUtil] No, 
V/PebbleApplication(29778): [NotificationUtil] OK, 
V/PebbleApplication(29778): [NotificationUtil] Hehe, 
V/PebbleApplication(29778): [NotificationUtil] Thanks, 
V/PebbleApplication(29778): [NotificationUtil] I agree, 
V/PebbleApplication(29778): [NotificationUtil] Nice, 
V/PebbleApplication(29778): [NotificationUtil] On my way, 
V/PebbleApplication(29778): [NotificationUtil] OK, let me get back to you later, 
V/PebbleApplication(29778): [NotificationUtil] :), 
V/PebbleApplication(29778): [NotificationUtil] :(, 
V/PebbleApplication(29778): [NotificationUtil] >> RemoteInput Bundle extras:
V/PebbleApplication(29778): [Analytics] logNotificationEvent: '{hasContentIntent=1, notifications_enabled=true, contentAction=-1, isClearable=1, isGroupSummary=0, wearActions=[{RemoteInputChoicesCount=11, RemoteInputLabel=Speak your reply, RemoteInputAllowsFreeform=1, RemoteInputChoicesMaxLen=32, RemoteInputCount=1, Title=Reply}], package_name=com.google.android.talk, app_version=2.4.78234730, pagesCount=0, wearActionCount=1, actionCount=0, app_name=Hangouts, actions=[]}'
V/PebbleApplication(29778): [AnalyticsLogger] Logged analytics event: events
D/PebbleApplication(29778): [PreferenceCache] commit()
D/PebbleApplication(29778): [MessageRouter] Sending request to normalEndpointSet for: EXTENSIBLE_NOTIFICATION
D/PebbleApplication(29778): [NormalEndpointSet] Sending request to NotificationEndpoint
D/PebbleApplication(29778): [NotificationEndpoint] Got request
D/PebbleApplication(29778): [NotificationEndpoint] sendUsingOldNotificationProtocol: id = 3
D/PebbleApplication(29778): [MessageSender] Sending message of type: PblOutboundNotificationMessage
D/PebbleApplication(29778): [RemoteDevice] size: 56
D/PebbleApplication(29778): [PblNotificationProcessor] Notification sent = true (sentUsingExtensibleProtocol = false)
I/PebbleApplication(29778): [AbsDeviceService] Data sent to Pebble D0B5
V/PebbleApplication(29763): [PblAsyncTask] submit() LoadPreferencesAsyncTask
V/PebbleApplication(29778): [PblAsyncTask] submit() LoadPreferencesAsyncTask
D/PebbleApplication(29763): [PreferenceCache] Size estimate from cursor: 1625
D/PebbleApplication(29778): [PreferenceCache] Size estimate from cursor: 1625
D/ConnectivityService(  776): handleInetConditionHoldEnd: net=1, condition=100, published condition=100
D/dalvikvm(  888): GC_CONCURRENT freed 1998K, 53% free 22634K/47808K, paused 2ms+3ms, total 19ms
W/bt-btif ( 1581): dm_pm_timer expires
W/bt-btif ( 1581): dm_pm_timer expires 0
W/bt-btif ( 1581): proc dm_pm_timer expires
V/QcrilMsgTunnelSocket( 1805): After reading offset = 0 remaining = 4 countRead = 4
D/QcrilMsgTunnelSocket( 1805): messageLength extracted from first 4 inputStream reads = 29
V/QcrilMsgTunnelSocket( 1805): offset = 0 remaining = 29 countRead = 0
V/QcrilMsgTunnelSocket( 1805): offset = 0 remaining = 29 countRead = 29
D/QcrilMsgTunnelSocket( 1805): readRilMessage: Buffer = [B@42680ea8 HexData = [0100000004040000110000005155414c434f4d4def0308000100000003]
V/QcrilMsgTunnelSocket( 1805): Read packet: 29 bytes. Data Available = 32 Position = 0
D/QcrilMsgTunnelSocket( 1805): processResponse. message type = 1. Data Available = 28
D/QcrilMsgTunnelSocket( 1805): ByteArray from parcel = 5155414c434f4d4def0308000100000003
D/QcrilMsgTunnelSocket( 1805): Received RIL_UNSOL_OEM_HOOK_RAW message
D/QcrilMsgTunnelSocket( 1805): Oem ID in RIL_UNSOL_OEM_HOOK_RAW is QUALCOMM
D/QcrilMsgTunnelSocket( 1805): OEM ID check Passed
D/QcrilMsgTunnelSocket( 1805): Response ID in RIL_UNSOL_OEM_HOOK_RAW is 525295
D/QcrilMsgTunnelSocket( 1805): Response ID 525295is not served in this process.
D/QcrilMsgTunnelSocket( 1805): To broadcast an Intent via the notifier to external apps
V/QcrilMsgTunnelSocket( 1805): Before reading offset = 0 remaining = 4 countRead = 0
D/QcrilMsgTunnelIfaceManager( 1805): handleMessage what=0
D/QcrilMsgTunnelIfaceManager( 1805): Broadcasting intent ACTION_UNSOL_RESPONSE_OEM_HOOK_RAW
D/PebbleApplication(29778): [PblSyncService] onCreate()
D/PebbleApplication(29778): [PblSyncService] onBind()
D/PebbleApplication(29778): [PblSyncAdapter] onPerformSync start
E/PebbleApplication(29778): [PblSyncAdapter] Unable to derive a proper sync target, not syncing!
D/PebbleApplication(29778): [PblSyncAdapter] onPerformSync stop
V/PebbleApplication(29778): [AnalyticsLogger] Logged analytics event: events
D/PebbleApplication(29778): [PblSyncService] onUnbind()
D/PebbleApplication(29778): [PblSyncService] onDestroy()
I/GCM     (12449): GCM message GSYNC_TICKLE 0:1415820185812693%0#e7a7135305a599f5
I/SubscribedFeeds(12449): Received message
D/CalendarSyncAdapter(30301): Changed feedId -> lsl3g1d9saglg212171hp1iq88@group.calendar.google.com
D/ConnectivityService(  776): handleInetConditionHoldEnd: net=1, condition=100, published condition=100
D/dalvikvm(30301): GC_CONCURRENT freed 397K, 3% free 17254K/17736K, paused 13ms+2ms, total 45ms
V/CalendarSyncAdapter(30301): Saving inProgress state: {calendarId=lsl3g1d9saglg212171hp1iq88@group.calendar.google.com, maxAttendees=50, maxResults=200, timeMax=2015-12-01T00:00:00.000Z, updatedMin=2014-11-12T17:59:10.582Z}
D/dalvikvm(30301): GC_CONCURRENT freed 440K, 4% free 17198K/17736K, paused 1ms+1ms, total 10ms
D/CalendarSyncAdapter(30301): Found 0 events marked dirty & lastSynced
D/dalvikvm(25306): GC_CONCURRENT freed 379K, 3% free 16960K/17448K, paused 1ms+2ms, total 12ms
V/DeadZone(  888): consuming errant click: (384.0,80.0)
V/PanelView(  888): animationTick called with dtms=0; nothing to do (h=1221.0 v=-9000.0)
W/InputMethodManagerService(  776): Window already focused, ignoring focus gain of: com.android.internal.view.IInputMethodClient$Stub$Proxy@42faa500 attribute=null, token = android.os.BinderProxy@42effde0
D/dalvikvm( 2114): GC_FOR_ALLOC freed 888K, 11% free 18766K/20932K, paused 37ms, total 37ms
I/HotwordRecognitionRnr( 2114): Starting hotword detection.
I/MicrophoneInputStream( 2114): mic_starting fib@42842cd8
D/dalvikvm( 2114): GC_CONCURRENT freed 22K, 8% free 19391K/20932K, paused 2ms+7ms, total 26ms
D/audio_hw_primary(  185): select_devices: out_snd_device(0: ) in_snd_device(35: voice-rec-mic)
D/        (  185): Failed to fetch the lookup information of the device 0000003E 
E/ACDB-LOADER(  185): Error: ACDB AudProc vol returned = -19
I/HotwordWorker( 2114): onReady
I/MicrophoneInputStream( 2114): mic_close fib@42842cd8
I/HotwordRecognitionRnr( 2114): Hotword detection finished
I/HotwordRecognitionRnr( 2114): Stopping hotword detection.
I/ActivityManager(  776): START u0 {act=android.intent.action.MAIN cat=[android.intent.category.LAUNCHER] flg=0x10200000 cmp=com.getpebble.android/.main.activity.MainActivity (has extras)} from pid 1091
V/PebbleApplication(29763): [OnboardingActivity] onStart()
D/PebbleApplication(29763): [AnalyticsLogger] Not framework process; not directly uploading analytics - forward to framework
D/PebbleApplication(29778): [PblFrameworkManager] Received request to send an analytics event
V/PebbleApplication(29778): [AnalyticsLogger] Logged analytics event: events
V/PebbleApplication(29763): [OnboardingActivity] onResume()
V/PebbleApplication(29763): [OnboardingActivity] getCurrentFragment()::Fragment[MyPebbleFragment{429216d0 #1 id=0x7f080019}]
V/PebbleApplication(29763): [OnboardingActivity] getCurrentFragment()::Fragment[MyPebbleFragment{429216d0 #1 id=0x7f080019}]
D/PebbleApplication(29778): [AnalyticsLogger] uploadAnalytics (:framework)
D/PebbleApplication(29763): [LoadedWatchappsContainerView] redraw()
D/PebbleApplication(29763): [SyncBootConfig] Not syncing BootConfig - too soon since last sync
V/PebbleApplication(29763): [OnboardingActivity] getCurrentFragment()::Fragment[MyPebbleFragment{429216d0 #1 id=0x7f080019}]
D/PebbleApplication(29763): [OnboardingActivity] Current fragment: class com.getpebble.android.main.sections.mypebble.fragment.MyPebbleFragment
D/PebbleApplication(29763): [PreferenceCache] addListener()
V/PebbleApplication(29763): [OnboardingActivity] getCurrentFragment()::Fragment[MyPebbleFragment{429216d0 #1 id=0x7f080019}]
D/PebbleApplication(29763): [OnboardingActivity] runPrfInstallIfNeeded: firmware = v2.8-beta5
V/PebbleApplication(29763): [OnboardingActivity] getCurrentFragment()::Fragment[MyPebbleFragment{429216d0 #1 id=0x7f080019}]
D/PebbleApplication(29763): [LockerAppsPagerAdapter] Restarting the loader
D/PebbleApplication(29763): [LockerAppsPagerAdapter] Creating watchapps loader
D/PebbleApplication(29763): [LockerAppsPagerAdapter] Setting device address to: 00:17:E9:6A:D0:B5
D/PebbleApplication(29763): [MyPebbleFragment] Can nag for firmware update
V/PebbleApplication(29763): [PblAsyncTask] submit() FirmwareUpdateCheckTask
D/PebbleApplication(29763): [FirmwareUpdateCheckTask] Starting update check task
I/PebbleApplication(29763): [FirmwareUpdateCheckTask] No firmware found
D/PebbleApplication(29763): [MyPebbleFragment] No firmware found
D/PebbleApplication(29763): [LockerAppsPagerAdapter] onLoadFinished
V/PebbleApplication(29763): [AsyncImageView] fetch('https://assets.getpebble.com/api/file/HhWBbyQSTKaA6s5Ks0FA/convert?cache=true&w=144&h=168&fit=crop')
V/PebbleApplication(29763): [AsyncImageView] fetch('https://assets.getpebble.com/api/file/2tFek2WaSO6ghaMXPzW0/convert?cache=true&w=144&h=168&fit=crop')
V/PebbleApplication(29763): [AsyncImageView] fetch('https://assets.getpebble.com/api/file/JPmJUNEsTT6NRGyrK0qK/convert?cache=true&w=144&h=168&fit=crop')
V/PebbleApplication(29763): [AsyncImageView] fetch('https://assets.getpebble.com/api/file/ecs6W0gETzKKd1WvCXqz/convert?cache=true&w=144&h=168&fit=crop')
V/PebbleApplication(29763): [AsyncImageView] fetch('https://assets.getpebble.com/api/file/ADS33k1lS0et0kRo1aQu/convert?cache=true&w=144&h=168&fit=crop')
V/PebbleApplication(29763): [AsyncImageView] fetch('https://assets.getpebble.com/api/file/97JReoplTU6kVq557mrJ/convert?cache=true&w=144&h=168&fit=crop')
D/dalvikvm(29778): GC_FOR_ALLOC freed 1884K, 13% free 18281K/20888K, paused 17ms, total 18ms
V/PebbleApplication(29763): [AsyncImageView] fetch('https://assets.getpebble.com/api/file/nL8Rpn0Sr2xPvqnX0XVc/convert?cache=true&w=144&h=168&fit=crop')
V/PebbleApplication(29763): [AsyncImageView] fetch('https://assets.getpebble.com/api/file/1nxt7YNKREGoKSTUQdad/convert?cache=true&w=144&h=168&fit=crop')
V/PebbleApplication(29763): [AsyncImageView] fetch('https://assets.getpebble.com/api/file/YttjLOT8QBe1Kf2p9XOg/convert?cache=true&w=144&h=168&fit=crop')
V/PebbleApplication(29763): [AsyncImageView] fetch('https://assets.getpebble.com/api/file/SYtW0aGvQO2U4t6pcIsL/convert?cache=true&w=144&h=168&fit=crop')
V/PebbleApplication(29763): [AsyncImageView] fetch('https://assets.getpebble.com/api/file/i9BTW0iITKaBmfGDnepW/convert?cache=true&w=144&h=168&fit=crop')
V/PebbleApplication(29763): [AsyncImageView] fetch('https://assets.getpebble.com/api/file/KuqJvP4QCmOfSBAil6hj/convert?cache=true&w=144&h=168&fit=crop')
D/PebbleApplication(29778): [AnalyticsLogger] All events uploaded successfully.
V/PebbleApplication(29763): [AsyncImageView] fetch('https://assets.getpebble.com/api/file/HhWBbyQSTKaA6s5Ks0FA/convert?cache=true&w=144&h=168&fit=crop')
V/PebbleApplication(29763): [AsyncImageView] fetch('https://assets.getpebble.com/api/file/2tFek2WaSO6ghaMXPzW0/convert?cache=true&w=144&h=168&fit=crop')
V/PebbleApplication(29763): [OnboardingActivity] getCurrentFragment()::Fragment[MyPebbleFragment{429216d0 #1 id=0x7f080019}]
V/PebbleApplication(29763): [OnboardingActivity] switchFragment(NotificationSettingsFragment{4297f460}, true, true)
V/PebbleApplication(29763): [OnboardingActivity] getCurrentFragment()::Fragment[MyPebbleFragment{429216d0 #1 id=0x7f080019}]
D/PebbleApplication(29763): [PreferenceCache] commit()
D/PebbleApplication(29763): [ProcessUtil] processName = 'com.getpebble.android:ui'
V/PebbleApplication(29763): [OnboardingActivity] getCurrentFragment()::Fragment[NotificationSettingsFragment{4297f460 #2 id=0x7f080019}]
V/PebbleApplication(29763): [OnboardingActivity] getCurrentFragment()::Fragment[NotificationSettingsFragment{4297f460 #2 id=0x7f080019}]
V/PebbleApplication(29763): [OnboardingActivity] getCurrentFragment()::Fragment[NotificationSettingsFragment{4297f460 #2 id=0x7f080019}]
D/PebbleApplication(29763): [OnboardingActivity] Current fragment: class com.getpebble.android.main.sections.notifications.NotificationSettingsFragment
V/PebbleApplication(29763): [OnboardingActivity] getCurrentFragment()::Fragment[NotificationSettingsFragment{4297f460 #2 id=0x7f080019}]
V/PebbleApplication(29763): [OnboardingActivity] getCurrentFragment()::Fragment[NotificationSettingsFragment{4297f460 #2 id=0x7f080019}]
V/PebbleApplication(29763): [OnboardingActivity] getCurrentFragment()::Fragment[NotificationSettingsFragment{4297f460 #2 id=0x7f080019}]
V/PebbleApplication(29778): [PblAsyncTask] submit() LoadPreferencesAsyncTask
V/PebbleApplication(29763): [PblAsyncTask] submit() LoadPreferencesAsyncTask
V/PebbleApplication(29763): [OnboardingActivity] getCurrentFragment()::Fragment[NotificationSettingsFragment{4297f460 #2 id=0x7f080019}]
V/PebbleApplication(29763): [OnboardingActivity] getCurrentFragment()::Fragment[NotificationSettingsFragment{4297f460 #2 id=0x7f080019}]
D/PebbleApplication(29763): [OnboardingActivity] Current fragment: class com.getpebble.android.main.sections.notifications.NotificationSettingsFragment
V/PebbleApplication(29778): [PblAsyncTask] submit() LoadPreferencesAsyncTask
D/PebbleApplication(29778): [PreferenceCache] Size estimate from cursor: 1718
D/dalvikvm(29763): GC_FOR_ALLOC freed 2429K, 28% free 25350K/34892K, paused 28ms, total 29ms
V/PebbleApplication(29763): [PblAsyncTask] submit() LoadPreferencesAsyncTask
D/PebbleApplication(29778): [PreferenceCache] Size estimate from cursor: 1718
D/PebbleApplication(29763): [PreferenceCache] Size estimate from cursor: 1674
D/PebbleApplication(29763): [PreferenceCache] Size estimate from cursor: 1718
V/PebbleApplication(29778): [PblAsyncTask] submit() LoadPreferencesAsyncTask
V/PebbleApplication(29763): [PblAsyncTask] submit() LoadPreferencesAsyncTask
D/dalvikvm(29778): GC_FOR_ALLOC freed 618K, 13% free 18194K/20888K, paused 14ms, total 14ms
D/PebbleApplication(29778): [PreferenceCache] Size estimate from cursor: 1769
D/PebbleApplication(29763): [PreferenceCache] Size estimate from cursor: 1769
V/PebbleApplication(29763): [PblAsyncTask] submit() LoadPreferencesAsyncTask
V/PebbleApplication(29778): [PblAsyncTask] submit() LoadPreferencesAsyncTask
D/PebbleApplication(29778): [PreferenceCache] Size estimate from cursor: 1818
D/PebbleApplication(29763): [PreferenceCache] Size estimate from cursor: 1818
D/PebbleApplication(29763): [PreferenceCache] commit()
D/PebbleApplication(29763): [PreferenceCache] commit()
V/PebbleApplication(29778): [PblAsyncTask] submit() LoadPreferencesAsyncTask
V/PebbleApplication(29763): [PblAsyncTask] submit() LoadPreferencesAsyncTask
D/PebbleApplication(29763): [PreferenceCache] commit()
D/PebbleApplication(29778): [PreferenceCache] Size estimate from cursor: 1864
D/PebbleApplication(29763): [PreferenceCache] commit()
D/PebbleApplication(29763): [PreferenceCache] commit()
V/PebbleApplication(29778): [PblAsyncTask] submit() LoadPreferencesAsyncTask
V/PebbleApplication(29763): [PblAsyncTask] submit() LoadPreferencesAsyncTask
D/PebbleApplication(29763): [PreferenceCache] commit()
D/PebbleApplication(29763): [PreferenceCache] commit()
D/PebbleApplication(29763): [PreferenceCache] commit()
D/PebbleApplication(29763): [PreferenceCache] commit()
D/PebbleApplication(29763): [PreferenceCache] Size estimate from cursor: 1918
D/PebbleApplication(29763): [PreferenceCache] Size estimate from cursor: 1918
D/PebbleApplication(29763): [PreferenceCache] commit()
D/PebbleApplication(29778): [PreferenceCache] Size estimate from cursor: 1918
D/PebbleApplication(29763): [PreferenceCache] commit()
V/PebbleApplication(29763): [PblAsyncTask] submit() LoadPreferencesAsyncTask
V/PebbleApplication(29778): [PblAsyncTask] submit() LoadPreferencesAsyncTask
D/PebbleApplication(29763): [PreferenceCache] commit()
D/PebbleApplication(29778): [PreferenceCache] Size estimate from cursor: 1959
D/PebbleApplication(29763): [PreferenceCache] commit()
D/PebbleApplication(29763): [PreferenceCache] Size estimate from cursor: 1959
V/PebbleApplication(29763): [PblAsyncTask] submit() LoadPreferencesAsyncTask
V/PebbleApplication(29778): [PblAsyncTask] submit() LoadPreferencesAsyncTask
D/PebbleApplication(29778): [PreferenceCache] Size estimate from cursor: 2010
D/PebbleApplication(29763): [PreferenceCache] Size estimate from cursor: 2010
D/PebbleApplication(29763): [PreferenceCache] commit()
D/PebbleApplication(29763): [PreferenceCache] commit()
V/PebbleApplication(29763): [PblAsyncTask] submit() LoadPreferencesAsyncTask
V/PebbleApplication(29778): [PblAsyncTask] submit() LoadPreferencesAsyncTask
D/PebbleApplication(29763): [PreferenceCache] commit()
D/PebbleApplication(29763): [PreferenceCache] commit()
D/PebbleApplication(29778): [PreferenceCache] Size estimate from cursor: 2053
D/PebbleApplication(29763): [PreferenceCache] commit()
D/PebbleApplication(29763): [PreferenceCache] Size estimate from cursor: 2053
D/PebbleApplication(29763): [PreferenceCache] commit()
D/PebbleApplication(29763): [PreferenceCache] commit()
D/PebbleApplication(29763): [PreferenceCache] commit()
V/PebbleApplication(29778): [PblAsyncTask] submit() LoadPreferencesAsyncTask
D/PebbleApplication(29778): [PreferenceCache] Size estimate from cursor: 2100
D/dalvikvm(29763): GC_FOR_ALLOC freed 1194K, 23% free 26964K/34892K, paused 17ms, total 17ms
V/PebbleApplication(29763): [PblAsyncTask] submit() LoadPreferencesAsyncTask
D/PebbleApplication(29763): [PreferenceCache] commit()
D/PebbleApplication(29763): [PreferenceCache] commit()
V/PebbleApplication(29763): [PblAsyncTask] submit() LoadPreferencesAsyncTask
V/PebbleApplication(29778): [PblAsyncTask] submit() LoadPreferencesAsyncTask
D/PebbleApplication(29778): [PreferenceCache] Size estimate from cursor: 2157
D/PebbleApplication(29763): [PreferenceCache] commit()
D/PebbleApplication(29763): [PreferenceCache] Size estimate from cursor: 2157
D/PebbleApplication(29763): [PreferenceCache] commit()
D/PebbleApplication(29763): [PreferenceCache] Size estimate from cursor: 2157
D/PebbleApplication(29763): [PreferenceCache] commit()
V/PebbleApplication(29763): [PblAsyncTask] submit() LoadPreferencesAsyncTask
V/PebbleApplication(29778): [PblAsyncTask] submit() LoadPreferencesAsyncTask
D/PebbleApplication(29763): [PreferenceCache] commit()
D/PebbleApplication(29778): [PreferenceCache] Size estimate from cursor: 2208
D/PebbleApplication(29763): [PreferenceCache] commit()
D/PebbleApplication(29763): [PreferenceCache] commit()
V/PebbleApplication(29763): [PblAsyncTask] submit() LoadPreferencesAsyncTask
V/PebbleApplication(29778): [PblAsyncTask] submit() LoadPreferencesAsyncTask
D/PebbleApplication(29763): [PreferenceCache] Size estimate from cursor: 2247
D/dalvikvm(29778): GC_FOR_ALLOC freed 465K, 13% free 18240K/20888K, paused 12ms, total 12ms
D/PebbleApplication(29763): [PreferenceCache] Size estimate from cursor: 2247
D/PebbleApplication(29778): [PreferenceCache] Size estimate from cursor: 2247
V/PebbleApplication(29778): [PblAsyncTask] submit() LoadPreferencesAsyncTask
D/PebbleApplication(29778): [PreferenceCache] Size estimate from cursor: 2294
D/dalvikvm(29763): GC_FOR_ALLOC freed 282K, 21% free 27578K/34892K, paused 16ms, total 16ms
I/dalvikvm-heap(29763): Grow heap (frag case) to 35.960MB for 9437200-byte allocation
D/dalvikvm(  776): GC_EXPLICIT freed 2137K, 20% free 35069K/43452K, paused 1ms+5ms, total 94ms
D/dalvikvm(29763): GC_FOR_ALLOC freed 2K, 17% free 36791K/44112K, paused 20ms, total 20ms
V/PebbleApplication(29763): [PblAsyncTask] submit() LoadPreferencesAsyncTask
