D/PebbleApplication(29763): [OnboardingActivity] Current fragment: class com.getpebble.android.main.sections.mypebble.fragment.MyPebbleFragment
V/PebbleApplication(29763): [OnboardingActivity] onStart()
D/PebbleApplication(29763): [PreferenceCache] Size estimate from cursor: 914
V/PebbleApplication(29763): [OnboardingActivity] onResume()
V/PebbleApplication(29763): [OnboardingActivity] getCurrentFragment()::Fragment[MyPebbleFragment{42808890 #1 id=0x7f080019}]
V/PebbleApplication(29763): [OnboardingActivity] getCurrentFragment()::Fragment[MyPebbleFragment{42808890 #1 id=0x7f080019}]
D/PebbleApplication(29763): [LoadedWatchappsContainerView] redraw()
D/PebbleApplication(29763): [SyncBootConfig] Not syncing BootConfig - too soon since last sync
V/PebbleApplication(29763): [OnboardingActivity] getCurrentFragment()::Fragment[MyPebbleFragment{42808890 #1 id=0x7f080019}]
D/PebbleApplication(29763): [OnboardingActivity] Current fragment: class com.getpebble.android.main.sections.mypebble.fragment.MyPebbleFragment
D/PebbleApplication(29763): [PreferenceCache] addListener()
V/PebbleApplication(29763): [OnboardingActivity] getCurrentFragment()::Fragment[MyPebbleFragment{42808890 #1 id=0x7f080019}]
V/PebbleApplication(29778): [AnalyticsLogger] Logged analytics event: events
D/PebbleApplication(29778): [PblFrameworkManager] Received request to send an analytics event
V/PebbleApplication(29778): [AnalyticsLogger] Logged analytics event: events
D/dalvikvm(29763): GC_FOR_ALLOC freed 1376K, 40% free 21164K/34892K, paused 21ms, total 21ms
D/PebbleApplication(29763): [LockerAppsPagerAdapter] Restarting the loader
D/PebbleApplication(29763): [LockerAppsPagerAdapter] Creating watchapps loader
D/PebbleApplication(29763): [LockerAppsPagerAdapter] Setting device address to: 00:17:E9:6A:D0:B5
D/PebbleApplication(29763): [MyPebbleFragment] Can nag for firmware update
V/PebbleApplication(29763): [PblAsyncTask] submit() FirmwareUpdateCheckTask
D/PebbleApplication(29763): [FirmwareUpdateCheckTask] Starting update check task
I/PebbleApplication(29763): [FirmwareUpdateCheckTask] No firmware found
D/PebbleApplication(29763): [MyPebbleFragment] No firmware found
D/PebbleApplication(29763): [LockerAppsPagerAdapter] onLoadFinished
D/PebbleApplication(29763): [LockerAppsPagerAdapter] adding adapter at index: 0
D/PebbleApplication(29763): [LockerAppsPagerAdapter] adding adapter at index: 1
D/PebbleApplication(29763): [LockerAppsPagerAdapter] adding adapter at index: 2
D/PebbleApplication(29763): [LockerAppsPagerAdapter] adding adapter at index: 3
D/PebbleApplication(29763): [LockerAppsPagerAdapter] adding adapter at index: 4
D/PebbleApplication(29763): [LockerAppsPagerAdapter] adding adapter at index: 5
D/PebbleApplication(29763): [LockerAppsPagerAdapter] adding adapter at index: 6
V/PebbleApplication(29763): [AsyncImageView] fetch('https://assets.getpebble.com/api/file/HhWBbyQSTKaA6s5Ks0FA/convert?cache=true&w=144&h=168&fit=crop')
V/PebbleApplication(29763): [AsyncImageView] fetch('https://assets.getpebble.com/api/file/2tFek2WaSO6ghaMXPzW0/convert?cache=true&w=144&h=168&fit=crop')
V/PebbleApplication(29763): [AsyncImageView] fetch('https://assets.getpebble.com/api/file/JPmJUNEsTT6NRGyrK0qK/convert?cache=true&w=144&h=168&fit=crop')
V/PebbleApplication(29763): [AsyncImageView] fetch('https://assets.getpebble.com/api/file/ecs6W0gETzKKd1WvCXqz/convert?cache=true&w=144&h=168&fit=crop')
V/PebbleApplication(29763): [AsyncImageView] fetch('https://assets.getpebble.com/api/file/ADS33k1lS0et0kRo1aQu/convert?cache=true&w=144&h=168&fit=crop')
V/PebbleApplication(29763): [AsyncImageView] fetch('https://assets.getpebble.com/api/file/97JReoplTU6kVq557mrJ/convert?cache=true&w=144&h=168&fit=crop')
V/PebbleApplication(29763): [AsyncImageView] fetch('https://assets.getpebble.com/api/file/nL8Rpn0Sr2xPvqnX0XVc/convert?cache=true&w=144&h=168&fit=crop')
V/PebbleApplication(29763): [AsyncImageView] fetch('https://assets.getpebble.com/api/file/1nxt7YNKREGoKSTUQdad/convert?cache=true&w=144&h=168&fit=crop')
V/PebbleApplication(29763): [AsyncImageView] fetch('https://assets.getpebble.com/api/file/YttjLOT8QBe1Kf2p9XOg/convert?cache=true&w=144&h=168&fit=crop')
V/PebbleApplication(29763): [AsyncImageView] fetch('https://assets.getpebble.com/api/file/SYtW0aGvQO2U4t6pcIsL/convert?cache=true&w=144&h=168&fit=crop')
V/PebbleApplication(29763): [AsyncImageView] fetch('https://assets.getpebble.com/api/file/i9BTW0iITKaBmfGDnepW/convert?cache=true&w=144&h=168&fit=crop')
V/PebbleApplication(29763): [AsyncImageView] fetch('https://assets.getpebble.com/api/file/KuqJvP4QCmOfSBAil6hj/convert?cache=true&w=144&h=168&fit=crop')
D/dalvikvm(29763): GC_FOR_ALLOC freed 577K, 37% free 22079K/34892K, paused 14ms, total 14ms
V/PebbleApplication(29763): [AsyncImageView] fetch('https://assets.getpebble.com/api/file/HhWBbyQSTKaA6s5Ks0FA/convert?cache=true&w=144&h=168&fit=crop')
V/PebbleApplication(29763): [AsyncImageView] fetch('https://assets.getpebble.com/api/file/2tFek2WaSO6ghaMXPzW0/convert?cache=true&w=144&h=168&fit=crop')
D/dalvikvm(29763): GC_FOR_ALLOC freed 1634K, 37% free 22241K/34892K, paused 17ms, total 18ms
D/dalvikvm(29763): GC_FOR_ALLOC freed 1519K, 36% free 22572K/34892K, paused 20ms, total 20ms
D/dalvikvm(29763): GC_FOR_ALLOC freed 1727K, 35% free 22806K/34892K, paused 20ms, total 20ms
D/dalvikvm(29763): GC_FOR_ALLOC freed 1306K, 33% free 23496K/34892K, paused 24ms, total 24ms
V/PebbleApplication(29763): [OnboardingActivity] onStop()
V/PebbleApplication(29763): [OnboardingActivity] onDestroy()
D/dalvikvm(29763): GC_FOR_ALLOC freed 1092K, 30% free 24615K/34892K, paused 16ms, total 16ms
I/dalvikvm(29763): Jit: resizing JitTable from 4096 to 8192
W/bt-btif ( 1581): dm_pm_timer expires
W/bt-btif ( 1581): dm_pm_timer expires 0
W/bt-btif ( 1581): proc dm_pm_timer expires
D/PebbleApplication(29763): [PreferenceCache] commit()
V/PebbleApplication(29763): [OnboardingActivity] getCurrentFragment()::Fragment[MyPebbleFragment{42808890 #1 id=0x7f080019}]
V/PebbleApplication(29778): [PblAsyncTask] submit() LoadPreferencesAsyncTask
V/PebbleApplication(29763): [PblAsyncTask] submit() LoadPreferencesAsyncTask
D/PebbleApplication(29763): [PreferenceCache] Size estimate from cursor: 967
D/PebbleApplication(29778): [PreferenceCache] Size estimate from cursor: 967
D/PebbleApplication(29763): [PreferenceCache] commit()
I/ActivityManager(  776): START u0 {act=android.settings.ACTION_NOTIFICATION_LISTENER_SETTINGS cmp=com.android.settings/.Settings$NotificationAccessSettingsActivity} from pid 29763
D/dalvikvm(  776): GC_FOR_ALLOC freed 2072K, 20% free 35044K/43452K, paused 53ms, total 53ms
V/PebbleApplication(29763): [PblAsyncTask] submit() LoadPreferencesAsyncTask
D/dalvikvm(29778): GC_FOR_ALLOC freed 489K, 9% free 18169K/19884K, paused 12ms, total 12ms
V/PebbleApplication(29778): [PblAsyncTask] submit() LoadPreferencesAsyncTask
D/PebbleApplication(29778): [PreferenceCache] Size estimate from cursor: 1033
D/PebbleApplication(29763): [PreferenceCache] commit()
V/PebbleApplication(29763): [OnboardingActivity] onPause()
D/PebbleApplication(29763): [PreferenceCache] removeListener()
D/PebbleApplication(29763): [PreferenceCache] Size estimate from cursor: 1033
V/PebbleApplication(29763): [PblAsyncTask] submit() LoadPreferencesAsyncTask
V/PebbleApplication(29778): [PblAsyncTask] submit() LoadPreferencesAsyncTask
D/PebbleApplication(29778): [PreferenceCache] Size estimate from cursor: 1073
D/dalvikvm(30383): GC_CONCURRENT freed 273K, 2% free 17938K/18260K, paused 2ms+3ms, total 44ms
D/dalvikvm(29763): GC_FOR_ALLOC freed 2250K, 29% free 25007K/34892K, paused 38ms, total 38ms
D/PebbleApplication(29763): [PreferenceCache] Size estimate from cursor: 1073
I/ActivityManager(  776): Displayed com.android.settings/.Settings$NotificationAccessSettingsActivity: +203ms
V/PebbleApplication(29763): [OnboardingActivity] onSaveInstanceState(Bundle[{}])
V/PebbleApplication(29763): [OnboardingActivity] onStop()
D/PebbleApplication(29778): [PblFrameworkManager] Received request to send an analytics event
D/PebbleApplication(29763): [AnalyticsLogger] Not framework process; not directly uploading analytics - forward to framework
V/PebbleApplication(29778): [AnalyticsLogger] Logged analytics event: events
D/PebbleApplication(29778): [AnalyticsLogger] uploadAnalytics (:framework)
D/dalvikvm(29778): GC_FOR_ALLOC freed 437K, 9% free 18242K/19884K, paused 13ms, total 13ms
D/dalvikvm(29778): GC_FOR_ALLOC freed 439K, 8% free 18320K/19884K, paused 13ms, total 13ms
D/dalvikvm(29778): GC_FOR_ALLOC freed 470K, 8% free 18391K/19884K, paused 12ms, total 12ms
D/dalvikvm(29778): GC_FOR_ALLOC freed 503K, 8% free 18453K/19884K, paused 12ms, total 12ms
D/dalvikvm(29778): GC_FOR_ALLOC freed 358K, 7% free 18643K/19884K, paused 13ms, total 13ms
D/PebbleApplication(29778): [AnalyticsLogger] All events uploaded successfully.
V/PebbleApplication(29778): [PblNotificationService] onCreate()
I/dalvikvm(29778): Could not find method android.service.notification.StatusBarNotification.getKey, referenced from method com.getpebble.android.notifications.model.PblNotification.from
W/dalvikvm(29778): VFY: unable to resolve virtual method 849: Landroid/service/notification/StatusBarNotification;.getKey ()Ljava/lang/String;
D/dalvikvm(29778): VFY: replacing opcode 0x6e at 0x0011
D/PebbleApplication(29778): [PblNotificationService] Cannot get active notifications, service is null
D/PebbleApplication(29778): [PblNotificationProcessor] Refreshing the list of records to be cleared on Pebble
V/NotificationService(  776): enabling notification listener for user 0: ComponentInfo{com.getpebble.android/com.getpebble.android.notifications.PblNotificationService}
W/InputMethodManagerService(  776): Window already focused, ignoring focus gain of: com.android.internal.view.IInputMethodClient$Stub$Proxy@42da92a0 attribute=null, token = android.os.BinderProxy@42fa5410
D/dalvikvm(  776): GC_FOR_ALLOC freed 2756K, 22% free 34171K/43452K, paused 81ms, total 81ms
V/PebbleApplication(29763): [OnboardingActivity] onStart()
D/PebbleApplication(29778): [PblFrameworkManager] Received request to send an analytics event
D/PebbleApplication(29763): [AnalyticsLogger] Not framework process; not directly uploading analytics - forward to framework
V/PebbleApplication(29763): [OnboardingActivity] onResume()
V/PebbleApplication(29763): [OnboardingActivity] getCurrentFragment()::Fragment[MyPebbleFragment{42808890 #1 id=0x7f080019}]
V/PebbleApplication(29763): [OnboardingActivity] getCurrentFragment()::Fragment[MyPebbleFragment{42808890 #1 id=0x7f080019}]
D/PebbleApplication(29763): [LoadedWatchappsContainerView] redraw()
D/PebbleApplication(29763): [SyncBootConfig] Not syncing BootConfig - too soon since last sync
V/PebbleApplication(29763): [OnboardingActivity] getCurrentFragment()::Fragment[MyPebbleFragment{42808890 #1 id=0x7f080019}]
D/PebbleApplication(29763): [OnboardingActivity] Current fragment: class com.getpebble.android.main.sections.mypebble.fragment.MyPebbleFragment
V/PebbleApplication(29778): [AnalyticsLogger] Logged analytics event: events
D/PebbleApplication(29763): [PreferenceCache] addListener()
D/PebbleApplication(29778): [AnalyticsLogger] uploadAnalytics (:framework)
V/PebbleApplication(29763): [OnboardingActivity] getCurrentFragment()::Fragment[MyPebbleFragment{42808890 #1 id=0x7f080019}]
D/PebbleApplication(29763): [OnboardingActivity] runPrfInstallIfNeeded: firmware = v2.8-beta5
V/PebbleApplication(29763): [OnboardingActivity] getCurrentFragment()::Fragment[MyPebbleFragment{42808890 #1 id=0x7f080019}]
D/PebbleApplication(29763): [LockerAppsPagerAdapter] Restarting the loader
D/PebbleApplication(29763): [LockerAppsPagerAdapter] Creating watchapps loader
D/PebbleApplication(29763): [LockerAppsPagerAdapter] Setting device address to: 00:17:E9:6A:D0:B5
D/PebbleApplication(29763): [MyPebbleFragment] Can nag for firmware update
V/PebbleApplication(29763): [PblAsyncTask] submit() FirmwareUpdateCheckTask
D/PebbleApplication(29763): [FirmwareUpdateCheckTask] Starting update check task
I/PebbleApplication(29763): [FirmwareUpdateCheckTask] No firmware found
D/PebbleApplication(29763): [MyPebbleFragment] No firmware found
D/PebbleApplication(29763): [LockerAppsPagerAdapter] onLoadFinished
V/PebbleApplication(29763): [AsyncImageView] fetch('https://assets.getpebble.com/api/file/HhWBbyQSTKaA6s5Ks0FA/convert?cache=true&w=144&h=168&fit=crop')
V/PebbleApplication(29763): [AsyncImageView] fetch('https://assets.getpebble.com/api/file/2tFek2WaSO6ghaMXPzW0/convert?cache=true&w=144&h=168&fit=crop')
V/PebbleApplication(29763): [AsyncImageView] fetch('https://assets.getpebble.com/api/file/JPmJUNEsTT6NRGyrK0qK/convert?cache=true&w=144&h=168&fit=crop')
V/PebbleApplication(29763): [AsyncImageView] fetch('https://assets.getpebble.com/api/file/ecs6W0gETzKKd1WvCXqz/convert?cache=true&w=144&h=168&fit=crop')
V/PebbleApplication(29763): [AsyncImageView] fetch('https://assets.getpebble.com/api/file/ADS33k1lS0et0kRo1aQu/convert?cache=true&w=144&h=168&fit=crop')
V/PebbleApplication(29763): [AsyncImageView] fetch('https://assets.getpebble.com/api/file/97JReoplTU6kVq557mrJ/convert?cache=true&w=144&h=168&fit=crop')
D/dalvikvm(29778): GC_FOR_ALLOC freed 1106K, 9% free 18184K/19884K, paused 21ms, total 21ms
V/PebbleApplication(29763): [AsyncImageView] fetch('https://assets.getpebble.com/api/file/nL8Rpn0Sr2xPvqnX0XVc/convert?cache=true&w=144&h=168&fit=crop')
V/PebbleApplication(29763): [AsyncImageView] fetch('https://assets.getpebble.com/api/file/1nxt7YNKREGoKSTUQdad/convert?cache=true&w=144&h=168&fit=crop')
V/PebbleApplication(29763): [AsyncImageView] fetch('https://assets.getpebble.com/api/file/YttjLOT8QBe1Kf2p9XOg/convert?cache=true&w=144&h=168&fit=crop')
V/PebbleApplication(29763): [AsyncImageView] fetch('https://assets.getpebble.com/api/file/SYtW0aGvQO2U4t6pcIsL/convert?cache=true&w=144&h=168&fit=crop')
V/PebbleApplication(29763): [AsyncImageView] fetch('https://assets.getpebble.com/api/file/i9BTW0iITKaBmfGDnepW/convert?cache=true&w=144&h=168&fit=crop')
V/PebbleApplication(29763): [AsyncImageView] fetch('https://assets.getpebble.com/api/file/KuqJvP4QCmOfSBAil6hj/convert?cache=true&w=144&h=168&fit=crop')
D/PebbleApplication(29778): [AnalyticsLogger] All events uploaded successfully.
W/bt-btif ( 1581): dm_pm_timer expires
W/bt-btif ( 1581): dm_pm_timer expires 0
W/bt-btif ( 1581): proc dm_pm_timer expires
V/PebbleApplication(29763): [AsyncImageView] fetch('https://assets.getpebble.com/api/file/HhWBbyQSTKaA6s5Ks0FA/convert?cache=true&w=144&h=168&fit=crop')
V/PebbleApplication(29763): [AsyncImageView] fetch('https://assets.getpebble.com/api/file/2tFek2WaSO6ghaMXPzW0/convert?cache=true&w=144&h=168&fit=crop')
V/PebbleApplication(29763): [OnboardingActivity] getCurrentFragment()::Fragment[MyPebbleFragment{42808890 #1 id=0x7f080019}]
D/PebbleApplication(29778): [PblFrameworkManager] Received request to send an analytics event
V/PebbleApplication(29763): [OnboardingActivity] switchFragment(SettingsFragment{4373ece8}, true, true)
V/PebbleApplication(29763): [OnboardingActivity] getCurrentFragment()::Fragment[MyPebbleFragment{42808890 #1 id=0x7f080019}]
V/PebbleApplication(29778): [AnalyticsLogger] Logged analytics event: events
D/PebbleApplication(29763): [PreferenceCache] commit()
V/PebbleApplication(29763): [PblAsyncTask] submit() 
V/PebbleApplication(29763): [Music] mediaReceiver: Google Play Music
V/PebbleApplication(29763): [Music] mediaReceiver: com.google.android.music
W/Resources(29763): Converting to string: TypedValue{t=0x10/d=0x5265c00 a=2 r=0x7f0a0000}
W/Resources(29763): Converting to string: TypedValue{t=0x10/d=0x5265c00 a=2 r=0x7f0a0000}
D/PebbleApplication(29763): [PreferenceCache] commit()
V/PebbleApplication(29763): [Music] mediaReceiver: Google Play Newsstand
V/PebbleApplication(29763): [Music] mediaReceiver: com.google.android.apps.magazines
V/PebbleApplication(29763): [OnboardingActivity] getCurrentFragment()::Fragment[SettingsFragment{4373ece8 #2 id=0x7f080019}]
V/PebbleApplication(29763): [OnboardingActivity] getCurrentFragment()::Fragment[SettingsFragment{4373ece8 #2 id=0x7f080019}]
V/PebbleApplication(29763): [OnboardingActivity] getCurrentFragment()::Fragment[SettingsFragment{4373ece8 #2 id=0x7f080019}]
D/PebbleApplication(29763): [OnboardingActivity] Current fragment: class com.getpebble.android.main.sections.settings.fragment.SettingsFragment
V/PebbleApplication(29763): [OnboardingActivity] getCurrentFragment()::Fragment[SettingsFragment{4373ece8 #2 id=0x7f080019}]
V/PebbleApplication(29763): [OnboardingActivity] getCurrentFragment()::Fragment[SettingsFragment{4373ece8 #2 id=0x7f080019}]
V/PebbleApplication(29763): [OnboardingActivity] getCurrentFragment()::Fragment[SettingsFragment{4373ece8 #2 id=0x7f080019}]
V/PebbleApplication(29763): [OnboardingActivity] getCurrentFragment()::Fragment[SettingsFragment{4373ece8 #2 id=0x7f080019}]
V/PebbleApplication(29763): [OnboardingActivity] getCurrentFragment()::Fragment[SettingsFragment{4373ece8 #2 id=0x7f080019}]
D/PebbleApplication(29763): [OnboardingActivity] Current fragment: class com.getpebble.android.main.sections.settings.fragment.SettingsFragment
V/PebbleApplication(29778): [PblAsyncTask] submit() LoadPreferencesAsyncTask
V/PebbleApplication(29763): [PblAsyncTask] submit() LoadPreferencesAsyncTask
D/PebbleApplication(29778): [PreferenceCache] Size estimate from cursor: 1136
V/PebbleApplication(29763): [PblAsyncTask] submit() LoadPreferencesAsyncTask
V/PebbleApplication(29778): [PblAsyncTask] submit() LoadPreferencesAsyncTask
D/PebbleApplication(29763): [PreferenceCache] Size estimate from cursor: 1182
D/PebbleApplication(29763): [PreferenceCache] Size estimate from cursor: 1182
D/PebbleApplication(29778): [PreferenceCache] Size estimate from cursor: 1241
V/PebbleApplication(29763): [PblAsyncTask] submit() LoadPreferencesAsyncTask
V/PebbleApplication(29778): [PblAsyncTask] submit() LoadPreferencesAsyncTask
D/PebbleApplication(29778): [PreferenceCache] Size estimate from cursor: 1241
V/PebbleApplication(29763): [PblAsyncTask] submit() LoadPreferencesAsyncTask
V/PebbleApplication(29778): [PblAsyncTask] submit() LoadPreferencesAsyncTask
D/PebbleApplication(29778): [PreferenceCache] Size estimate from cursor: 1285
D/PebbleApplication(29763): [PreferenceCache] Size estimate from cursor: 1285
D/PebbleApplication(29763): [PreferenceCache] Size estimate from cursor: 1285
V/PebbleApplication(29763): [PblAsyncTask] submit() LoadPreferencesAsyncTask
V/PebbleApplication(29778): [PblAsyncTask] submit() LoadPreferencesAsyncTask
D/PebbleApplication(29778): [PreferenceCache] Size estimate from cursor: 1337
D/PebbleApplication(29763): [PreferenceCache] Size estimate from cursor: 1337
V/PebbleApplication(29763): [PblAsyncTask] submit() LoadPreferencesAsyncTask
V/PebbleApplication(29778): [PblAsyncTask] submit() LoadPreferencesAsyncTask
D/PebbleApplication(29763): [PreferenceCache] Size estimate from cursor: 1380
D/PebbleApplication(29778): [PreferenceCache] Size estimate from cursor: 1380
V/PebbleApplication(29763): [PblAsyncTask] submit() LoadPreferencesAsyncTask
V/PebbleApplication(29778): [PblAsyncTask] submit() LoadPreferencesAsyncTask
D/PebbleApplication(29778): [PreferenceCache] Size estimate from cursor: 1431
D/PebbleApplication(29763): [PreferenceCache] Size estimate from cursor: 1431
V/PebbleApplication(29763): [PblAsyncTask] submit() LoadPreferencesAsyncTask
V/PebbleApplication(29778): [PblAsyncTask] submit() LoadPreferencesAsyncTask
D/PebbleApplication(29763): [PreferenceCache] Size estimate from cursor: 1476
V/PebbleApplication(29763): [PblAsyncTask] submit() LoadPreferencesAsyncTask
V/PebbleApplication(29778): [PblAsyncTask] submit() LoadPreferencesAsyncTask
D/PebbleApplication(29778): [PreferenceCache] Size estimate from cursor: 1476
D/dalvikvm(29778): GC_FOR_ALLOC freed 487K, 9% free 18209K/19884K, paused 13ms, total 13ms
D/PebbleApplication(29778): [PreferenceCache] Size estimate from cursor: 1524
V/PebbleApplication(29763): [PblAsyncTask] submit() LoadPreferencesAsyncTask
V/PebbleApplication(29778): [PblAsyncTask] submit() LoadPreferencesAsyncTask
D/PebbleApplication(29763): [PreferenceCache] Size estimate from cursor: 1573
D/PebbleApplication(29763): [PreferenceCache] Size estimate from cursor: 1573
D/PebbleApplication(29778): [PreferenceCache] Size estimate from cursor: 1573
V/PebbleApplication(29763): [OnboardingActivity] getCurrentFragment()::Fragment[SettingsFragment{4373ece8 #2 id=0x7f080019}]
V/PebbleApplication(29763): [OnboardingActivity] switchFragment(MyPebbleFragment{429216d0}, true, true)
V/PebbleApplication(29763): [OnboardingActivity] getCurrentFragment()::Fragment[SettingsFragment{4373ece8 #2 id=0x7f080019}]
D/PebbleApplication(29763): [LockerAppsPagerAdapter] Remove adapter at index: 6
D/PebbleApplication(29763): [LockerAppsPagerAdapter] Remove adapter at index: 5
D/PebbleApplication(29763): [LockerAppsPagerAdapter] Remove adapter at index: 4
D/PebbleApplication(29763): [LockerAppsPagerAdapter] Remove adapter at index: 3
D/PebbleApplication(29763): [LockerAppsPagerAdapter] Remove adapter at index: 2
D/PebbleApplication(29763): [LockerAppsPagerAdapter] Remove adapter at index: 1
D/PebbleApplication(29763): [LockerAppsPagerAdapter] Remove adapter at index: 0
V/PebbleApplication(29763): [OnboardingActivity] getCurrentFragment()::Fragment[null]
D/PebbleApplication(29763): [OnboardingActivity] Current fragment: null, allow null stack: true
D/PebbleApplication(29763): [MyPebbleFragment] Initializing MyPebbleFragment
D/PebbleApplication(29763): [LockerAppsPagerAdapter] Creating watchapps loader
D/PebbleApplication(29763): [LockerAppsPagerAdapter] Setting device address to: 00:17:E9:6A:D0:B5
D/PebbleApplication(29778): [PblFrameworkManager] Received request to send an analytics event
V/PebbleApplication(29778): [AnalyticsLogger] Logged analytics event: events
D/PebbleApplication(29763): [LockerAppsPagerAdapter] Restarting the loader
D/PebbleApplication(29763): [LockerAppsPagerAdapter] Creating watchapps loader
D/PebbleApplication(29763): [LockerAppsPagerAdapter] Setting device address to: 00:17:E9:6A:D0:B5
D/PebbleApplication(29763): [MyPebbleFragment] Can nag for firmware update
V/PebbleApplication(29763): [PblAsyncTask] submit() FirmwareUpdateCheckTask
V/PebbleApplication(29763): [OnboardingActivity] getCurrentFragment()::Fragment[MyPebbleFragment{429216d0 #1 id=0x7f080019}]
D/PebbleApplication(29763): [FirmwareUpdateCheckTask] Starting update check task
V/PebbleApplication(29763): [OnboardingActivity] getCurrentFragment()::Fragment[MyPebbleFragment{429216d0 #1 id=0x7f080019}]
V/PebbleApplication(29763): [OnboardingActivity] getCurrentFragment()::Fragment[MyPebbleFragment{429216d0 #1 id=0x7f080019}]
D/PebbleApplication(29763): [OnboardingActivity] Current fragment: class com.getpebble.android.main.sections.mypebble.fragment.MyPebbleFragment
V/PebbleApplication(29763): [OnboardingActivity] getCurrentFragment()::Fragment[MyPebbleFragment{429216d0 #1 id=0x7f080019}]
V/PebbleApplication(29763): [OnboardingActivity] getCurrentFragment()::Fragment[MyPebbleFragment{429216d0 #1 id=0x7f080019}]
D/PebbleApplication(29763): [LoadedWatchappsContainerView] redraw()
V/PebbleApplication(29763): [OnboardingActivity] getCurrentFragment()::Fragment[MyPebbleFragment{429216d0 #1 id=0x7f080019}]
V/PebbleApplication(29763): [OnboardingActivity] getCurrentFragment()::Fragment[MyPebbleFragment{429216d0 #1 id=0x7f080019}]
V/PebbleApplication(29763): [OnboardingActivity] getCurrentFragment()::Fragment[MyPebbleFragment{429216d0 #1 id=0x7f080019}]
D/PebbleApplication(29763): [OnboardingActivity] Current fragment: class com.getpebble.android.main.sections.mypebble.fragment.MyPebbleFragment
I/PebbleApplication(29763): [FirmwareUpdateCheckTask] No firmware found
D/PebbleApplication(29763): [MyPebbleFragment] No firmware found
D/PebbleApplication(29763): [LockerAppsPagerAdapter] onLoadFinished
D/PebbleApplication(29763): [LockerAppsPagerAdapter] adding adapter at index: 0
D/PebbleApplication(29763): [LockerAppsPagerAdapter] adding adapter at index: 1
D/PebbleApplication(29763): [LockerAppsPagerAdapter] adding adapter at index: 2
D/PebbleApplication(29763): [LockerAppsPagerAdapter] adding adapter at index: 3
D/PebbleApplication(29763): [LockerAppsPagerAdapter] adding adapter at index: 4
D/PebbleApplication(29763): [LockerAppsPagerAdapter] adding adapter at index: 5
D/PebbleApplication(29763): [LockerAppsPagerAdapter] adding adapter at index: 6
V/PebbleApplication(29763): [AsyncImageView] fetch('https://assets.getpebble.com/api/file/HhWBbyQSTKaA6s5Ks0FA/convert?cache=true&w=144&h=168&fit=crop')
V/PebbleApplication(29763): [AsyncImageView] fetch('https://assets.getpebble.com/api/file/2tFek2WaSO6ghaMXPzW0/convert?cache=true&w=144&h=168&fit=crop')
V/PebbleApplication(29763): [AsyncImageView] fetch('https://assets.getpebble.com/api/file/JPmJUNEsTT6NRGyrK0qK/convert?cache=true&w=144&h=168&fit=crop')
V/PebbleApplication(29763): [AsyncImageView] fetch('https://assets.getpebble.com/api/file/ecs6W0gETzKKd1WvCXqz/convert?cache=true&w=144&h=168&fit=crop')
V/PebbleApplication(29763): [AsyncImageView] fetch('https://assets.getpebble.com/api/file/ADS33k1lS0et0kRo1aQu/convert?cache=true&w=144&h=168&fit=crop')
V/PebbleApplication(29763): [AsyncImageView] fetch('https://assets.getpebble.com/api/file/97JReoplTU6kVq557mrJ/convert?cache=true&w=144&h=168&fit=crop')
V/PebbleApplication(29763): [AsyncImageView] fetch('https://assets.getpebble.com/api/file/nL8Rpn0Sr2xPvqnX0XVc/convert?cache=true&w=144&h=168&fit=crop')
V/PebbleApplication(29763): [AsyncImageView] fetch('https://assets.getpebble.com/api/file/1nxt7YNKREGoKSTUQdad/convert?cache=true&w=144&h=168&fit=crop')
V/PebbleApplication(29763): [AsyncImageView] fetch('https://assets.getpebble.com/api/file/YttjLOT8QBe1Kf2p9XOg/convert?cache=true&w=144&h=168&fit=crop')
V/PebbleApplication(29763): [AsyncImageView] fetch('https://assets.getpebble.com/api/file/SYtW0aGvQO2U4t6pcIsL/convert?cache=true&w=144&h=168&fit=crop')
V/PebbleApplication(29763): [AsyncImageView] fetch('https://assets.getpebble.com/api/file/i9BTW0iITKaBmfGDnepW/convert?cache=true&w=144&h=168&fit=crop')
V/PebbleApplication(29763): [AsyncImageView] fetch('https://assets.getpebble.com/api/file/KuqJvP4QCmOfSBAil6hj/convert?cache=true&w=144&h=168&fit=crop')
V/PebbleApplication(29763): [AsyncImageView] fetch('https://assets.getpebble.com/api/file/HhWBbyQSTKaA6s5Ks0FA/convert?cache=true&w=144&h=168&fit=crop')
V/PebbleApplication(29763): [AsyncImageView] fetch('https://assets.getpebble.com/api/file/2tFek2WaSO6ghaMXPzW0/convert?cache=true&w=144&h=168&fit=crop')
W/bt-btif ( 1581): dm_pm_timer expires
W/bt-btif ( 1581): dm_pm_timer expires 0
W/bt-btif ( 1581): proc dm_pm_timer expires
W/bt-btif ( 1581): dm_pm_timer expires
W/bt-btif ( 1581): dm_pm_timer expires 0
W/bt-btif ( 1581): proc dm_pm_timer expires
V/QcrilMsgTunnelSocket( 1805): After reading offset = 0 remaining = 4 countRead = 4
D/QcrilMsgTunnelSocket( 1805): messageLength extracted from first 4 inputStream reads = 29
V/QcrilMsgTunnelSocket( 1805): offset = 0 remaining = 29 countRead = 0
V/QcrilMsgTunnelSocket( 1805): offset = 0 remaining = 29 countRead = 29
D/QcrilMsgTunnelSocket( 1805): readRilMessage: Buffer = [B@42680ea8 HexData = [0100000004040000110000005155414c434f4d4def0308000100000003]
V/QcrilMsgTunnelSocket( 1805): Read packet: 29 bytes. Data Available = 32 Position = 0
D/QcrilMsgTunnelSocket( 1805): processResponse. message type = 1. Data Available = 28
D/QcrilMsgTunnelSocket( 1805): ByteArray from parcel = 5155414c434f4d4def0308000100000003
D/QcrilMsgTunnelSocket( 1805): Received RIL_UNSOL_OEM_HOOK_RAW message
D/QcrilMsgTunnelSocket( 1805): Oem ID in RIL_UNSOL_OEM_HOOK_RAW is QUALCOMM
D/QcrilMsgTunnelSocket( 1805): OEM ID check Passed
D/QcrilMsgTunnelSocket( 1805): Response ID in RIL_UNSOL_OEM_HOOK_RAW is 525295
D/QcrilMsgTunnelSocket( 1805): Response ID 525295is not served in this process.
D/QcrilMsgTunnelSocket( 1805): To broadcast an Intent via the notifier to external apps
V/QcrilMsgTunnelSocket( 1805): Before reading offset = 0 remaining = 4 countRead = 0
D/QcrilMsgTunnelIfaceManager( 1805): handleMessage what=0
D/QcrilMsgTunnelIfaceManager( 1805): Broadcasting intent ACTION_UNSOL_RESPONSE_OEM_HOOK_RAW
W/bt-btif ( 1581): dm_pm_timer expires
W/bt-btif ( 1581): dm_pm_timer expires 0
W/bt-btif ( 1581): proc dm_pm_timer expires
W/bt-btif ( 1581): dm_pm_timer expires
W/bt-btif ( 1581): dm_pm_timer expires 0
W/bt-btif ( 1581): proc dm_pm_timer expires
D/PebbleApplication(29778): [PblSyncService] onCreate()
D/PebbleApplication(29778): [PblSyncService] onBind()
D/PebbleApplication(29778): [PblSyncAdapter] onPerformSync start
E/PebbleApplication(29778): [PblSyncAdapter] Unable to derive a proper sync target, not syncing!
D/PebbleApplication(29778): [PblSyncAdapter] onPerformSync stop
V/PebbleApplication(29778): [AnalyticsLogger] Logged analytics event: events
D/PebbleApplication(29778): [PblSyncService] onUnbind()
D/PebbleApplication(29778): [PblSyncService] onDestroy()
I/GCM     (12449): GCM message com.google.android.calendar 0:1415819972447047%227a1d85f9fd7ecd
D/AlertService(30301): Beginning updateAlertNotification
D/AlertService(30301): No fired or scheduled alerts
D/ConnectivityService(  776): handleInetConditionHoldEnd: net=1, condition=100, published condition=100
I/GCM     (12449): GCM message com.google.android.talk 0:1415819990934025%5a53927333cc79c7:dr:com.google.android.talk:dr:2615154502@google.com:dr:0:1415819990934025%5a53927333cc79c7
I/ActivityManager(  776): Start proc com.google.android.talk for broadcast com.google.android.talk/com.google.android.apps.hangouts.realtimechat.MessagesAvailableReceiver: pid=31773 uid=10051 gids={50051, 3003, 1028, 1015, 3002}
D/dalvikvm(31773): GC_CONCURRENT freed 290K, 2% free 16876K/17200K, paused 2ms+0ms, total 13ms
D/dalvikvm(31773): Trying to load lib /data/app-lib/com.google.android.talk-2/libcrashreporter.so 0x42678780
D/dalvikvm(31773): Added shared lib /data/app-lib/com.google.android.talk-2/libcrashreporter.so 0x42678780
E/dalvikvm(31773): Could not find class 'android.app.Notification$Action$Builder', referenced from method f.a
W/dalvikvm(31773): VFY: unable to resolve new-instance 403 (Landroid/app/Notification$Action$Builder;) in Lf;
D/dalvikvm(31773): VFY: replacing opcode 0x22 at 0x0000
D/dalvikvm(31773): GC_CONCURRENT freed 243K, 2% free 17027K/17304K, paused 2ms+2ms, total 10ms
W/dalvikvm(31773): VFY: unable to find class referenced in signature ([Landroid/app/RemoteInput;)
E/dalvikvm(31773): Could not find class 'android.app.RemoteInput[]', referenced from method f.a
W/dalvikvm(31773): VFY: unable to resolve new-array 5522 ([Landroid/app/RemoteInput;) in Lf;
D/dalvikvm(31773): VFY: replacing opcode 0x23 at 0x0005
D/dalvikvm(31773): DexOpt: unable to opt direct call 0x085a at 0x0e in Lf;.a
D/dalvikvm(31773): DexOpt: unable to opt direct call 0x08aa at 0x13 in Lf;.a
D/dalvikvm(31773): GC_CONCURRENT freed 336K, 3% free 17213K/17572K, paused 2ms+1ms, total 14ms
D/dalvikvm(31773): WAIT_FOR_CONCURRENT_GC blocked 2ms
D/dalvikvm(31773): WAIT_FOR_CONCURRENT_GC blocked 2ms
I/Babel   (31773): MmsConfig: mnc/mcc: 310/0
I/Babel   (31773): MmsConfig.loadMmsSettings
I/Babel   (31773): MmsConfig.loadDeviceMmsSettings from API: mUserAgent=Nexus5, mUaProfUrl=http://gsm.lge.com/html/gsm/Nexus5-M3.xml
I/Babel   (31773): MmsConfig.loadFromDatabase
E/Babel   (31773): canonicalizeMccMnc: invalid mccmnc 
I/Babel   (31773): MmsConfig.loadFromResources
W/Settings(31773): Setting airplane_mode_on has moved from android.provider.Settings.System to android.provider.Settings.Global, returning read-only value.
I/Babel   (31773): ApnsOta: OTA version -1
E/Babel   (31773): canonicalizeMccMnc: invalid mccmnc nullnull
I/Babel   (31773): MmsConfig.loadMmsSettings: mUserAgent=Nexus5, mUaProfUrl=http://gsm.lge.com/html/gsm/Nexus5-M3.xml
D/dalvikvm(31773): GC_CONCURRENT freed 233K, 2% free 17421K/17660K, paused 2ms+2ms, total 18ms
D/dalvikvm(31773): GC_CONCURRENT freed 312K, 2% free 17616K/17964K, paused 3ms+2ms, total 22ms
D/dalvikvm(31773): GC_CONCURRENT freed 168K, 2% free 17949K/18160K, paused 3ms+2ms, total 21ms
D/dalvikvm(31773): WAIT_FOR_CONCURRENT_GC blocked 10ms
D/dalvikvm(31773): GC_CONCURRENT freed 175K, 2% free 18267K/18492K, paused 2ms+2ms, total 22ms
D/dalvikvm(31773): WAIT_FOR_CONCURRENT_GC blocked 15ms
D/dalvikvm(31773): GC_CONCURRENT freed 298K, 2% free 18439K/18808K, paused 2ms+2ms, total 22ms
D/dalvikvm(31773): WAIT_FOR_CONCURRENT_GC blocked 18ms
D/dalvikvm(31773): GC_FOR_ALLOC freed 106K, 2% free 18551K/18808K, paused 11ms, total 11ms
D/dalvikvm(31773): GC_FOR_ALLOC freed 126K, 3% free 18679K/19064K, paused 11ms, total 11ms
D/dalvikvm(31773): GC_FOR_ALLOC freed 311K, 3% free 18722K/19300K, paused 14ms, total 14ms
D/ConnectivityService(  776): handleInetConditionHoldEnd: net=1, condition=100, published condition=100
D/dalvikvm(31773): GC_FOR_ALLOC freed 62K, 3% free 18786K/19300K, paused 17ms, total 17ms
I/dalvikvm-heap(31773): Grow heap (frag case) to 18.623MB for 260112-byte allocation
D/dalvikvm(31773): GC_FOR_ALLOC freed 126K, 4% free 18914K/19556K, paused 21ms, total 21ms
D/dalvikvm(31773): GC_FOR_ALLOC freed 369K, 3% free 19020K/19556K, paused 11ms, total 11ms
D/dalvikvm(31773): GC_CONCURRENT freed 463K, 3% free 19318K/19828K, paused 1ms+2ms, total 17ms
D/dalvikvm(31773): WAIT_FOR_CONCURRENT_GC blocked 8ms
D/dalvikvm(31773): GC_CONCURRENT freed 258K, 2% free 19935K/20224K, paused 1ms+3ms, total 24ms
D/dalvikvm(31773): WAIT_FOR_CONCURRENT_GC blocked 16ms
D/dalvikvm(31773): GC_FOR_ALLOC freed 572K, 3% free 20307K/20916K, paused 17ms, total 17ms
D/dalvikvm(31773): GC_CONCURRENT freed 567K, 3% free 20946K/21544K, paused 3ms+2ms, total 38ms
D/dalvikvm(31773): WAIT_FOR_CONCURRENT_GC blocked 28ms
D/PebbleApplication(29778): [MessageRouter] Got protocol message for SYSTEM_MESSAGE (18)
D/PebbleApplication(29778): [MessageRouter] Received protocol message from PEBBLE D0B5; sending to SYSTEM_MESSAGE endpoint in NormalEndpointSet
I/PebbleApplication(29778): [NormalEndpointSet] Dropping system message
V/PanelView(  888): animationTick called with dtms=0; nothing to do (h=494.0 v=4120.481)
V/PebbleApplication(29778): [PblNotificationService] onNotificationRemoved(StatusBarNotification(pkg=com.android.vending user=UserHandle{0} id=-234430262 tag=null score=-10: Notification(pri=-1 contentView=null vibrate=null sound=null defaults=0x0 flags=0x10 kind=[null])))
D/PebbleApplication(29778): [PblNotificationProcessor] Removing notification with id=<-234430262> tag=<null> package=<com.android.vending>
W/PebbleApplication(29778): [PblNotificationProcessor] Could not find matching notification id = -234430262 tag = null packageName = com.android.vending
V/PebbleApplication(29778): [AnalyticsLogger] Logged analytics event: events
V/PanelView(  888): animationTick called with dtms=0; nothing to do (h=865.0 v=-8015.982)
W/InputMethodManagerService(  776): Window already focused, ignoring focus gain of: com.android.internal.view.IInputMethodClient$Stub$Proxy@431ac8f0 attribute=null, token = android.os.BinderProxy@43056c78
I/ActivityManager(  776): START u0 {act=android.intent.action.MAIN cat=[android.intent.category.HOME] flg=0x10200000 cmp=com.google.android.googlequicksearchbox/com.google.android.launcher.GEL} from pid 776
D/dalvikvm(  776): GC_FOR_ALLOC freed 3095K, 22% free 34041K/43452K, paused 51ms, total 51ms
V/PebbleApplication(29763): [OnboardingActivity] onPause()
D/PebbleApplication(29763): [PreferenceCache] removeListener()
I/GEL     ( 1091): handleIntent(Intent { act=android.intent.action.MAIN cat=[android.intent.category.HOME] flg=0x10600000 cmp=com.google.android.googlequicksearchbox/com.google.android.launcher.GEL })
D/dalvikvm( 2114): GC_FOR_ALLOC freed 1430K, 11% free 18771K/20932K, paused 19ms, total 19ms
I/HotwordRecognitionRnr( 2114): Starting hotword detection.
I/MicrophoneInputStream( 2114): mic_starting fib@429c8a50
D/dalvikvm( 2114): GC_CONCURRENT freed 33K, 8% free 19385K/20932K, paused 2ms+1ms, total 16ms
D/audio_hw_primary(  185): select_devices: out_snd_device(0: ) in_snd_device(35: voice-rec-mic)
D/        (  185): Failed to fetch the lookup information of the device 0000003E 
E/ACDB-LOADER(  185): Error: ACDB AudProc vol returned = -19
I/HotwordWorker( 2114): onReady
V/PebbleApplication(29763): [OnboardingActivity] onSaveInstanceState(Bundle[{}])
V/PebbleApplication(29763): [OnboardingActivity] onStop()
D/PebbleApplication(29763): [AnalyticsLogger] Not framework process; not directly uploading analytics - forward to framework
D/PebbleApplication(29778): [PblFrameworkManager] Received request to send an analytics event
V/PebbleApplication(29778): [AnalyticsLogger] Logged analytics event: events
D/PebbleApplication(29778): [AnalyticsLogger] uploadAnalytics (:framework)
D/dalvikvm(29778): GC_FOR_ALLOC freed 488K, 9% free 18233K/19884K, paused 14ms, total 15ms
D/PebbleApplication(29778): [AnalyticsLogger] All events uploaded successfully.
D/dalvikvm(31773): Trying to load lib /data/app-lib/com.google.android.gms-2/libgmscore.so 0x42ba1348
D/dalvikvm(31773): Added shared lib /data/app-lib/com.google.android.gms-2/libgmscore.so 0x42ba1348
D/dalvikvm(31773): No JNI_OnLoad found in /data/app-lib/com.google.android.gms-2/libgmscore.so 0x42ba1348, skipping init
D/dalvikvm(31773): Trying to load lib /data/app-lib/com.google.android.gms-2/libconscrypt_gmscore_jni.so 0x42ba1348
D/dalvikvm(31773): Added shared lib /data/app-lib/com.google.android.gms-2/libconscrypt_gmscore_jni.so 0x42ba1348
V/JNIHelp (31773): Registering com/google/android/gms/org/conscrypt/NativeCrypto's 235 native methods...
D/dalvikvm(31773): GC_CONCURRENT freed 1296K, 6% free 21065K/22396K, paused 1ms+1ms, total 32ms
D/dalvikvm(31773): WAIT_FOR_CONCURRENT_GC blocked 25ms
D/dalvikvm(31773): Trying to load lib /data/app-lib/com.google.android.gms-2/libgmscore.so 0x42ba1348
D/dalvikvm(31773): Shared lib '/data/app-lib/com.google.android.gms-2/libgmscore.so' already loaded in same CL 0x42ba1348
D/dalvikvm(31773): Trying to load lib /data/app-lib/com.google.android.gms-2/libconscrypt_gmscore_jni.so 0x42ba1348
D/dalvikvm(31773): Shared lib '/data/app-lib/com.google.android.gms-2/libconscrypt_gmscore_jni.so' already loaded in same CL 0x42ba1348
I/ProviderInstaller(31773): Installed default security provider GmsCore_OpenSSL
E/Babel_RequestWriter(31773): error decoding serialized stream
E/Babel_RequestWriter(31773): java.io.InvalidClassException: beo; Incompatible class (SUID): beo: static final long serialVersionUID =2L; but expected beo: static final long serialVersionUID =1L;
E/Babel_RequestWriter(31773): 	at java.io.ObjectInputStream.verifyAndInit(ObjectInputStream.java:2341)
E/Babel_RequestWriter(31773): 	at java.io.ObjectInputStream.readNewClassDesc(ObjectInputStream.java:1640)
E/Babel_RequestWriter(31773): 	at java.io.ObjectInputStream.readClassDesc(ObjectInputStream.java:658)
E/Babel_RequestWriter(31773): 	at java.io.ObjectInputStream.readNewObject(ObjectInputStream.java:1781)
E/Babel_RequestWriter(31773): 	at java.io.ObjectInputStream.readNonPrimitiveContent(ObjectInputStream.java:762)
E/Babel_RequestWriter(31773): 	at java.io.ObjectInputStream.readObject(ObjectInputStream.java:1981)
E/Babel_RequestWriter(31773): 	at java.io.ObjectInputStream.readObject(ObjectInputStream.java:1938)
E/Babel_RequestWriter(31773): 	at com.google.android.apps.hangouts.realtimechat.RequestWriter.a(PG:322)
E/Babel_RequestWriter(31773): 	at com.google.android.apps.hangouts.realtimechat.RequestWriter.b(PG:339)
E/Babel_RequestWriter(31773): 	at bpp.<init>(PG:849)
E/Babel_RequestWriter(31773): 	at bpk.a(PG:1817)
E/Babel_RequestWriter(31773): 	at bpl.handleMessage(PG:595)
E/Babel_RequestWriter(31773): 	at android.os.Handler.dispatchMessage(Handler.java:102)
E/Babel_RequestWriter(31773): 	at android.os.Looper.loop(Looper.java:136)
E/Babel_RequestWriter(31773): 	at bpj.run(PG:579)
E/Babel_RequestWriter(31773): unable to decode (ignoring) [-84, -19, 0, 5, 115, 114, 0, 3, 98, 101, 111, 0, 0, 0, 0, 0, 0, 0, 2, 2, 0, 16, 73, 0, 1, 97, 74, 0, 1, 99, 90, 0, 1, 105, 90, 0, 1, 106, 90, 0, 1, 109, 73, 0, 1, 110, 90, 0, 1, 111, 90, 0, 1, 112, 73, 0, 1, 113, 73, 0, 1, 114, 90, 0, 1, 115, 76, 0, 1, 98, 116, 0, 18, 76, 106, 97, 118, 97, 47, 108, 97, 110, 103, 47, 83, 116, 114, 105, 110, 103, 59, 76, 0, 1, 104, 113, 0, 126, 0, 1, 76, 0, 1, 107, 113, 0, 126, 0, 1, 76, 0, 1, 108, 113, 0, 126, 0, 1, 76, 0, 1, 116, 113, 0, 126, 0, 1, 120, 114, 0, 3, 98, 101, 105, 0, 0, 0, 0, 0, 0, 0, 1, 2, 0, 0, 120, 114, 0, 3, 98, 100, 116, 0, 0, 0, 0, 0, 0, 0, 1, 2, 0, 1, 73, 0, 1, 102, 120, 112, 0, 0, 0, 0, 0, 0, 0, 1, 52, 0, -69, 67, -28, 47, 105, -41, 1, 0, 1, 0, 0, 1, 104, 1, 1, 0, 0, 1, 54, 0, 0, 0, 0, 0, 116, 0, 5, 101, 110, 95, 85, 83, 116, 0, -73, 65, 80, 65, 57, 49, 98, 69, 84, 105, 119, 50, 68, 86, 113, 86, 74, 102, 50, 72, 120, 66, 57, 69, 116, 106, 82, 107, 89, 48, 117, 45, 83, 67, 76, 101, 117, 87, 81, 75, 55, 71, 55, 72, 117, 118, 117, 121, 100, 109, 67, 52, 45, 48, 97, 56, 79, 49, 114, 78, 70, 50, 75, 98, 48, 45, 90, 77, 105, 97, 89, 89, 109, 57, 65, 57, 48, 69, 106, 48, 79, 83, 98, 99, 66, 112, 117, 114, 78, 118, 95, 75, 69, 66, 48, 113, 70, 70, 56, 106, 74, 67, 53, 57, 112, 53, 107, 50, 71, 48, 71, 118, 88, 102, 115, 50, 120, 90, 98, 113, 105, 120, 48, 112, 56, 111, 101, 106, 95, 55, 100, 70, 54, 76, 120, 90, 71, 102, 118, 95, 121, 84, 57, 74, 76, 102, 85, 45, 54, 50, 111, 100, 48, 88, 103, 54, 50, 107, 105, 109, 107, 118, 71, 108, 119, 65, 99, 112, 119, 115, 81, 86, 84, 122, 88, 75, 95, 45, 88, 105, 85, 70, 55, 115, 116, 0, 23, 99, 111, 109, 46, 103, 111, 111, 103, 108, 101, 46, 97, 110, 100, 114, 111, 105, 100, 46, 116, 97, 108, 107, 112, 112]
D/dalvikvm(12449): GC_CONCURRENT freed 449K, 4% free 18356K/19008K, paused 2ms+1ms, total 15ms
I/GLSUser (12449): [GLSUser]  extracting token using key:Auth
W/GLSUser (12449): [GLSUser] [GLSUser]  Permission for com.google.android.talk to access oauth2:https://www.googleapis.com/auth/chat https://www.googleapis.com/auth/plus.me https://www.googleapis.com/auth/hangouts https://www.googleapis.com/auth/identity.plus.page.impersonation https://www.googleapis.com/auth/chat.native will be managed locally.
I/ActivityManager(  776): START u0 {act=android.intent.action.MAIN cat=[android.intent.category.LAUNCHER] flg=0x10200000 cmp=com.google.android.talk/.SigningInActivity bnds=[246,1532][447,1784] (has extras)} from pid 1091
W/Babel   (31773): account not found in intent, try getActiveAccount()
I/MicrophoneInputStream( 2114): mic_close fib@429c8a50
I/HotwordRecognitionRnr( 2114): Hotword detection finished
I/HotwordRecognitionRnr( 2114): Stopping hotword detection.
D/dalvikvm(31773): GC_CONCURRENT freed 982K, 5% free 21522K/22544K, paused 3ms+3ms, total 50ms
D/dalvikvm(31773): WAIT_FOR_CONCURRENT_GC blocked 37ms
D/dalvikvm(31773): WAIT_FOR_CONCURRENT_GC blocked 10ms
D/dalvikvm(31773): GC_FOR_ALLOC freed 4K, 5% free 22192K/23136K, paused 27ms, total 27ms
D/dalvikvm(31773): GC_FOR_ALLOC freed 2K, 5% free 23054K/24024K, paused 24ms, total 24ms
D/dalvikvm(31773): GC_FOR_ALLOC freed 11K, 5% free 24196K/25208K, paused 42ms, total 42ms
D/dalvikvm(31773): GC_FOR_ALLOC freed 11K, 4% free 25626K/26688K, paused 30ms, total 30ms
I/Babel   (31773): [BabelHomeActivity.onCreate] setContentView called
W/Babel   (31773): Phone doesn't have sim. Skip reminding user.
V/Babel   (31773): SmsSyncManager A#1: scheduled sync in 0 milliseconds
V/Babel   (31773): SmsSyncManager A#1: sync from 1415215781935
V/Babel   (31773): SmsSyncManager A#1: batch started with size = 100, last ts = -1
V/Babel   (31773): SmsSyncManager A#1: batch done. Sync batch stats: duration = 28, txnlen = 10, count = 0/0, added = 0/0, deleted = 0/0, timestamp = 9223372036854775.
V/Babel   (31773): SmsSyncManager A#1: sync done in 30 millis, scanned 0 local msgs, 0 remote msgs, 0 added, 0 deleted.
V/Babel   (31773): SmsSyncManager A#1: local = 0, remote = 0
I/Adreno-EGL(31773): <qeglDrvAPI_eglInitialize:320>: EGL 1.4 QUALCOMM Build: I0404c4692afb8623f95c43aeb6d5e13ed4b30ddbDate: 11/06/13
W/Babel   (31773): People client not connected. Skip loading aggregated people
D/OpenGLRenderer(31773): Enabling debug mode 0
I/ActivityManager(  776): Displayed com.google.android.talk/.SigningInActivity: +577ms
D/dalvikvm(31773): GC_CONCURRENT freed 1445K, 6% free 27159K/28636K, paused 2ms+3ms, total 42ms
D/dalvikvm(31773): WAIT_FOR_CONCURRENT_GC blocked 11ms
D/dalvikvm(31773): WAIT_FOR_CONCURRENT_GC blocked 8ms
D/dalvikvm(31773): WAIT_FOR_CONCURRENT_GC blocked 29ms
W/InputMethodManager(31773): Ignoring onBind: cur seq=370, given seq=368
I/Babel   (31773): Account selfinfo retrieved: Redacted-22
I/Babel   (31773): Retrieved account setting:Redacted-22
D/dalvikvm(31773): GC_CONCURRENT freed 2046K, 7% free 28603K/30680K, paused 3ms+3ms, total 39ms
D/dalvikvm(31773): WAIT_FOR_CONCURRENT_GC blocked 37ms
D/dalvikvm(31773): WAIT_FOR_CONCURRENT_GC blocked 32ms
D/dalvikvm(31773): WAIT_FOR_CONCURRENT_GC blocked 37ms
E/DataBuffer(31773): Internal data leak within a DataBuffer object detected!  Be sure to explicitly call release() on all DataBuffer extending objects when you are done with them. (Owner:size=1)
E/DataBuffer(31773): Internal data leak within a DataBuffer object detected!  Be sure to explicitly call release() on all DataBuffer extending objects when you are done with them. (Owner:size=1)
D/dalvikvm(31773): WAIT_FOR_CONCURRENT_GC blocked 43ms
V/Babel   (31773): SmsSyncManager A#1: scheduled full sync in 0 milliseconds
V/Babel   (31773): SmsSyncManager A#1: sync from -1
V/Babel   (31773): SmsSyncManager A#1: batch started with size = 100, last ts = -1
V/Babel   (31773): SmsSyncManager A#1: batch done. Sync batch stats: duration = 24, txnlen = 3, count = 0/0, added = 0/0, deleted = 0/0, timestamp = 9223372036854775.
V/Babel   (31773): SmsSyncManager A#1: sync done in 24 millis, scanned 0 local msgs, 0 remote msgs, 0 added, 0 deleted.
V/Babel   (31773): SmsSyncManager A#1: local = 0, remote = 0
D/dalvikvm(31773): GC_CONCURRENT freed 2517K, 8% free 30053K/32608K, paused 2ms+3ms, total 35ms
D/dalvikvm(31773): WAIT_FOR_CONCURRENT_GC blocked 27ms
D/dalvikvm(31773): WAIT_FOR_CONCURRENT_GC blocked 28ms
D/dalvikvm(31773): WAIT_FOR_CONCURRENT_GC blocked 28ms
D/dalvikvm(31773): WAIT_FOR_CONCURRENT_GC blocked 28ms
D/dalvikvm(31773): WAIT_FOR_CONCURRENT_GC blocked 13ms
D/dalvikvm(31773): WAIT_FOR_CONCURRENT_GC blocked 28ms
I/Babel   (31773): Account selfinfo retrieved: Redacted-22
I/Babel   (31773): Retrieved account setting:Redacted-22
D/dalvikvm(  776): GC_FOR_ALLOC freed 2174K, 20% free 35109K/43452K, paused 55ms, total 55ms
D/dalvikvm(  776): GC_FOR_ALLOC freed 1913K, 20% free 34869K/43452K, paused 53ms, total 53ms
I/ActivityManager(  776): START u0 {act=android.intent.action.MAIN cat=[android.intent.category.HOME] flg=0x10200000 cmp=com.google.android.googlequicksearchbox/com.google.android.launcher.GEL} from pid 776
D/dalvikvm(  776): GC_FOR_ALLOC freed 841K, 18% free 35705K/43452K, paused 57ms, total 57ms
D/dalvikvm(  888): GC_FOR_ALLOC freed 2551K, 53% free 22740K/47808K, paused 21ms, total 21ms
I/GEL     ( 1091): handleIntent(Intent { act=android.intent.action.MAIN cat=[android.intent.category.HOME] flg=0x10600000 cmp=com.google.android.googlequicksearchbox/com.google.android.launcher.GEL })
D/dalvikvm( 2114): GC_FOR_ALLOC freed 756K, 11% free 18762K/20932K, paused 25ms, total 25ms
I/MicrophoneInputStream( 2114): mic_starting fib@426eb348
I/HotwordRecognitionRnr( 2114): Starting hotword detection.
D/audio_hw_primary(  185): select_devices: out_snd_device(0: ) in_snd_device(35: voice-rec-mic)
D/        (  185): Failed to fetch the lookup information of the device 0000003E 
E/ACDB-LOADER(  185): Error: ACDB AudProc vol returned = -19
D/dalvikvm( 2114): GC_CONCURRENT freed 3K, 8% free 19452K/20932K, paused 2ms+1ms, total 18ms
I/Icing   (12551): Usage reports 1 indexed 0 rejected 0 denied 0 imm upload true
I/HotwordWorker( 2114): onReady
W/Babel   (31773): PeopleSearchListAdapter: filter loading takes too long
I/GCM     (12449): GCM message com.google.android.talk 0:1415820009659123%5a539273f9fd7ecd:dr:com.google.android.talk:dr:2615154502@google.com:dr:0:1415820009659123%5a539273f9fd7ecd
D/dalvikvm(12449): GC_CONCURRENT freed 470K, 4% free 18362K/19008K, paused 1ms+1ms, total 15ms
V/PebbleApplication(29778): [PblNotificationService] onNotificationPosted(StatusBarNotification(pkg=com.google.android.talk user=UserHandle{0} id=0 tag=com.google.android.talk:chat:1 score=10: Notification(pri=1 contentView=com.google.android.talk/0x1090064 vibrate=default sound=android.resource://com.google.android.talk/raw/2131230729 defaults=0x6 flags=0x11 kind=[null])))
D/dalvikvm(29778): GC_FOR_ALLOC freed 472K, 9% free 18275K/19884K, paused 14ms, total 14ms
I/PebbleApplication(29778): [NotificationParsingModel] no previous text found
D/PebbleApplication(29778): [Actions] Adding PblNotificationOpenOnPhoneAction id = 1 title = Open on phone
D/PebbleApplication(29778): [PblNotification] Notification is clearable by Pebble Android
D/PebbleApplication(29778): [Actions] Adding PblNotificationDismissAction id = 2
D/dalvikvm(29778): GC_FOR_ALLOC freed 25K, 9% free 18272K/19884K, paused 16ms, total 16ms
I/dalvikvm-heap(29778): Grow heap (frag case) to 18.849MB for 1024016-byte allocation
D/dalvikvm(29778): GC_FOR_ALLOC freed 0K, 8% free 19272K/20888K, paused 15ms, total 15ms
D/PebbleApplication(29778): [PblNotification] Found 1 wearable actions
D/PebbleApplication(29778): [PblNotification] Found valid remote inputs
D/PebbleApplication(29778): [PblNotification] Found remote input with free form input
D/PebbleApplication(29778): [PblNotificationProcessor] New notification from: com.google.android.talk
V/PebbleApplication(29778): [NotificationUtil] dumpNotification()
V/PebbleApplication(29778): [NotificationUtil] package: com.google.android.talk tag: com.google.android.talk:chat:1 key: null isClearable: true
