E/AndroidRuntime(10570): 	at com.getpebble.android.comm.BluetoothConnectionManager$PebbleInputThread.run(BluetoothConnectionManager.java:1388)
W/ActivityManager(  776): Can't find mystery application for Crash from pid=10570 uid=10235: android.os.BinderProxy@42dd4848
I/WindowState(  776): WIN DEATH: Window{42fc9570 u0 com.getpebble.android/com.getpebble.android.redesign.ui.HomeActivity}
W/BackupManagerService(  776): dataChanged but no participant pkg='com.android.providers.settings' uid=1002
W/BackupManagerService(  776): dataChanged but no participant pkg='com.android.providers.settings' uid=1002
W/BackupManagerService(  776): dataChanged but no participant pkg='com.android.providers.settings' uid=1002
I/ActivityManager(  776): Killing 30165:com.google.android.youtube/u0a71 (adj 15): empty #17
I/ActivityManager(  776): Start proc com.android.chrome for service com.android.chrome/com.google.android.apps.chrome.sync.ChromeBrowserSyncAdapterService: pid=30709 uid=10031 gids={50031, 3003, 1028, 1015}
F/ActivityManager(  776): Service ServiceRecord{43228368 u0 com.google.android.youtube/com.google.android.apps.youtube.app.offline.transfer.OfflineTransferService} in process ProcessRecord{42fe60d0 30165:com.google.android.youtube/u0a71} not same as in map: null
I/ActivityManager(  776): Killing 30085:com.google.android.keep/u0a52 (adj 15): empty #17
I/ActivityManager(  776): Start proc com.google.android.apps.docs for service com.google.android.apps.docs/.sync.syncadapter.DocsSyncAdapterService: pid=30724 uid=10035 gids={50035, 3003, 1028, 1015}
E/WindowManager(  776): Starting window AppWindowToken{43587e28 token=Token{426f4e48 ActivityRecord{43587ad0 u0 com.getpebble.android/.main.activity.MainActivity t233}}} timed out
I/PackageManager(  776): Adding preferred activity ComponentInfo{com.google.android.talk/com.google.android.apps.hangouts.phone.BabelHomeActivity} for user 0 :
I/PackageManager(  776): Adding preferred activity ComponentInfo{com.google.android.talk/com.google.android.apps.hangouts.phone.BabelHomeActivity} for user 0 :
I/PackageManager(  776): Adding preferred activity ComponentInfo{com.google.android.talk/com.google.android.apps.hangouts.phone.BabelHomeActivity} for user 0 :
I/PackageManager(  776): Adding preferred activity ComponentInfo{com.google.android.talk/com.google.android.apps.hangouts.phone.BabelHomeActivity} for user 0 :
I/PackageManager(  776): Adding preferred activity ComponentInfo{com.google.android.talk/com.google.android.apps.hangouts.phone.BabelHomeActivity} for user 0 :
I/PackageManager(  776): Adding preferred activity ComponentInfo{com.google.android.talk/com.google.android.apps.hangouts.phone.BabelHomeActivity} for user 0 :
I/PackageManager(  776): Adding preferred activity ComponentInfo{com.google.android.talk/com.google.android.apps.hangouts.phone.BabelHomeActivity} for user 0 :
I/PackageManager(  776): Adding preferred activity ComponentInfo{com.google.android.talk/com.google.android.apps.hangouts.phone.BabelHomeActivity} for user 0 :
I/PackageManager(  776): Adding preferred activity ComponentInfo{com.google.android.talk/com.google.android.apps.hangouts.phone.BabelHomeActivity} for user 0 :
I/PackageManager(  776): Adding preferred activity ComponentInfo{com.google.android.talk/com.google.android.apps.hangouts.phone.BabelHomeActivity} for user 0 :
I/PackageManager(  776): Adding preferred activity ComponentInfo{com.google.android.talk/com.google.android.apps.hangouts.phone.BabelHomeActivity} for user 0 :
I/PackageManager(  776): Adding preferred activity ComponentInfo{com.google.android.talk/com.google.android.apps.hangouts.phone.BabelHomeActivity} for user 0 :
I/PackageManager(  776): Adding preferred activity ComponentInfo{com.google.android.talk/com.google.android.apps.hangouts.phone.BabelHomeActivity} for user 0 :
I/PackageManager(  776): Adding preferred activity ComponentInfo{com.google.android.talk/com.google.android.apps.hangouts.phone.BabelHomeActivity} for user 0 :
I/PackageManager(  776): Adding preferred activity ComponentInfo{com.google.android.talk/com.google.android.apps.hangouts.phone.BabelHomeActivity} for user 0 :
I/PackageManager(  776): Adding preferred activity ComponentInfo{com.google.android.talk/com.google.android.apps.hangouts.phone.BabelHomeActivity} for user 0 :
I/ActivityManager(  776): Killing 30216:com.google.android.talk/u0a51 (adj 15): empty #17
I/ActivityManager(  776): Killing 30278:com.google.android.apps.walletnfcrel/u0a21 (adj 15): empty #17
E/ActivityThread(30402): Service com.anydo.cal.floater.FloaterNotificationService has leaked IntentReceiver com.anydo.cal.objects.a@4271cb20 that was originally registered here. Are you missing a call to unregisterReceiver()?
E/ActivityThread(30402): android.app.IntentReceiverLeaked: Service com.anydo.cal.floater.FloaterNotificationService has leaked IntentReceiver com.anydo.cal.objects.a@4271cb20 that was originally registered here. Are you missing a call to unregisterReceiver()?
E/ActivityThread(30402): 	at android.app.LoadedApk$ReceiverDispatcher.<init>(LoadedApk.java:796)
E/ActivityThread(30402): 	at android.app.LoadedApk.getReceiverDispatcher(LoadedApk.java:597)
E/ActivityThread(30402): 	at android.app.ContextImpl.registerReceiverInternal(ContextImpl.java:1438)
E/ActivityThread(30402): 	at android.app.ContextImpl.registerReceiver(ContextImpl.java:1418)
E/ActivityThread(30402): 	at android.app.ContextImpl.registerReceiver(ContextImpl.java:1412)
E/ActivityThread(30402): 	at com.anydo.cal.objects.CalNotificationItem.d(SourceFile:603)
E/ActivityThread(30402): 	at com.anydo.cal.objects.CalNotificationItem.a(SourceFile:272)
E/ActivityThread(30402): 	at com.anydo.cal.objects.CalNotificationItem.checkState(SourceFile:738)
E/ActivityThread(30402): 	at com.anydo.cal.objects.CalNotificationItem.a(SourceFile:230)
E/ActivityThread(30402): 	at com.anydo.cal.objects.CalNotificationItem.reload(SourceFile:238)
E/ActivityThread(30402): 	at com.anydo.cal.floater.FloaterNotificationService.a(SourceFile:537)
E/ActivityThread(30402): 	at com.anydo.cal.floater.FloaterNotificationService.a(SourceFile:518)
E/ActivityThread(30402): 	at com.anydo.cal.floater.FloaterNotificationService.onStartCommand(SourceFile:369)
E/ActivityThread(30402): 	at android.app.ActivityThread.handleServiceArgs(ActivityThread.java:2688)
E/ActivityThread(30402): 	at android.app.ActivityThread.access$2100(ActivityThread.java:135)
E/ActivityThread(30402): 	at android.app.ActivityThread$H.handleMessage(ActivityThread.java:1293)
E/ActivityThread(30402): 	at android.os.Handler.dispatchMessage(Handler.java:102)
E/ActivityThread(30402): 	at android.os.Looper.loop(Looper.java:136)
E/ActivityThread(30402): 	at android.app.ActivityThread.main(ActivityThread.java:5001)
E/ActivityThread(30402): 	at java.lang.reflect.Method.invokeNative(Native Method)
E/ActivityThread(30402): 	at java.lang.reflect.Method.invoke(Method.java:515)
E/ActivityThread(30402): 	at com.android.internal.os.ZygoteInit$MethodAndArgsCaller.run(ZygoteInit.java:785)
E/ActivityThread(30402): 	at com.android.internal.os.ZygoteInit.main(ZygoteInit.java:601)
E/ActivityThread(30402): 	at dalvik.system.NativeStart.main(Native Method)
E/ActivityThread(30402): Service com.anydo.cal.floater.FloaterNotificationService has leaked IntentReceiver com.anydo.cal.objects.a@427bdf18 that was originally registered here. Are you missing a call to unregisterReceiver()?
E/ActivityThread(30402): android.app.IntentReceiverLeaked: Service com.anydo.cal.floater.FloaterNotificationService has leaked IntentReceiver com.anydo.cal.objects.a@427bdf18 that was originally registered here. Are you missing a call to unregisterReceiver()?
E/ActivityThread(30402): 	at android.app.LoadedApk$ReceiverDispatcher.<init>(LoadedApk.java:796)
E/ActivityThread(30402): 	at android.app.LoadedApk.getReceiverDispatcher(LoadedApk.java:597)
E/ActivityThread(30402): 	at android.app.ContextImpl.registerReceiverInternal(ContextImpl.java:1438)
E/ActivityThread(30402): 	at android.app.ContextImpl.registerReceiver(ContextImpl.java:1418)
E/ActivityThread(30402): 	at android.app.ContextImpl.registerReceiver(ContextImpl.java:1412)
E/ActivityThread(30402): 	at com.anydo.cal.objects.CalNotificationItem.d(SourceFile:603)
E/ActivityThread(30402): 	at com.anydo.cal.objects.CalNotificationItem.a(SourceFile:272)
E/ActivityThread(30402): 	at com.anydo.cal.objects.CalNotificationItem.checkState(SourceFile:738)
E/ActivityThread(30402): 	at com.anydo.cal.objects.CalNotificationItem.a(SourceFile:230)
E/ActivityThread(30402): 	at com.anydo.cal.objects.CalNotificationItem.reload(SourceFile:238)
E/ActivityThread(30402): 	at com.anydo.cal.floater.FloaterNotificationService.a(SourceFile:537)
E/ActivityThread(30402): 	at com.anydo.cal.floater.FloaterNotificationService.a(SourceFile:518)
E/ActivityThread(30402): 	at com.anydo.cal.floater.FloaterNotificationService.onStartCommand(SourceFile:369)
E/ActivityThread(30402): 	at android.app.ActivityThread.handleServiceArgs(ActivityThread.java:2688)
E/ActivityThread(30402): 	at android.app.ActivityThread.access$2100(ActivityThread.java:135)
E/ActivityThread(30402): 	at android.app.ActivityThread$H.handleMessage(ActivityThread.java:1293)
E/ActivityThread(30402): 	at android.os.Handler.dispatchMessage(Handler.java:102)
E/ActivityThread(30402): 	at android.os.Looper.loop(Looper.java:136)
E/ActivityThread(30402): 	at android.app.ActivityThread.main(ActivityThread.java:5001)
E/ActivityThread(30402): 	at java.lang.reflect.Method.invokeNative(Native Method)
E/ActivityThread(30402): 	at java.lang.reflect.Method.invoke(Method.java:515)
E/ActivityThread(30402): 	at com.android.internal.os.ZygoteInit$MethodAndArgsCaller.run(ZygoteInit.java:785)
E/ActivityThread(30402): 	at com.android.internal.os.ZygoteInit.main(ZygoteInit.java:601)
E/ActivityThread(30402): 	at dalvik.system.NativeStart.main(Native Method)
E/ActivityThread(30402): Service com.anydo.cal.floater.FloaterNotificationService has leaked IntentReceiver com.anydo.cal.objects.a@42828558 that was originally registered here. Are you missing a call to unregisterReceiver()?
E/ActivityThread(30402): android.app.IntentReceiverLeaked: Service com.anydo.cal.floater.FloaterNotificationService has leaked IntentReceiver com.anydo.cal.objects.a@42828558 that was originally registered here. Are you missing a call to unregisterReceiver()?
E/ActivityThread(30402): 	at android.app.LoadedApk$ReceiverDispatcher.<init>(LoadedApk.java:796)
E/ActivityThread(30402): 	at android.app.LoadedApk.getReceiverDispatcher(LoadedApk.java:597)
E/ActivityThread(30402): 	at android.app.ContextImpl.registerReceiverInternal(ContextImpl.java:1438)
E/ActivityThread(30402): 	at android.app.ContextImpl.registerReceiver(ContextImpl.java:1418)
E/ActivityThread(30402): 	at android.app.ContextImpl.registerReceiver(ContextImpl.java:1412)
E/ActivityThread(30402): 	at com.anydo.cal.objects.CalNotificationItem.d(SourceFile:603)
E/ActivityThread(30402): 	at com.anydo.cal.objects.CalNotificationItem.a(SourceFile:272)
E/ActivityThread(30402): 	at com.anydo.cal.objects.CalNotificationItem.checkState(SourceFile:738)
E/ActivityThread(30402): 	at com.anydo.cal.objects.CalNotificationItem.a(SourceFile:230)
E/ActivityThread(30402): 	at com.anydo.cal.objects.CalNotificationItem.reload(SourceFile:238)
E/ActivityThread(30402): 	at com.anydo.cal.floater.FloaterNotificationService.a(SourceFile:537)
E/ActivityThread(30402): 	at com.anydo.cal.floater.FloaterNotificationService.a(SourceFile:518)
E/ActivityThread(30402): 	at com.anydo.cal.floater.FloaterNotificationService.onStartCommand(SourceFile:369)
E/ActivityThread(30402): 	at android.app.ActivityThread.handleServiceArgs(ActivityThread.java:2688)
E/ActivityThread(30402): 	at android.app.ActivityThread.access$2100(ActivityThread.java:135)
E/ActivityThread(30402): 	at android.app.ActivityThread$H.handleMessage(ActivityThread.java:1293)
E/ActivityThread(30402): 	at android.os.Handler.dispatchMessage(Handler.java:102)
E/ActivityThread(30402): 	at android.os.Looper.loop(Looper.java:136)
E/ActivityThread(30402): 	at android.app.ActivityThread.main(ActivityThread.java:5001)
E/ActivityThread(30402): 	at java.lang.reflect.Method.invokeNative(Native Method)
E/ActivityThread(30402): 	at java.lang.reflect.Method.invoke(Method.java:515)
E/ActivityThread(30402): 	at com.android.internal.os.ZygoteInit$MethodAndArgsCaller.run(ZygoteInit.java:785)
E/ActivityThread(30402): 	at com.android.internal.os.ZygoteInit.main(ZygoteInit.java:601)
E/ActivityThread(30402): 	at dalvik.system.NativeStart.main(Native Method)
E/ActivityThread(30402): Service com.anydo.cal.floater.FloaterNotificationService has leaked IntentReceiver com.anydo.cal.objects.a@42998480 that was originally registered here. Are you missing a call to unregisterReceiver()?
E/ActivityThread(30402): android.app.IntentReceiverLeaked: Service com.anydo.cal.floater.FloaterNotificationService has leaked IntentReceiver com.anydo.cal.objects.a@42998480 that was originally registered here. Are you missing a call to unregisterReceiver()?
E/ActivityThread(30402): 	at android.app.LoadedApk$ReceiverDispatcher.<init>(LoadedApk.java:796)
E/ActivityThread(30402): 	at android.app.LoadedApk.getReceiverDispatcher(LoadedApk.java:597)
E/ActivityThread(30402): 	at android.app.ContextImpl.registerReceiverInternal(ContextImpl.java:1438)
E/ActivityThread(30402): 	at android.app.ContextImpl.registerReceiver(ContextImpl.java:1418)
E/ActivityThread(30402): 	at android.app.ContextImpl.registerReceiver(ContextImpl.java:1412)
E/ActivityThread(30402): 	at com.anydo.cal.objects.CalNotificationItem.d(SourceFile:603)
E/ActivityThread(30402): 	at com.anydo.cal.objects.CalNotificationItem.a(SourceFile:272)
E/ActivityThread(30402): 	at com.anydo.cal.objects.CalNotificationItem.checkState(SourceFile:738)
E/ActivityThread(30402): 	at com.anydo.cal.objects.CalNotificationItem.a(SourceFile:230)
E/ActivityThread(30402): 	at com.anydo.cal.objects.CalNotificationItem.reload(SourceFile:238)
E/ActivityThread(30402): 	at com.anydo.cal.floater.FloaterNotificationService.a(SourceFile:537)
E/ActivityThread(30402): 	at com.anydo.cal.floater.FloaterNotificationService.a(SourceFile:518)
E/ActivityThread(30402): 	at com.anydo.cal.floater.FloaterNotificationService.onStartCommand(SourceFile:369)
E/ActivityThread(30402): 	at android.app.ActivityThread.handleServiceArgs(ActivityThread.java:2688)
E/ActivityThread(30402): 	at android.app.ActivityThread.access$2100(ActivityThread.java:135)
E/ActivityThread(30402): 	at android.app.ActivityThread$H.handleMessage(ActivityThread.java:1293)
E/ActivityThread(30402): 	at android.os.Handler.dispatchMessage(Handler.java:102)
E/ActivityThread(30402): 	at android.os.Looper.loop(Looper.java:136)
E/ActivityThread(30402): 	at android.app.ActivityThread.main(ActivityThread.java:5001)
E/ActivityThread(30402): 	at java.lang.reflect.Method.invokeNative(Native Method)
E/ActivityThread(30402): 	at java.lang.reflect.Method.invoke(Method.java:515)
E/ActivityThread(30402): 	at com.android.internal.os.ZygoteInit$MethodAndArgsCaller.run(ZygoteInit.java:785)
E/ActivityThread(30402): 	at com.android.internal.os.ZygoteInit.main(ZygoteInit.java:601)
E/ActivityThread(30402): 	at dalvik.system.NativeStart.main(Native Method)
E/ActivityThread(30402): Service com.anydo.cal.floater.FloaterNotificationService has leaked IntentReceiver com.anydo.cal.objects.a@42a3d588 that was originally registered here. Are you missing a call to unregisterReceiver()?
E/ActivityThread(30402): android.app.IntentReceiverLeaked: Service com.anydo.cal.floater.FloaterNotificationService has leaked IntentReceiver com.anydo.cal.objects.a@42a3d588 that was originally registered here. Are you missing a call to unregisterReceiver()?
E/ActivityThread(30402): 	at android.app.LoadedApk$ReceiverDispatcher.<init>(LoadedApk.java:796)
E/ActivityThread(30402): 	at android.app.LoadedApk.getReceiverDispatcher(LoadedApk.java:597)
E/ActivityThread(30402): 	at android.app.ContextImpl.registerReceiverInternal(ContextImpl.java:1438)
E/ActivityThread(30402): 	at android.app.ContextImpl.registerReceiver(ContextImpl.java:1418)
E/ActivityThread(30402): 	at android.app.ContextImpl.registerReceiver(ContextImpl.java:1412)
E/ActivityThread(30402): 	at com.anydo.cal.objects.CalNotificationItem.d(SourceFile:603)
E/ActivityThread(30402): 	at com.anydo.cal.objects.CalNotificationItem.a(SourceFile:272)
E/ActivityThread(30402): 	at com.anydo.cal.objects.CalNotificationItem.checkState(SourceFile:738)
E/ActivityThread(30402): 	at com.anydo.cal.objects.CalNotificationItem.a(SourceFile:230)
E/ActivityThread(30402): 	at com.anydo.cal.objects.CalNotificationItem.reload(SourceFile:238)
E/ActivityThread(30402): 	at com.anydo.cal.floater.FloaterNotificationService.a(SourceFile:537)
E/ActivityThread(30402): 	at com.anydo.cal.floater.FloaterNotificationService.a(SourceFile:518)
E/ActivityThread(30402): 	at com.anydo.cal.floater.FloaterNotificationService.onStartCommand(SourceFile:369)
E/ActivityThread(30402): 	at android.app.ActivityThread.handleServiceArgs(ActivityThread.java:2688)
E/ActivityThread(30402): 	at android.app.ActivityThread.access$2100(ActivityThread.java:135)
E/ActivityThread(30402): 	at android.app.ActivityThread$H.handleMessage(ActivityThread.java:1293)
E/ActivityThread(30402): 	at android.os.Handler.dispatchMessage(Handler.java:102)
E/ActivityThread(30402): 	at android.os.Looper.loop(Looper.java:136)
E/ActivityThread(30402): 	at android.app.ActivityThread.main(ActivityThread.java:5001)
E/ActivityThread(30402): 	at java.lang.reflect.Method.invokeNative(Native Method)
E/ActivityThread(30402): 	at java.lang.reflect.Method.invoke(Method.java:515)
E/ActivityThread(30402): 	at com.android.internal.os.ZygoteInit$MethodAndArgsCaller.run(ZygoteInit.java:785)
E/ActivityThread(30402): 	at com.android.internal.os.ZygoteInit.main(ZygoteInit.java:601)
E/ActivityThread(30402): 	at dalvik.system.NativeStart.main(Native Method)
E/ActivityThread(30402): Service com.anydo.cal.floater.FloaterNotificationService has leaked IntentReceiver com.anydo.cal.objects.a@42a6fbd0 that was originally registered here. Are you missing a call to unregisterReceiver()?
E/ActivityThread(30402): android.app.IntentReceiverLeaked: Service com.anydo.cal.floater.FloaterNotificationService has leaked IntentReceiver com.anydo.cal.objects.a@42a6fbd0 that was originally registered here. Are you missing a call to unregisterReceiver()?
E/ActivityThread(30402): 	at android.app.LoadedApk$ReceiverDispatcher.<init>(LoadedApk.java:796)
E/ActivityThread(30402): 	at android.app.LoadedApk.getReceiverDispatcher(LoadedApk.java:597)
E/ActivityThread(30402): 	at android.app.ContextImpl.registerReceiverInternal(ContextImpl.java:1438)
E/ActivityThread(30402): 	at android.app.ContextImpl.registerReceiver(ContextImpl.java:1418)
E/ActivityThread(30402): 	at android.app.ContextImpl.registerReceiver(ContextImpl.java:1412)
E/ActivityThread(30402): 	at com.anydo.cal.objects.CalNotificationItem.d(SourceFile:603)
E/ActivityThread(30402): 	at com.anydo.cal.objects.CalNotificationItem.a(SourceFile:272)
E/ActivityThread(30402): 	at com.anydo.cal.objects.CalNotificationItem.checkState(SourceFile:738)
E/ActivityThread(30402): 	at com.anydo.cal.objects.CalNotificationItem.a(SourceFile:230)
E/ActivityThread(30402): 	at com.anydo.cal.objects.CalNotificationItem.reload(SourceFile:238)
E/ActivityThread(30402): 	at com.anydo.cal.floater.FloaterNotificationService.a(SourceFile:537)
E/ActivityThread(30402): 	at com.anydo.cal.floater.FloaterNotificationService.a(SourceFile:518)
E/ActivityThread(30402): 	at com.anydo.cal.floater.FloaterNotificationService.onStartCommand(SourceFile:369)
E/ActivityThread(30402): 	at android.app.ActivityThread.handleServiceArgs(ActivityThread.java:2688)
E/ActivityThread(30402): 	at android.app.ActivityThread.access$2100(ActivityThread.java:135)
E/ActivityThread(30402): 	at android.app.ActivityThread$H.handleMessage(ActivityThread.java:1293)
E/ActivityThread(30402): 	at android.os.Handler.dispatchMessage(Handler.java:102)
E/ActivityThread(30402): 	at android.os.Looper.loop(Looper.java:136)
E/ActivityThread(30402): 	at android.app.ActivityThread.main(ActivityThread.java:5001)
E/ActivityThread(30402): 	at java.lang.reflect.Method.invokeNative(Native Method)
E/ActivityThread(30402): 	at java.lang.reflect.Method.invoke(Method.java:515)
E/ActivityThread(30402): 	at com.android.internal.os.ZygoteInit$MethodAndArgsCaller.run(ZygoteInit.java:785)
E/ActivityThread(30402): 	at com.android.internal.os.ZygoteInit.main(ZygoteInit.java:601)
E/ActivityThread(30402): 	at dalvik.system.NativeStart.main(Native Method)
W/ContextImpl(30383): Calling a method in the system process without a qualified user: android.app.ContextImpl.bindService:1551 android.content.ContextWrapper.bindService:517 android.bluetooth.BluetoothA2dp.doBind:165 android.bluetooth.BluetoothA2dp.<init>:158 android.bluetooth.BluetoothAdapter.getProfileProxy:1364 
W/ContextImpl(30383): Calling a method in the system process without a qualified user: android.app.ContextImpl.bindService:1551 android.content.ContextWrapper.bindService:517 android.bluetooth.BluetoothHeadset.doBind:283 android.bluetooth.BluetoothHeadset.<init>:276 android.bluetooth.BluetoothAdapter.getProfileProxy:1361 
W/ContextImpl(30383): Calling a method in the system process without a qualified user: android.app.ContextImpl.bindService:1551 android.content.ContextWrapper.bindService:517 android.bluetooth.BluetoothInputDevice.doBind:245 android.bluetooth.BluetoothInputDevice.<init>:238 android.bluetooth.BluetoothAdapter.getProfileProxy:1367 
W/ContextImpl(30383): Calling a method in the system process without a qualified user: android.app.ContextImpl.bindService:1551 android.content.ContextWrapper.bindService:517 android.bluetooth.BluetoothPan.doBind:149 android.bluetooth.BluetoothPan.<init>:141 android.bluetooth.BluetoothAdapter.getProfileProxy:1370 
W/ContextImpl(30383): Calling a method in the system process without a qualified user: android.app.ContextImpl.bindService:1551 android.content.ContextWrapper.bindService:517 android.bluetooth.BluetoothMap.doBind:109 android.bluetooth.BluetoothMap.<init>:102 android.bluetooth.BluetoothAdapter.getProfileProxy:1376 
W/ContextImpl(30383): Calling a method in the system process without a qualified user: android.app.ContextImpl.bindService:1551 android.content.ContextWrapper.bindService:517 android.bluetooth.BluetoothPbap.doBind:164 android.bluetooth.BluetoothPbap.<init>:157 com.android.settings.bluetooth.PbapServerProfile.<init>:68 
W/ContextImpl(30383): Calling a method in the system process without a qualified user: android.app.ContextImpl.startActivity:1028 android.content.ContextWrapper.startActivity:311 android.content.ContextWrapper.startActivity:311 com.android.settings.bluetooth.BluetoothPairingRequest.onReceive:72 android.app.ActivityThread.handleReceiver:2407 
W/ContextImpl(30383): Calling a method in the system process without a qualified user: android.app.ContextImpl.startActivity:1040 android.app.ContextImpl.startActivity:1029 android.content.ContextWrapper.startActivity:311 android.content.ContextWrapper.startActivity:311 com.android.settings.bluetooth.BluetoothPairingRequest.onReceive:72 
I/ActivityManager(  776): START u0 {act=android.bluetooth.device.action.PAIRING_REQUEST flg=0x10000000 cmp=com.android.settings/.bluetooth.BluetoothPairingDialog (has extras)} from pid 30383
W/ContextImpl(30383): Calling a method in the system process without a qualified user: android.app.ContextImpl.startActivity:1028 android.content.ContextWrapper.startActivity:311 android.content.ContextWrapper.startActivity:311 com.android.settings.bluetooth.BluetoothPairingRequest.onReceive:72 android.app.ActivityThread.handleReceiver:2407 
W/ContextImpl(30383): Calling a method in the system process without a qualified user: android.app.ContextImpl.startActivity:1040 android.app.ContextImpl.startActivity:1029 android.content.ContextWrapper.startActivity:311 android.content.ContextWrapper.startActivity:311 com.android.settings.bluetooth.BluetoothPairingRequest.onReceive:72 
I/ActivityManager(  776): START u0 {act=android.bluetooth.device.action.PAIRING_REQUEST flg=0x10000000 cmp=com.android.settings/.bluetooth.BluetoothPairingDialog (has extras)} from pid 30383
I/ActivityManager(  776): START u0 {act=android.intent.action.MAIN cat=[android.intent.category.HOME] flg=0x10200000 cmp=com.google.android.googlequicksearchbox/com.google.android.launcher.GEL} from pid 776
W/InputMethodManagerService(  776): Focus gain on non-focused client com.android.internal.view.IInputMethodClient$Stub$Proxy@426c2f38 (uid=10236 pid=29763)
V/DeadZone(  888): consuming errant click: (556.0,14.0)
I/ActivityManager(  776): START u0 {act=android.intent.action.DELETE dat=package:com.anydo.cal flg=0x10800000 cmp=com.android.packageinstaller/.UninstallerActivity} from pid 1091
I/ActivityManager(  776): Start proc com.android.packageinstaller for activity com.android.packageinstaller/.UninstallerActivity: pid=30948 uid=10060 gids={50060, 1028}
I/ActivityManager(  776): START u0 {act=android.intent.action.VIEW cmp=com.android.packageinstaller/.UninstallAppProgress (has extras)} from pid 30948
I/ActivityManager(  776): Force stopping com.anydo.cal appid=10074 user=-1: uninstall pkg
I/ActivityManager(  776): Killing 30402:com.anydo.cal/u0a74 (adj 13): stop com.anydo.cal
W/PackageManager(  776): Couldn't delete native library directory /data/app-lib/com.anydo.cal
I/ActivityManager(  776): Force stopping com.anydo.cal appid=10074 user=0: pkg removed
I/PackageManager(  776): Adding preferred activity ComponentInfo{com.google.android.talk/com.google.android.apps.hangouts.phone.BabelHomeActivity} for user 0 :
I/PackageManager(  776): Adding preferred activity ComponentInfo{com.google.android.talk/com.google.android.apps.hangouts.phone.BabelHomeActivity} for user 0 :
I/PackageManager(  776): Adding preferred activity ComponentInfo{com.google.android.talk/com.google.android.apps.hangouts.phone.BabelHomeActivity} for user 0 :
W/InputMethodInfo(  776): Duplicated subtype definition found: , voice
I/PackageManager(  776): Adding preferred activity ComponentInfo{com.google.android.talk/com.google.android.apps.hangouts.phone.BabelHomeActivity} for user 0 :
I/PackageManager(  776): Adding preferred activity ComponentInfo{com.google.android.talk/com.google.android.apps.hangouts.phone.BabelHomeActivity} for user 0 :
D/BackupManagerService(  776): Received broadcast Intent { act=android.intent.action.PACKAGE_REMOVED dat=package:com.anydo.cal flg=0x4000010 (has extras) }
V/BackupManagerService(  776): removePackageParticipantsLocked: uid=10074 #1
I/PackageManager(  776): Adding preferred activity ComponentInfo{com.google.android.talk/com.google.android.apps.hangouts.phone.BabelHomeActivity} for user 0 :
I/PackageManager(  776): Adding preferred activity ComponentInfo{com.google.android.talk/com.google.android.apps.hangouts.phone.BabelHomeActivity} for user 0 :
I/ActivityManager(  776): Start proc com.android.keychain for broadcast com.android.keychain/.KeyChainBroadcastReceiver: pid=31006 uid=1000 gids={41000, 1028, 1015, 3002, 3001, 3003}
I/PackageManager(  776): Adding preferred activity ComponentInfo{com.google.android.talk/com.google.android.apps.hangouts.phone.BabelHomeActivity} for user 0 :
I/ActivityManager(  776): Start proc com.android.defcontainer for service com.android.defcontainer/.DefaultContainerService: pid=31018 uid=10004 gids={50004, 1028, 1015, 1023, 2001, 1035}
W/ContextImpl(31006): Calling a method in the system process without a qualified user: android.app.ContextImpl.startService:1487 android.content.ContextWrapper.startService:494 android.content.ContextWrapper.startService:494 com.android.keychain.KeyChainBroadcastReceiver.onReceive:12 android.app.ActivityThread.handleReceiver:2407 
I/ActivityManager(  776): Killing 30029:com.google.android.email/u0a36 (adj 15): empty #17
I/ActivityManager(  776): Delay finish: com.google.android.googlequicksearchbox/.GelStubAppWatcher
I/ActivityManager(  776): Resuming delayed broadcast
I/ActivityManager(  776): Start proc com.android.documentsui for broadcast com.android.documentsui/.PackageReceiver: pid=31045 uid=10034 gids={50034}
I/ActivityManager(  776): Killing 30323:com.google.android.gm/u0a41 (adj 15): empty #17
I/ActivityManager(  776): Start proc com.android.externalstorage for content provider com.android.externalstorage/.ExternalStorageProvider: pid=31058 uid=10006 gids={50006, 1028, 1015, 1023}
I/ActivityManager(  776): Killing 30492:com.google.android.apps.genie.geniewidget/u0a40 (adj 15): empty #17
I/ActivityManager(  776): START u0 {act=com.android.systemui.recent.action.TOGGLE_RECENTS flg=0x10800000 cmp=com.android.systemui/.recent.RecentsActivity} from pid 888
I/ActivityManager(  776): Killing 30573:com.google.android.apps.magazines/u0a56 (adj 15): empty #17
W/InputMethodManagerService(  776): Window already focused, ignoring focus gain of: com.android.internal.view.IInputMethodClient$Stub$Proxy@42daaa90 attribute=null, token = android.os.BinderProxy@43027c00
I/ActivityManager(  776): Start proc uk.co.finebyte.pebbleglance for service uk.co.finebyte.pebbleglance/.GlanceMsgUpdateService: pid=31153 uid=10212 gids={50212, 3003, 1028, 1015}
D/ConnectivityService(  776): Sampling interval elapsed, updating statistics ..
D/ConnectivityService(  776): Done.
D/ConnectivityService(  776): Setting timer for 720seconds
W/ContextImpl(30383): Calling a method in the system process without a qualified user: android.app.ContextImpl.startActivity:1028 android.content.ContextWrapper.startActivity:311 android.content.ContextWrapper.startActivity:311 com.android.settings.bluetooth.BluetoothPairingRequest.onReceive:72 android.app.ActivityThread.handleReceiver:2407 
W/ContextImpl(30383): Calling a method in the system process without a qualified user: android.app.ContextImpl.startActivity:1040 android.app.ContextImpl.startActivity:1029 android.content.ContextWrapper.startActivity:311 android.content.ContextWrapper.startActivity:311 com.android.settings.bluetooth.BluetoothPairingRequest.onReceive:72 
I/ActivityManager(  776): START u0 {act=android.bluetooth.device.action.PAIRING_REQUEST flg=0x10000000 cmp=com.android.settings/.bluetooth.BluetoothPairingDialog (has extras)} from pid 30383
I/ActivityManager(  776): Start proc com.google.android.gm for content provider com.google.android.gm/.provider.PublicContentProvider: pid=31186 uid=10041 gids={50041, 3003, 1028, 1015}
D/ActivityThread(31186): Loading provider com.android.gmail.ui: com.google.android.gm.provider.GmailProvider
D/ActivityThread(31186): Loading provider com.google.android.gmail.provider;com.android.mail.notifier;com.google.android.gm.email.provider;com.google.android.gm.email.notifier: com.android.email.provider.EmailProvider
W/ActivityManager(  776): Unable to start service Intent { act=com.google.android.gm.email.EXCHANGE_INTENT pkg=com.google.android.gm.exchange } U=0: not found
W/ActivityManager(  776): Unable to start service Intent { act=com.google.android.gm.email.EXCHANGE_INTENT pkg=com.google.android.gm.exchange } U=0: not found
D/ActivityThread(31186): Loading provider com.google.android.gmail.provider;com.android.mail.notifier;com.google.android.gm.email.provider;com.google.android.gm.email.notifier: com.android.email.provider.EmailProvider
W/ActivityManager(  776): Unable to start service Intent { act=com.google.android.gm.email.EXCHANGE_INTENT pkg=com.google.android.gm.exchange } U=0: not found
D/ActivityThread(31186): Loading provider com.google.android.gmail.provider;com.android.mail.notifier;com.google.android.gm.email.provider;com.google.android.gm.email.notifier: com.android.email.provider.EmailProvider
W/ActivityManager(  776): Unable to start service Intent { act=com.google.android.gm.email.EXCHANGE_INTENT pkg=com.google.android.gm.exchange } U=0: not found
W/InputMethodManagerService(  776): Window already focused, ignoring focus gain of: com.android.internal.view.IInputMethodClient$Stub$Proxy@432285a0 attribute=null, token = android.os.BinderProxy@43027c00
W/ActivityManager(  776): Unable to start service Intent { cmp=com.google.android.gm/com.android.email.service.AttachmentService } U=0: not found
W/ActivityManager(  776): Unable to start service Intent { cmp=com.google.android.gm/com.android.email.service.AttachmentService } U=0: not found
W/ActivityManager(  776): Unable to start service Intent { cmp=com.google.android.gm/com.android.email.service.AttachmentService } U=0: not found
W/ActivityManager(  776): Unable to start service Intent { act=com.google.android.gm.email.EXCHANGE_INTENT pkg=com.google.android.gm.exchange } U=0: not found
W/ActivityManager(  776): Unable to start service Intent { cmp=com.google.android.gm/com.android.email.service.AttachmentService } U=0: not found
W/ActivityManager(  776): Unable to start service Intent { act=com.google.android.gm.email.EXCHANGE_INTENT pkg=com.google.android.gm.exchange } U=0: not found
W/ActivityManager(  776): Unable to start service Intent { act=com.google.android.gm.email.EXCHANGE_INTENT pkg=com.google.android.gm.exchange } U=0: not found
I/ActivityManager(  776): Killing 30639:com.google.android.ears/u0a43 (adj 15): empty #17
W/ActivityManager(  776): Unable to start service Intent { act=com.google.android.gm.email.EXCHANGE_INTENT pkg=com.google.android.gm.exchange } U=0: not found
I/ActivityManager(  776): Killing 30561:com.google.android.gallery3d/u0a39 (adj 15): empty #17
W/ActivityManager(  776): Unable to start service Intent { act=com.google.android.gm.email.EXCHANGE_INTENT pkg=com.google.android.gm.exchange } U=0: not found
I/ActivityManager(  776): Killing 30709:com.android.chrome/u0a31 (adj 15): empty #17
V/DeadZone(  888): consuming errant click: (204.0,0.0)
I/ActivityManager(  776): START u0 {act=android.settings.BLUETOOTH_SETTINGS flg=0x14000000 cmp=com.android.settings/.Settings$BluetoothSettingsActivity} from pid 888
W/ContextImpl(30383): Calling a method in the system process without a qualified user: android.app.ContextImpl.startActivity:1028 android.content.ContextWrapper.startActivity:311 android.content.ContextWrapper.startActivity:311 com.android.settings.bluetooth.BluetoothPairingRequest.onReceive:72 android.app.ActivityThread.handleReceiver:2407 
W/ContextImpl(30383): Calling a method in the system process without a qualified user: android.app.ContextImpl.startActivity:1040 android.app.ContextImpl.startActivity:1029 android.content.ContextWrapper.startActivity:311 android.content.ContextWrapper.startActivity:311 com.android.settings.bluetooth.BluetoothPairingRequest.onReceive:72 
I/ActivityManager(  776): START u0 {act=android.bluetooth.device.action.PAIRING_REQUEST flg=0x10000000 cmp=com.android.settings/.bluetooth.BluetoothPairingDialog (has extras)} from pid 30383
W/BackupManagerService(  776): dataChanged but no participant pkg='com.android.providers.settings' uid=1002
W/BackupManagerService(  776): dataChanged but no participant pkg='com.android.providers.settings' uid=1002
W/BackupManagerService(  776): dataChanged but no participant pkg='com.android.providers.settings' uid=1002
W/InputMethodManagerService(  776): Window already focused, ignoring focus gain of: com.android.internal.view.IInputMethodClient$Stub$Proxy@431f8260 attribute=null, token = android.os.BinderProxy@42d513d8
I/ActivityManager(  776): START u0 {act=com.android.systemui.recent.action.TOGGLE_RECENTS flg=0x10800000 cmp=com.android.systemui/.recent.RecentsActivity (has extras)} from pid 888
W/InputMethodManagerService(  776): Starting input on non-focused client com.android.internal.view.IInputMethodClient$Stub$Proxy@431d1388 (uid=1000 pid=30383)
--------- beginning of /dev/log/main
I/PebbleApplication(29778): [AbsDeviceService] Data sent to Pebble D0B5
V/PebbleApplication(29778): [PebbleKitReceiver] action = com.getpebble.action.app.SEND
D/PebbleApplication(29763): [OnboardingActivity] runPrfInstallIfNeeded: firmware = v2.8-beta5
D/PebbleApplication(29778): [MessageRouter] Sending request to normalEndpointSet for: APP_MESSAGE
D/PebbleApplication(29778): [NormalEndpointSet] Sending request to AppMessageEndpoint
V/PebbleApplication(29778): [AppMessageEndpoint] onRequest
D/PebbleApplication(29778): [MessageSender] Sending message of type: PblOutboundAppMessage
D/PebbleApplication(29778): [ByteUtils] 4b 76 00 64 14 88 40 44 96 7a 1b 1d 3a b3 05 74
V/PebbleApplication(29778): [AppMessageEndpoint] outbound>> appmessage command = PUSH transactionId = 2 uuid = 4b760064-1488-4044-967a-1b1d3ab30574
D/PebbleApplication(29778): [RemoteDevice] size: 112
V/PebbleApplication(29778): [JsAppLifecycleListener] handleWatchAppStarted: 07e0d9cb-8957-4bf7-9d42-35bf47caadfe
I/PebbleApplication(29778): [AbsDeviceService] Data sent to Pebble D0B5
D/PebbleApplication(29778): [PebbleWebappBaseActivity] Construction: New JsKit()
D/PebbleApplication(29763): [FirmwareUpdateFragment] Got connected changed message:  connected? true
V/PebbleApplication(29778): [JsKit] onWatchAppStarted()
D/PebbleApplication(29778): [JsKit] dumpCurrentJsApps:- (0)
D/PebbleApplication(29763): [OnboardingActivity] runPrfInstallIfNeeded: firmware = v2.8-beta5
D/PebbleApplication(29778): [RemoteDevice] size: 107
I/PebbleApplication(29778): [AbsDeviceService] Data sent to Pebble D0B5
E/PebbleApplication(29778): [JsApplicationInfo] unable to decode UUID
E/PebbleApplication(29778): java.lang.NullPointerException: uuid == null
E/PebbleApplication(29778): 	at java.util.UUID.fromString(UUID.java:182)
E/PebbleApplication(29778): 	at com.getpebble.android.jskit.JsApplicationInfo.getUuid(JsApplicationInfo.java:100)
E/PebbleApplication(29778): 	at com.getpebble.android.jskit.JsInstalledApplicationInfo.getUuid(JsInstalledApplicationInfo.java:199)
E/PebbleApplication(29778): 	at com.getpebble.android.jskit.webapps.JsKit.launchInstanceOf(JsKit.java:2858)
E/PebbleApplication(29778): 	at com.getpebble.android.jskit.webapps.JsKit.launchInstanceOf(JsKit.java:2836)
E/PebbleApplication(29778): 	at com.getpebble.android.jskit.webapps.JsKit.launchInstanceOf(JsKit.java:2833)
E/PebbleApplication(29778): 	at com.getpebble.android.jskit.webapps.JsKit.onWatchAppStartedSequenced(JsKit.java:554)
E/PebbleApplication(29778): 	at com.getpebble.android.jskit.webapps.JsKit.onWatchAppStarted(JsKit.java:550)
E/PebbleApplication(29778): 	at com.getpebble.android.jskit.bridge.JsAppLifecycleListener.handleWatchAppStarted(JsAppLifecycleListener.java:82)
E/PebbleApplication(29778): 	at com.getpebble.android.jskit.bridge.JsAppLifecycleListener.onReceive(JsAppLifecycleListener.java:43)
E/PebbleApplication(29778): 	at android.app.ActivityThread.handleReceiver(ActivityThread.java:2407)
E/PebbleApplication(29778): 	at android.app.ActivityThread.access$1700(ActivityThread.java:135)
E/PebbleApplication(29778): 	at android.app.ActivityThread$H.handleMessage(ActivityThread.java:1272)
E/PebbleApplication(29778): 	at android.os.Handler.dispatchMessage(Handler.java:102)
E/PebbleApplication(29778): 	at android.os.Looper.loop(Looper.java:136)
E/PebbleApplication(29778): 	at android.app.ActivityThread.main(ActivityThread.java:5001)
E/PebbleApplication(29778): 	at java.lang.reflect.Method.invokeNative(Native Method)
E/PebbleApplication(29778): 	at java.lang.reflect.Method.invoke(Method.java:515)
E/PebbleApplication(29778): 	at com.android.internal.os.ZygoteInit$MethodAndArgsCaller.run(ZygoteInit.java:785)
E/PebbleApplication(29778): 	at com.android.internal.os.ZygoteInit.main(ZygoteInit.java:601)
E/PebbleApplication(29778): 	at dalvik.system.NativeStart.main(Native Method)
D/PebbleApplication(29778): [JsKit] Purging timeout handler
D/PebbleApplication(29778): [JsKit] launchInstanceOf() for [(special_native_app_id_object)] is a SPECIAL CASE; This is a Native app on the watch. No launch action here.
D/PebbleApplication(29778): [PreferenceCache] commit()
D/PebbleApplication(29778): [PreferenceCache] commit()
D/PebbleApplication(29778): [PreferenceCache] commit()
D/PebbleApplication(29778): [JsKit] getWebappInfoByUuid: rv is null
D/PebbleApplication(29778): [JsKit] launchInstanceOf() for [(special_native_app_id_object)] is a NO-Go.
D/dalvikvm(29778): GC_FOR_ALLOC freed 467K, 9% free 18198K/19884K, paused 14ms, total 14ms
V/PebbleApplication(29778): [JsAppLifecycleListener] handleWatchAppStarted: 07e0d9cb-8957-4bf7-9d42-35bf47caadfe
V/PebbleApplication(29778): [JsKit] onWatchAppStarted()
D/PebbleApplication(29778): [JsKit] dumpCurrentJsApps:- (0)
V/PebbleApplication(29778): [AnalyticsLogger] Logged analytics event: events
E/PebbleApplication(29778): [JsApplicationInfo] unable to decode UUID
E/PebbleApplication(29778): java.lang.NullPointerException: uuid == null
E/PebbleApplication(29778): 	at java.util.UUID.fromString(UUID.java:182)
E/PebbleApplication(29778): 	at com.getpebble.android.jskit.JsApplicationInfo.getUuid(JsApplicationInfo.java:100)
E/PebbleApplication(29778): 	at com.getpebble.android.jskit.JsInstalledApplicationInfo.getUuid(JsInstalledApplicationInfo.java:199)
E/PebbleApplication(29778): 	at com.getpebble.android.jskit.webapps.JsKit.launchInstanceOf(JsKit.java:2858)
E/PebbleApplication(29778): 	at com.getpebble.android.jskit.webapps.JsKit.launchInstanceOf(JsKit.java:2836)
E/PebbleApplication(29778): 	at com.getpebble.android.jskit.webapps.JsKit.launchInstanceOf(JsKit.java:2833)
E/PebbleApplication(29778): 	at com.getpebble.android.jskit.webapps.JsKit.onWatchAppStartedSequenced(JsKit.java:554)
E/PebbleApplication(29778): 	at com.getpebble.android.jskit.webapps.JsKit.onWatchAppStarted(JsKit.java:550)
E/PebbleApplication(29778): 	at com.getpebble.android.jskit.bridge.JsAppLifecycleListener.handleWatchAppStarted(JsAppLifecycleListener.java:82)
E/PebbleApplication(29778): 	at com.getpebble.android.jskit.bridge.JsAppLifecycleListener.onReceive(JsAppLifecycleListener.java:43)
E/PebbleApplication(29778): 	at android.app.ActivityThread.handleReceiver(ActivityThread.java:2407)
E/PebbleApplication(29778): 	at android.app.ActivityThread.access$1700(ActivityThread.java:135)
E/PebbleApplication(29778): 	at android.app.ActivityThread$H.handleMessage(ActivityThread.java:1272)
E/PebbleApplication(29778): 	at android.os.Handler.dispatchMessage(Handler.java:102)
E/PebbleApplication(29778): 	at android.os.Looper.loop(Looper.java:136)
E/PebbleApplication(29778): 	at android.app.ActivityThread.main(ActivityThread.java:5001)
E/PebbleApplication(29778): 	at java.lang.reflect.Method.invokeNative(Native Method)
E/PebbleApplication(29778): 	at java.lang.reflect.Method.invoke(Method.java:515)
E/PebbleApplication(29778): 	at com.android.internal.os.ZygoteInit$MethodAndArgsCaller.run(ZygoteInit.java:785)
E/PebbleApplication(29778): 	at com.android.internal.os.ZygoteInit.main(ZygoteInit.java:601)
E/PebbleApplication(29778): 	at dalvik.system.NativeStart.main(Native Method)
D/PebbleApplication(29778): [JsKit] Purging timeout handler
D/PebbleApplication(29778): [JsKit] launchInstanceOf() for [(special_native_app_id_object)] is a SPECIAL CASE; This is a Native app on the watch. No launch action here.
D/PebbleApplication(29778): [JsKit] getWebappInfoByUuid: rv is null
D/PebbleApplication(29778): [JsKit] launchInstanceOf() for [(special_native_app_id_object)] is a NO-Go.
V/PebbleApplication(29778): [AnalyticsLogger] Logged analytics event: events
D/PebbleApplication(29778): [MessageRouter] Got protocol message for APP_MESSAGE (48)
D/PebbleApplication(29778): [MessageRouter] Received protocol message from PEBBLE D0B5; sending to APP_MESSAGE endpoint in NormalEndpointSet
D/PebbleApplication(29778): [NormalEndpointSet] Sending protocol message to AppMessageEndpoint
V/PebbleApplication(29778): [AppMessageEndpoint] inbound<< appmessage command = NACK transactionId = 1 uuid = null
D/PebbleApplication(29778): [PebbleKit] About to broadcast AppMessage: Intent { act=com.getpebble.action.app.RECEIVE_NACK (has extras) }
V/PebbleApplication(29778): [PblAsyncTask] submit() LoadPreferencesAsyncTask
V/PebbleApplication(29763): [PblAsyncTask] submit() LoadPreferencesAsyncTask
D/PebbleApplication(29778): [MessageRouter] Got protocol message for APP_MESSAGE (48)
D/PebbleApplication(29778): [MessageRouter] Received protocol message from PEBBLE D0B5; sending to APP_MESSAGE endpoint in NormalEndpointSet
D/PebbleApplication(29778): [NormalEndpointSet] Sending protocol message to AppMessageEndpoint
V/PebbleApplication(29778): [AppMessageEndpoint] inbound<< appmessage command = NACK transactionId = 2 uuid = null
D/PebbleApplication(29778): [PebbleKit] About to broadcast AppMessage: Intent { act=com.getpebble.action.app.RECEIVE_NACK (has extras) }
D/PebbleApplication(29778): [JsKit] onAppMessageReceivedEvent: unknown UUID; transaction ID = 1
D/dalvikvm(  888): GC_CONCURRENT freed 2141K, 51% free 23725K/47808K, paused 1ms+4ms, total 29ms
D/PebbleApplication(29778): [PreferenceCache] Size estimate from cursor: 635
D/PebbleApplication(29778): [JsKit] onAppMessageReceivedEvent: unknown UUID; transaction ID = 2
V/PebbleApplication(29778): [PblAsyncTask] submit() LoadPreferencesAsyncTask
V/PebbleApplication(29763): [PblAsyncTask] submit() LoadPreferencesAsyncTask
D/PebbleApplication(29763): [PreferenceCache] Size estimate from cursor: 713
D/PebbleApplication(29778): [PreferenceCache] Size estimate from cursor: 713
V/PebbleApplication(29778): [PebbleKitReceiver] action = com.getpebble.action.app.SEND
D/PebbleApplication(29778): [MessageRouter] Sending request to normalEndpointSet for: APP_MESSAGE
D/PebbleApplication(29778): [NormalEndpointSet] Sending request to AppMessageEndpoint
V/PebbleApplication(29778): [AppMessageEndpoint] onRequest
D/PebbleApplication(29778): [MessageSender] Sending message of type: PblOutboundAppMessage
D/PebbleApplication(29763): [PreferenceCache] Size estimate from cursor: 713
D/PebbleApplication(29778): [ByteUtils] 4b 76 00 64 14 88 40 44 96 7a 1b 1d 3a b3 05 74
V/PebbleApplication(29778): [AppMessageEndpoint] outbound>> appmessage command = PUSH transactionId = 1 uuid = 4b760064-1488-4044-967a-1b1d3ab30574
D/PebbleApplication(29778): [RemoteDevice] size: 112
I/PebbleApplication(29778): [AbsDeviceService] Data sent to Pebble D0B5
V/PebbleApplication(29778): [PblAsyncTask] submit() LoadPreferencesAsyncTask
V/PebbleApplication(29778): [PebbleKitReceiver] action = com.getpebble.action.app.SEND
V/PebbleApplication(29763): [PblAsyncTask] submit() LoadPreferencesAsyncTask
D/PebbleApplication(29778): [MessageRouter] Sending request to normalEndpointSet for: APP_MESSAGE
D/PebbleApplication(29778): [NormalEndpointSet] Sending request to AppMessageEndpoint
V/PebbleApplication(29778): [AppMessageEndpoint] onRequest
D/PebbleApplication(29778): [MessageSender] Sending message of type: PblOutboundAppMessage
D/PebbleApplication(29778): [ByteUtils] 4b 76 00 64 14 88 40 44 96 7a 1b 1d 3a b3 05 74
V/PebbleApplication(29778): [AppMessageEndpoint] outbound>> appmessage command = PUSH transactionId = 2 uuid = 4b760064-1488-4044-967a-1b1d3ab30574
D/PebbleApplication(29778): [RemoteDevice] size: 107
I/PebbleApplication(29778): [AbsDeviceService] Data sent to Pebble D0B5
D/dalvikvm(31153): GC_CONCURRENT freed 384K, 3% free 17469K/17888K, paused 1ms+1ms, total 35ms
D/PebbleApplication(29778): [PreferenceCache] Size estimate from cursor: 773
D/PebbleApplication(29778): [MessageRouter] Got protocol message for APP_MESSAGE (48)
D/PebbleApplication(29778): [MessageRouter] Received protocol message from PEBBLE D0B5; sending to APP_MESSAGE endpoint in NormalEndpointSet
D/PebbleApplication(29763): [PreferenceCache] Size estimate from cursor: 773
D/dalvikvm(29778): GC_FOR_ALLOC freed 541K, 9% free 18168K/19884K, paused 12ms, total 13ms
D/PebbleApplication(29778): [NormalEndpointSet] Sending protocol message to AppMessageEndpoint
V/PebbleApplication(29778): [AppMessageEndpoint] inbound<< appmessage command = NACK transactionId = 1 uuid = null
D/PebbleApplication(29778): [PebbleKit] About to broadcast AppMessage: Intent { act=com.getpebble.action.app.RECEIVE_NACK (has extras) }
D/PebbleApplication(29778): [JsKit] onAppMessageReceivedEvent: unknown UUID; transaction ID = 1
V/PebbleApplication(29778): [PebbleKitReceiver] action = com.getpebble.action.app.SEND
D/PebbleApplication(29778): [MessageRouter] Sending request to normalEndpointSet for: APP_MESSAGE
D/PebbleApplication(29778): [NormalEndpointSet] Sending request to AppMessageEndpoint
V/PebbleApplication(29778): [AppMessageEndpoint] onRequest
D/PebbleApplication(29778): [MessageSender] Sending message of type: PblOutboundAppMessage
D/PebbleApplication(29778): [ByteUtils] 4b 76 00 64 14 88 40 44 96 7a 1b 1d 3a b3 05 74
D/PebbleApplication(29778): [RemoteDevice] size: 112
V/PebbleApplication(29778): [AppMessageEndpoint] outbound>> appmessage command = PUSH transactionId = 1 uuid = 4b760064-1488-4044-967a-1b1d3ab30574
D/PebbleApplication(29778): [MessageRouter] Got protocol message for APP_MESSAGE (48)
D/PebbleApplication(29778): [MessageRouter] Received protocol message from PEBBLE D0B5; sending to APP_MESSAGE endpoint in NormalEndpointSet
D/PebbleApplication(29778): [NormalEndpointSet] Sending protocol message to AppMessageEndpoint
V/PebbleApplication(29778): [AppMessageEndpoint] inbound<< appmessage command = NACK transactionId = 2 uuid = null
D/PebbleApplication(29778): [PebbleKit] About to broadcast AppMessage: Intent { act=com.getpebble.action.app.RECEIVE_NACK (has extras) }
I/PebbleApplication(29778): [AbsDeviceService] Data sent to Pebble D0B5
D/dalvikvm(29763): GC_FOR_ALLOC freed 651K, 37% free 22285K/34892K, paused 23ms, total 23ms
D/PebbleApplication(29778): [JsKit] onAppMessageReceivedEvent: unknown UUID; transaction ID = 2
V/PebbleApplication(29778): [PebbleKitReceiver] action = com.getpebble.action.app.SEND
D/PebbleApplication(29778): [MessageRouter] Sending request to normalEndpointSet for: APP_MESSAGE
D/PebbleApplication(29778): [NormalEndpointSet] Sending request to AppMessageEndpoint
