--------- beginning of /dev/log/system
I/ActivityManager(  776): Start proc com.android.vending for broadcast com.android.vending/com.google.android.finsky.receivers.PackageMonitorReceiver$RegisteredReceiver: pid=16474 uid=10014 gids={50014, 3003, 1028, 1015}
I/PackageManager(  776): Adding preferred activity ComponentInfo{com.google.android.talk/com.google.android.apps.hangouts.phone.BabelHomeActivity} for user 0 :
I/PackageManager(  776): Adding preferred activity ComponentInfo{com.google.android.talk/com.google.android.apps.hangouts.phone.BabelHomeActivity} for user 0 :
I/PackageManager(  776): Adding preferred activity ComponentInfo{com.google.android.talk/com.google.android.apps.hangouts.phone.BabelHomeActivity} for user 0 :
I/ActivityManager(  776): Delay finish: com.google.android.apps.plus/.service.PackagesMediaMonitor
I/ActivityManager(  776): Delaying start of: ServiceRecord{42f3e768 u0 com.android.vending/com.google.android.finsky.services.RestoreService}
I/ActivityManager(  776): Resuming delayed broadcast
D/ConnectivityService(  776): handleInetConditionHoldEnd: net=1, condition=100, published condition=100
D/ConnectivityService(  776): Sampling interval elapsed, updating statistics ..
D/ConnectivityService(  776): Done.
D/ConnectivityService(  776): Setting timer for 720seconds
I/ActivityManager(  776): Killing 16076:com.anydo.cal/u0a74 (adj 15): empty for 1811s
I/ActivityManager(  776): Killing 16041:com.android.providers.calendar/u0a1 (adj 15): empty for 1811s
I/ActivityManager(  776): Killing 15567:com.google.android.calendar/u0a28 (adj 15): empty for 1811s
I/ActivityManager(  776): Killing 15723:com.google.android.gm/u0a41 (adj 15): empty for 1836s
I/ActivityManager(  776): Killing 15914:com.google.android.partnersetup/u0a11 (adj 15): empty for 1841s
I/ActivityManager(  776): Start proc com.google.android.gm for content provider com.google.android.gm/.provider.PublicContentProvider: pid=16616 uid=10041 gids={50041, 3003, 1028, 1015}
D/ActivityThread(16616): Loading provider com.android.gmail.ui: com.google.android.gm.provider.GmailProvider
D/ActivityThread(16616): Loading provider com.google.android.gmail.provider;com.android.mail.notifier;com.google.android.gm.email.provider;com.google.android.gm.email.notifier: com.android.email.provider.EmailProvider
W/ActivityManager(  776): Unable to start service Intent { act=com.google.android.gm.email.EXCHANGE_INTENT pkg=com.google.android.gm.exchange } U=0: not found
W/ActivityManager(  776): Unable to start service Intent { act=com.google.android.gm.email.EXCHANGE_INTENT pkg=com.google.android.gm.exchange } U=0: not found
W/ActivityManager(  776): Unable to start service Intent { cmp=com.google.android.gm/com.android.email.service.AttachmentService } U=0: not found
W/ActivityManager(  776): Unable to start service Intent { cmp=com.google.android.gm/com.android.email.service.AttachmentService } U=0: not found
W/ActivityManager(  776): Unable to start service Intent { act=com.google.android.gm.email.EXCHANGE_INTENT pkg=com.google.android.gm.exchange } U=0: not found
W/ActivityManager(  776): Unable to start service Intent { act=com.google.android.gm.email.EXCHANGE_INTENT pkg=com.google.android.gm.exchange } U=0: not found
I/ActivityManager(  776): Start proc com.android.providers.calendar for content provider com.android.providers.calendar/.CalendarProvider2: pid=16671 uid=10001 gids={50001, 3003, 1028, 1015}
W/ActivityManager(  776): Unable to start service Intent { act=com.google.android.gm.email.EXCHANGE_INTENT pkg=com.google.android.gm.exchange } U=0: not found
I/ActivityManager(  776): Start proc com.google.android.calendar for broadcast com.google.android.calendar/com.android.calendar.alerts.AlertReceiver: pid=16699 uid=10028 gids={50028, 3003}
I/ActivityManager(  776): Start proc com.anydo.cal for broadcast com.anydo.cal/.ui.widgets.WidgetRemoteViewFactory: pid=16719 uid=10074 gids={50074, 3003, 1028, 1015}
I/ActivityManager(  776): Delay finish: com.anydo.cal/.receiver.CalcNextEventReceiver
I/ActivityManager(  776): Resuming delayed broadcast
I/ActivityManager(  776): Delay finish: com.anydo.cal/.receiver.UpdateRemindersReceiver
I/ActivityManager(  776): Resuming delayed broadcast
I/ActivityManager(  776): Delay finish: com.google.android.gms/.common.download.DownloadAlarmReceiver
I/ActivityManager(  776): Resuming delayed broadcast
I/ActivityManager(  776): Delay finish: com.anydo.cal/.receiver.UpdateRemindersReceiver
I/ActivityManager(  776): Resuming delayed broadcast
W/ActivityThread(16719): ClassLoader.loadClass: The class loader returned by Thread.getContextClassLoader() may fail for processes that host multiple applications. You should explicitly specify a context class loader. For example: Thread.setContextClassLoader(getClass().getClassLoader());
D/ConnectivityService(  776): handleInetConditionHoldEnd: net=1, condition=100, published condition=100
I/ActivityManager(  776): Killing 16223:com.google.android.apps.magazines/u0a56 (adj 15): empty for 1812s
I/ActivityManager(  776): Killing 16191:com.android.chrome/u0a31 (adj 15): empty for 1812s
I/ActivityManager(  776): Killing 15960:android.process.media/u0a5 (adj 15): empty for 1812s
I/ProcessStatsService(  776): Prepared write state in 1ms
I/ProcessStatsService(  776): Prepared write state in 1ms
D/ConnectivityService(  776): Sampling interval elapsed, updating statistics ..
D/ConnectivityService(  776): Done.
D/ConnectivityService(  776): Setting timer for 720seconds
I/ActivityManager(  776): Killing 15794:android.process.acore/u0a3 (adj 15): empty for 1821s
I/ActivityManager(  776): Killing 16301:com.google.android.talk/u0a51 (adj 15): empty for 1821s
I/ActivityManager(  776): Killing 16414:com.google.android.gms.unstable/u0a7 (adj 15): empty for 1829s
I/ActivityManager(  776): Start proc android.process.acore for content provider com.android.providers.contacts/.CallLogProvider: pid=16825 uid=10003 gids={50003, 3003, 1028, 1015}
I/ActivityManager(  776): Killing 15944:com.google.android.apps.plus/u0a63 (adj 15): empty for 1830s
D/ConnectivityService(  776): Sampling interval elapsed, updating statistics ..
D/ConnectivityService(  776): Done.
D/ConnectivityService(  776): Setting timer for 720seconds
D/ConnectivityService(  776): handleInetConditionHoldEnd: net=1, condition=100, published condition=100
D/ConnectivityService(  776): Captive portal check NetworkInfo: type: WIFI[], state: CONNECTING/CAPTIVE_PORTAL_CHECK, reason: (unspecified), extra: "pebble", roaming: false, failover: false, isAvailable: true, isConnectedToProvisioningNetwork: false
D/ConnectivityService(  776): handleCaptivePortalTrackerCheck: call captivePortalCheckComplete ni=NetworkInfo: type: WIFI[], state: CONNECTING/CAPTIVE_PORTAL_CHECK, reason: (unspecified), extra: "pebble", roaming: false, failover: false, isAvailable: true, isConnectedToProvisioningNetwork: false
D/ConnectivityService(  776): ConnectivityChange for WIFI: CONNECTED/CONNECTED
E/ConnectivityService(  776): Unexpected mtu value: android.net.wifi.WifiStateTracker@42ddcd48
D/ConnectivityService(  776): handleConnectivityChange: address are the same reset per doReset linkProperty[1]: resetMask=0
D/Nat464Xlat(  776): requiresClat: netType=1, hasIPv4Address=true
D/ConnectivityService(  776): NetTransition Wakelock for ConnectedState released by timeout
I/ActivityManager(  776): Start proc android.process.media for broadcast com.android.providers.downloads/.DownloadReceiver: pid=16947 uid=10005 gids={50005, 1028, 1015, 1023, 1024, 2001, 3003, 3007}
I/ActivityManager(  776): Start proc com.google.android.apps.plus for service com.google.android.apps.plus/.service.EsSyncAdapterService: pid=16959 uid=10063 gids={50063, 3003, 3002, 1028, 1015}
I/ActivityManager(  776): Start proc com.android.chrome for broadcast com.android.chrome/com.google.android.apps.chrome.precache.PrecacheServiceLauncher: pid=16991 uid=10031 gids={50031, 3003, 1028, 1015}
I/ActivityManager(  776): Killing 16474:com.android.vending/u0a14 (adj 15): empty for 2646s
I/ActivityManager(  776): Start proc com.google.android.apps.magazines for broadcast com.google.android.apps.magazines/com.google.apps.dots.android.newsstand.appwidget.NewsWidgetProvider: pid=17021 uid=10056 gids={50056, 3003, 1028, 1015}
D/ConnectivityService(  776): handleInetConditionHoldEnd: net=1, condition=100, published condition=0
I/EntropyMixer(  776): Writing entropy...
I/ActivityManager(  776): Killing 16719:com.anydo.cal/u0a74 (adj 15): empty for 1820s
I/ActivityManager(  776): Killing 16671:com.android.providers.calendar/u0a1 (adj 15): empty for 1820s
I/ActivityManager(  776): Killing 16616:com.google.android.gm/u0a41 (adj 15): empty for 1821s
I/ActivityManager(  776): Start proc com.google.android.gm for content provider com.google.android.gm/.provider.PublicContentProvider: pid=17118 uid=10041 gids={50041, 3003, 1028, 1015}
D/ActivityThread(17118): Loading provider com.android.gmail.ui: com.google.android.gm.provider.GmailProvider
D/ActivityThread(17118): Loading provider com.google.android.gmail.provider;com.android.mail.notifier;com.google.android.gm.email.provider;com.google.android.gm.email.notifier: com.android.email.provider.EmailProvider
W/ActivityManager(  776): Unable to start service Intent { act=com.google.android.gm.email.EXCHANGE_INTENT pkg=com.google.android.gm.exchange } U=0: not found
D/ActivityThread(17118): Loading provider com.google.android.gmail.provider;com.android.mail.notifier;com.google.android.gm.email.provider;com.google.android.gm.email.notifier: com.android.email.provider.EmailProvider
W/ActivityManager(  776): Unable to start service Intent { act=com.google.android.gm.email.EXCHANGE_INTENT pkg=com.google.android.gm.exchange } U=0: not found
W/ActivityManager(  776): Unable to start service Intent { act=com.google.android.gm.email.EXCHANGE_INTENT pkg=com.google.android.gm.exchange } U=0: not found
W/ActivityManager(  776): Unable to start service Intent { act=com.google.android.gm.email.EXCHANGE_INTENT pkg=com.google.android.gm.exchange } U=0: not found
W/ActivityManager(  776): Unable to start service Intent { cmp=com.google.android.gm/com.android.email.service.AttachmentService } U=0: not found
W/ActivityManager(  776): Unable to start service Intent { act=com.google.android.gm.email.EXCHANGE_INTENT pkg=com.google.android.gm.exchange } U=0: not found
W/ActivityManager(  776): Unable to start service Intent { act=com.google.android.gm.email.EXCHANGE_INTENT pkg=com.google.android.gm.exchange } U=0: not found
W/ActivityManager(  776): Unable to start service Intent { act=com.google.android.gm.email.EXCHANGE_INTENT pkg=com.google.android.gm.exchange } U=0: not found
W/ActivityManager(  776): Unable to start service Intent { cmp=com.google.android.gm/com.android.email.service.AttachmentService } U=0: not found
W/ActivityManager(  776): Unable to start service Intent { cmp=com.google.android.gm/com.android.email.service.AttachmentService } U=0: not found
I/ActivityManager(  776): Start proc com.android.providers.calendar for content provider com.android.providers.calendar/.CalendarProvider2: pid=17172 uid=10001 gids={50001, 3003, 1028, 1015}
I/ActivityManager(  776): Killing 16699:com.google.android.calendar/u0a28 (adj 15): empty for 1832s
I/ActivityManager(  776): Start proc com.google.android.calendar for broadcast com.google.android.calendar/com.android.calendar.alerts.AlertReceiver: pid=17205 uid=10028 gids={50028, 3003}
I/ActivityManager(  776): Start proc com.anydo.cal for broadcast com.anydo.cal/.ui.widgets.WidgetRemoteViewFactory: pid=17225 uid=10074 gids={50074, 3003, 1028, 1015}
W/ActivityThread(17225): ClassLoader.loadClass: The class loader returned by Thread.getContextClassLoader() may fail for processes that host multiple applications. You should explicitly specify a context class loader. For example: Thread.setContextClassLoader(getClass().getClassLoader());
I/ActivityManager(  776): Delay finish: com.anydo.cal/.receiver.CalcNextEventReceiver
I/ActivityManager(  776): Resuming delayed broadcast
I/ActivityManager(  776): Delay finish: com.anydo.cal/.receiver.UpdateRemindersReceiver
I/ActivityManager(  776): Resuming delayed broadcast
I/ActivityManager(  776): Delay finish: com.anydo.cal/.receiver.CalcNextEventReceiver
I/ActivityManager(  776): Resuming delayed broadcast
I/ActivityManager(  776): Delay finish: com.anydo.cal/.receiver.UpdateRemindersReceiver
I/ActivityManager(  776): Resuming delayed broadcast
I/ActivityManager(  776): Start proc com.google.android.talk for broadcast com.google.android.talk/com.google.android.apps.hangouts.realtimechat.RealTimeChatService$AlarmReceiver: pid=17289 uid=10051 gids={50051, 3003, 1028, 1015, 3002}
D/ConnectivityService(  776): Sampling interval elapsed, updating statistics ..
D/ConnectivityService(  776): Done.
D/ConnectivityService(  776): Setting timer for 720seconds
D/ConnectivityService(  776): handleInetConditionHoldEnd: net=1, condition=100, published condition=100
W/ProcessCpuTracker(  776): Skipping unknown process pid 17384
D/ConnectivityService(  776): handleInetConditionHoldEnd: net=1, condition=100, published condition=100
I/ActivityManager(  776): Delay finish: com.anydo.cal/.receiver.UpdateRemindersReceiver
I/ActivityManager(  776): Resuming delayed broadcast
I/ProcessStatsService(  776): Prepared write state in 2ms
I/ProcessStatsService(  776): Prepared write state in 0ms
I/ProcessStatsService(  776): Pruning old procstats: /data/system/procstats/state-2014-11-10-19-39-58.bin
D/ConnectivityService(  776): Sampling interval elapsed, updating statistics ..
D/ConnectivityService(  776): Done.
D/ConnectivityService(  776): Setting timer for 720seconds
D/ConnectivityService(  776): handleInetConditionHoldEnd: net=1, condition=100, published condition=100
I/ActivityManager(  776): Killing 16947:android.process.media/u0a5 (adj 15): empty for 1833s
I/ActivityManager(  776): Killing 16825:android.process.acore/u0a3 (adj 15): empty for 1833s
I/ActivityManager(  776): Killing 17021:com.google.android.apps.magazines/u0a56 (adj 15): empty for 1833s
I/ActivityManager(  776): Killing 16991:com.android.chrome/u0a31 (adj 15): empty for 1833s
I/ActivityManager(  776): Start proc android.process.acore for content provider com.android.providers.contacts/.CallLogProvider: pid=17517 uid=10003 gids={50003, 3003, 1028, 1015}
I/ActivityManager(  776): Killing 16959:com.google.android.apps.plus/u0a63 (adj 15): empty for 1840s
D/ConnectivityService(  776): Sampling interval elapsed, updating statistics ..
D/ConnectivityService(  776): Done.
D/ConnectivityService(  776): Setting timer for 720seconds
I/ProcessStatsService(  776): Prepared write state in 1ms
I/ProcessStatsService(  776): Prepared write state in 1ms
D/ConnectivityService(  776): Sampling interval elapsed, updating statistics ..
I/ActivityManager(  776): Start proc com.google.android.keep for broadcast com.google.android.keep/.notification.AlertReceiver: pid=17603 uid=10052 gids={50052, 3003, 1028, 1015}
D/ConnectivityService(  776): Done.
D/ConnectivityService(  776): Setting timer for 720seconds
I/ActivityManager(  776): Start proc com.qualcomm.timeservice for broadcast com.qualcomm.timeservice/.TimeServiceBroadcastReceiver: pid=17636 uid=10068 gids={50068}
I/ActivityManager(  776): Killing 17118:com.google.android.gm/u0a41 (adj 15): empty for 2817s
I/ActivityManager(  776): Killing 17289:com.google.android.talk/u0a51 (adj 15): empty for 2757s
D/ConnectivityService(  776): handleInetConditionHoldEnd: net=1, condition=100, published condition=100
I/ActivityManager(  776): Start proc com.google.android.gm for content provider com.google.android.gm/.provider.PublicContentProvider: pid=17672 uid=10041 gids={50041, 3003, 1028, 1015}
D/ActivityThread(17672): Loading provider com.android.gmail.ui: com.google.android.gm.provider.GmailProvider
D/ActivityThread(17672): Loading provider com.google.android.gmail.provider;com.android.mail.notifier;com.google.android.gm.email.provider;com.google.android.gm.email.notifier: com.android.email.provider.EmailProvider
W/ActivityManager(  776): Unable to start service Intent { act=com.google.android.gm.email.EXCHANGE_INTENT pkg=com.google.android.gm.exchange } U=0: not found
W/ActivityManager(  776): Unable to start service Intent { act=com.google.android.gm.email.EXCHANGE_INTENT pkg=com.google.android.gm.exchange } U=0: not found
D/ActivityThread(17672): Loading provider com.google.android.gmail.provider;com.android.mail.notifier;com.google.android.gm.email.provider;com.google.android.gm.email.notifier: com.android.email.provider.EmailProvider
W/ActivityManager(  776): Unable to start service Intent { act=com.google.android.gm.email.EXCHANGE_INTENT pkg=com.google.android.gm.exchange } U=0: not found
W/ActivityManager(  776): Unable to start service Intent { cmp=com.google.android.gm/com.android.email.service.AttachmentService } U=0: not found
W/ActivityManager(  776): Unable to start service Intent { cmp=com.google.android.gm/com.android.email.service.AttachmentService } U=0: not found
W/ActivityManager(  776): Unable to start service Intent { act=com.google.android.gm.email.EXCHANGE_INTENT pkg=com.google.android.gm.exchange } U=0: not found
W/ActivityManager(  776): Unable to start service Intent { cmp=com.google.android.gm/com.android.email.service.AttachmentService } U=0: not found
W/ActivityManager(  776): Unable to start service Intent { act=com.google.android.gm.email.EXCHANGE_INTENT pkg=com.google.android.gm.exchange } U=0: not found
W/ActivityManager(  776): Unable to start service Intent { act=com.google.android.gm.email.EXCHANGE_INTENT pkg=com.google.android.gm.exchange } U=0: not found
W/ActivityManager(  776): Unable to start service Intent { act=com.google.android.gm.email.EXCHANGE_INTENT pkg=com.google.android.gm.exchange } U=0: not found
D/ConnectivityService(  776): Captive portal check NetworkInfo: type: WIFI[], state: CONNECTING/CAPTIVE_PORTAL_CHECK, reason: (unspecified), extra: "pebble", roaming: false, failover: false, isAvailable: true, isConnectedToProvisioningNetwork: false
D/ConnectivityService(  776): handleCaptivePortalTrackerCheck: call captivePortalCheckComplete ni=NetworkInfo: type: WIFI[], state: CONNECTING/CAPTIVE_PORTAL_CHECK, reason: (unspecified), extra: "pebble", roaming: false, failover: false, isAvailable: true, isConnectedToProvisioningNetwork: false
D/ConnectivityService(  776): ConnectivityChange for WIFI: CONNECTED/CONNECTED
E/ConnectivityService(  776): Unexpected mtu value: android.net.wifi.WifiStateTracker@42ddcd48
D/ConnectivityService(  776): handleConnectivityChange: address are the same reset per doReset linkProperty[1]: resetMask=0
D/Nat464Xlat(  776): requiresClat: netType=1, hasIPv4Address=true
D/ConnectivityService(  776): NetTransition Wakelock for ConnectedState released by timeout
I/ActivityManager(  776): Start proc android.process.media for broadcast com.android.providers.downloads/.DownloadReceiver: pid=17779 uid=10005 gids={50005, 1028, 1015, 1023, 1024, 2001, 3003, 3007}
I/ActivityManager(  776): Start proc com.android.chrome for broadcast com.android.chrome/com.google.android.apps.chrome.precache.PrecacheServiceLauncher: pid=17808 uid=10031 gids={50031, 3003, 1028, 1015}
I/ActivityManager(  776): Start proc com.google.android.apps.plus for broadcast com.google.android.apps.plus/.service.ConnectivityReceiver: pid=17825 uid=10063 gids={50063, 3003, 3002, 1028, 1015}
I/ActivityManager(  776): Start proc com.google.android.apps.magazines for broadcast com.google.android.apps.magazines/com.google.apps.dots.android.newsstand.appwidget.NewsWidgetProvider: pid=17868 uid=10056 gids={50056, 3003, 1028, 1015}
D/ConnectivityService(  776): handleInetConditionHoldEnd: net=1, condition=100, published condition=0
I/ActivityManager(  776): Start proc com.google.android.partnersetup for content provider com.google.android.partnersetup/.RlzAppProvider: pid=17956 uid=10011 gids={50011, 3003}
D/ConnectivityService(  776): handleInetConditionHoldEnd: net=1, condition=100, published condition=100
D/ConnectivityService(  776): handleInetConditionHoldEnd: net=1, condition=100, published condition=100
I/ActivityManager(  776): Delay finish: com.anydo.cal/.receiver.UpdateRemindersReceiver
I/ActivityManager(  776): Resuming delayed broadcast
I/ActivityManager(  776): Killing 17517:android.process.acore/u0a3 (adj 15): empty for 1811s
I/ActivityManager(  776): Start proc android.process.acore for content provider com.android.providers.contacts/.CallLogProvider: pid=18091 uid=10003 gids={50003, 3003, 1028, 1015}
I/ActivityManager(  776): Start proc com.google.android.talk for broadcast com.google.android.talk/com.google.android.apps.hangouts.realtimechat.RealTimeChatService$AlarmReceiver: pid=18121 uid=10051 gids={50051, 3003, 1028, 1015, 3002}
D/ConnectivityService(  776): Sampling interval elapsed, updating statistics ..
D/ConnectivityService(  776): Done.
D/ConnectivityService(  776): Setting timer for 720seconds
D/ConnectivityService(  776): handleInetConditionHoldEnd: net=1, condition=100, published condition=100
I/ProcessStatsService(  776): Prepared write state in 9ms
I/ProcessStatsService(  776): Prepared write state in 19ms
D/ConnectivityService(  776): Sampling interval elapsed, updating statistics ..
D/ConnectivityService(  776): Done.
D/ConnectivityService(  776): Setting timer for 720seconds
I/ActivityManager(  776): Killing 17672:com.google.android.gm/u0a41 (adj 15): empty for 1825s
I/ActivityManager(  776): Killing 17636:com.qualcomm.timeservice/u0a68 (adj 15): empty for 1832s
I/ActivityManager(  776): Killing 17603:com.google.android.keep/u0a52 (adj 15): empty for 1832s
I/ActivityManager(  776): Start proc com.google.android.gm for content provider com.google.android.gm/.provider.PublicContentProvider: pid=18267 uid=10041 gids={50041, 3003, 1028, 1015}
D/ActivityThread(18267): Loading provider com.android.gmail.ui: com.google.android.gm.provider.GmailProvider
D/ActivityThread(18267): Loading provider com.google.android.gmail.provider;com.android.mail.notifier;com.google.android.gm.email.provider;com.google.android.gm.email.notifier: com.android.email.provider.EmailProvider
W/ActivityManager(  776): Unable to start service Intent { act=com.google.android.gm.email.EXCHANGE_INTENT pkg=com.google.android.gm.exchange } U=0: not found
W/ActivityManager(  776): Unable to start service Intent { act=com.google.android.gm.email.EXCHANGE_INTENT pkg=com.google.android.gm.exchange } U=0: not found
D/ActivityThread(18267): Loading provider com.google.android.gmail.provider;com.android.mail.notifier;com.google.android.gm.email.provider;com.google.android.gm.email.notifier: com.android.email.provider.EmailProvider
W/ActivityManager(  776): Unable to start service Intent { act=com.google.android.gm.email.EXCHANGE_INTENT pkg=com.google.android.gm.exchange } U=0: not found
W/ActivityManager(  776): Unable to start service Intent { cmp=com.google.android.gm/com.android.email.service.AttachmentService } U=0: not found
W/ActivityManager(  776): Unable to start service Intent { cmp=com.google.android.gm/com.android.email.service.AttachmentService } U=0: not found
W/ActivityManager(  776): Unable to start service Intent { cmp=com.google.android.gm/com.android.email.service.AttachmentService } U=0: not found
W/ActivityManager(  776): Unable to start service Intent { act=com.google.android.gm.email.EXCHANGE_INTENT pkg=com.google.android.gm.exchange } U=0: not found
W/ActivityManager(  776): Unable to start service Intent { act=com.google.android.gm.email.EXCHANGE_INTENT pkg=com.google.android.gm.exchange } U=0: not found
W/ActivityManager(  776): Unable to start service Intent { act=com.google.android.gm.email.EXCHANGE_INTENT pkg=com.google.android.gm.exchange } U=0: not found
W/ActivityManager(  776): Unable to start service Intent { act=com.google.android.gm.email.EXCHANGE_INTENT pkg=com.google.android.gm.exchange } U=0: not found
I/ActivityManager(  776): Killing 17779:android.process.media/u0a5 (adj 15): empty for 1821s
I/ActivityManager(  776): Killing 17808:com.android.chrome/u0a31 (adj 15): empty for 1822s
I/ActivityManager(  776): Killing 17956:com.google.android.partnersetup/u0a11 (adj 15): empty for 1814s
I/ActivityManager(  776): Killing 17825:com.google.android.apps.plus/u0a63 (adj 15): empty for 1835s
I/ActivityManager(  776): Killing 17205:com.google.android.calendar/u0a28 (adj 15): empty for 1889s
D/ConnectivityService(  776): Sampling interval elapsed, updating statistics ..
D/ConnectivityService(  776): Done.
D/ConnectivityService(  776): Setting timer for 720seconds
D/ConnectivityService(  776): handleInetConditionHoldEnd: net=1, condition=100, published condition=100
D/ConnectivityService(  776): handleInetConditionHoldEnd: net=1, condition=100, published condition=100
D/ConnectivityService(  776): handleInetConditionHoldEnd: net=1, condition=100, published condition=100
D/ConnectivityService(  776): Sampling interval elapsed, updating statistics ..
I/ProcessStatsService(  776): Prepared write state in 28ms
I/ProcessStatsService(  776): Prepared write state in 10ms
D/ConnectivityService(  776): Done.
D/ConnectivityService(  776): Setting timer for 720seconds
D/ConnectivityService(  776): Captive portal check NetworkInfo: type: WIFI[], state: CONNECTING/CAPTIVE_PORTAL_CHECK, reason: (unspecified), extra: "pebble", roaming: false, failover: false, isAvailable: true, isConnectedToProvisioningNetwork: false
D/ConnectivityService(  776): handleCaptivePortalTrackerCheck: call captivePortalCheckComplete ni=NetworkInfo: type: WIFI[], state: CONNECTING/CAPTIVE_PORTAL_CHECK, reason: (unspecified), extra: "pebble", roaming: false, failover: false, isAvailable: true, isConnectedToProvisioningNetwork: false
D/ConnectivityService(  776): ConnectivityChange for WIFI: CONNECTED/CONNECTED
E/ConnectivityService(  776): Unexpected mtu value: android.net.wifi.WifiStateTracker@42ddcd48
D/ConnectivityService(  776): handleConnectivityChange: address are the same reset per doReset linkProperty[1]: resetMask=0
D/Nat464Xlat(  776): requiresClat: netType=1, hasIPv4Address=true
D/ConnectivityService(  776): NetTransition Wakelock for ConnectedState released by timeout
I/ActivityManager(  776): Start proc android.process.media for broadcast com.android.providers.downloads/.DownloadReceiver: pid=18589 uid=10005 gids={50005, 1028, 1015, 1023, 1024, 2001, 3003, 3007}
I/ActivityManager(  776): Start proc com.android.chrome for broadcast com.android.chrome/com.google.android.apps.chrome.precache.PrecacheServiceLauncher: pid=18617 uid=10031 gids={50031, 3003, 1028, 1015}
I/ActivityManager(  776): Start proc com.google.android.apps.plus for broadcast com.google.android.apps.plus/.service.ConnectivityReceiver: pid=18634 uid=10063 gids={50063, 3003, 3002, 1028, 1015}
I/ActivityManager(  776): Killing 18091:android.process.acore/u0a3 (adj 15): empty for 2567s
I/ActivityManager(  776): Killing 17225:com.anydo.cal/u0a74 (adj 15): empty for 2354s
D/ConnectivityService(  776): handleInetConditionHoldEnd: net=1, condition=100, published condition=0
I/ActivityManager(  776): Start proc android.process.acore for content provider com.android.providers.contacts/.ContactsProvider2: pid=18671 uid=10003 gids={50003, 3003, 1028, 1015}
I/ActivityManager(  776): Killing 18121:com.google.android.talk/u0a51 (adj 15): empty for 2354s
I/ActivityManager(  776): Start proc com.anydo.cal for service com.anydo.cal/.services.UpdateRemindersService: pid=18757 uid=10074 gids={50074, 3003, 1028, 1015}
W/ActivityThread(18757): ClassLoader.loadClass: The class loader returned by Thread.getContextClassLoader() may fail for processes that host multiple applications. You should explicitly specify a context class loader. For example: Thread.setContextClassLoader(getClass().getClassLoader());
D/ConnectivityService(  776): handleInetConditionHoldEnd: net=1, condition=100, published condition=100
D/ConnectivityService(  776): Sampling interval elapsed, updating statistics ..
D/ConnectivityService(  776): Done.
D/ConnectivityService(  776): Setting timer for 720seconds
I/ActivityManager(  776): Start proc com.google.android.talk for broadcast com.google.android.talk/com.google.android.apps.hangouts.realtimechat.RealTimeChatService$AlarmReceiver: pid=18853 uid=10051 gids={50051, 3003, 1028, 1015, 3002}
I/ActivityManager(  776): Killing 18267:com.google.android.gm/u0a41 (adj 15): empty for 1832s
I/ActivityManager(  776): Start proc com.google.android.gm for content provider com.google.android.gm/.provider.PublicContentProvider: pid=18929 uid=10041 gids={50041, 3003, 1028, 1015}
D/ActivityThread(18929): Loading provider com.android.gmail.ui: com.google.android.gm.provider.GmailProvider
D/ActivityThread(18929): Loading provider com.google.android.gmail.provider;com.android.mail.notifier;com.google.android.gm.email.provider;com.google.android.gm.email.notifier: com.android.email.provider.EmailProvider
W/ActivityManager(  776): Unable to start service Intent { act=com.google.android.gm.email.EXCHANGE_INTENT pkg=com.google.android.gm.exchange } U=0: not found
W/ActivityManager(  776): Unable to start service Intent { act=com.google.android.gm.email.EXCHANGE_INTENT pkg=com.google.android.gm.exchange } U=0: not found
D/ActivityThread(18929): Loading provider com.google.android.gmail.provider;com.android.mail.notifier;com.google.android.gm.email.provider;com.google.android.gm.email.notifier: com.android.email.provider.EmailProvider
W/ActivityManager(  776): Unable to start service Intent { act=com.google.android.gm.email.EXCHANGE_INTENT pkg=com.google.android.gm.exchange } U=0: not found
D/ActivityThread(18929): Loading provider com.google.android.gmail.provider;com.android.mail.notifier;com.google.android.gm.email.provider;com.google.android.gm.email.notifier: com.android.email.provider.EmailProvider
W/ActivityManager(  776): Unable to start service Intent { act=com.google.android.gm.email.EXCHANGE_INTENT pkg=com.google.android.gm.exchange } U=0: not found
W/ActivityManager(  776): Unable to start service Intent { cmp=com.google.android.gm/com.android.email.service.AttachmentService } U=0: not found
W/ActivityManager(  776): Unable to start service Intent { cmp=com.google.android.gm/com.android.email.service.AttachmentService } U=0: not found
W/ActivityManager(  776): Unable to start service Intent { cmp=com.google.android.gm/com.android.email.service.AttachmentService } U=0: not found
W/ActivityManager(  776): Unable to start service Intent { act=com.google.android.gm.email.EXCHANGE_INTENT pkg=com.google.android.gm.exchange } U=0: not found
W/ActivityManager(  776): Unable to start service Intent { act=com.google.android.gm.email.EXCHANGE_INTENT pkg=com.google.android.gm.exchange } U=0: not found
W/ActivityManager(  776): Unable to start service Intent { act=com.google.android.gm.email.EXCHANGE_INTENT pkg=com.google.android.gm.exchange } U=0: not found
W/ActivityManager(  776): Unable to start service Intent { cmp=com.google.android.gm/com.android.email.service.AttachmentService } U=0: not found
W/ActivityManager(  776): Unable to start service Intent { act=com.google.android.gm.email.EXCHANGE_INTENT pkg=com.google.android.gm.exchange } U=0: not found
W/ActivityManager(  776): Unable to start service Intent { act=com.google.android.gm.email.EXCHANGE_INTENT pkg=com.google.android.gm.exchange } U=0: not found
D/ConnectivityService(  776): Sampling interval elapsed, updating statistics ..
D/ConnectivityService(  776): Done.
D/ConnectivityService(  776): Setting timer for 720seconds
D/ConnectivityService(  776): handleInetConditionHoldEnd: net=1, condition=100, published condition=100
I/ProcessStatsService(  776): Prepared write state in 9ms
I/ActivityManager(  776): Killing 18589:android.process.media/u0a5 (adj 15): empty for 1847s
I/ActivityManager(  776): Killing 17868:com.google.android.apps.magazines/u0a56 (adj 15): empty for 1848s
I/ActivityManager(  776): Killing 18617:com.android.chrome/u0a31 (adj 15): empty for 1848s
D/ConnectivityService(  776): Sampling interval elapsed, updating statistics ..
D/ConnectivityService(  776): Done.
D/ConnectivityService(  776): Setting timer for 720seconds
D/ConnectivityService(  776): handleInetConditionHoldEnd: net=1, condition=100, published condition=100
D/ConnectivityService(  776): Captive portal check NetworkInfo: type: WIFI[], state: CONNECTING/CAPTIVE_PORTAL_CHECK, reason: (unspecified), extra: "pebble", roaming: false, failover: false, isAvailable: true, isConnectedToProvisioningNetwork: false
D/ConnectivityService(  776): handleCaptivePortalTrackerCheck: call captivePortalCheckComplete ni=NetworkInfo: type: WIFI[], state: CONNECTING/CAPTIVE_PORTAL_CHECK, reason: (unspecified), extra: "pebble", roaming: false, failover: false, isAvailable: true, isConnectedToProvisioningNetwork: false
D/ConnectivityService(  776): ConnectivityChange for WIFI: CONNECTED/CONNECTED
E/ConnectivityService(  776): Unexpected mtu value: android.net.wifi.WifiStateTracker@42ddcd48
D/ConnectivityService(  776): handleConnectivityChange: address are the same reset per doReset linkProperty[1]: resetMask=0
D/Nat464Xlat(  776): requiresClat: netType=1, hasIPv4Address=true
D/ConnectivityService(  776): NetTransition Wakelock for ConnectedState released by timeout
I/ActivityManager(  776): Start proc android.process.media for broadcast com.android.providers.downloads/.DownloadReceiver: pid=19280 uid=10005 gids={50005, 1028, 1015, 1023, 1024, 2001, 3003, 3007}
I/ActivityManager(  776): Start proc com.android.chrome for broadcast com.android.chrome/com.google.android.apps.chrome.precache.PrecacheServiceLauncher: pid=19309 uid=10031 gids={50031, 3003, 1028, 1015}
I/ActivityManager(  776): Killing 18671:android.process.acore/u0a3 (adj 15): empty for 3238s
I/ActivityManager(  776): Start proc com.google.android.apps.magazines for broadcast com.google.android.apps.magazines/com.google.apps.dots.android.newsstand.appwidget.NewsWidgetProvider: pid=19327 uid=10056 gids={50056, 3003, 1028, 1015}
I/ActivityManager(  776): Killing 17172:com.android.providers.calendar/u0a1 (adj 15): empty for 2614s
I/ActivityManager(  776): Killing 18757:com.anydo.cal/u0a74 (adj 15): empty for 2615s
D/ConnectivityService(  776): handleInetConditionHoldEnd: net=1, condition=100, published condition=0
D/ConnectivityService(  776): Sampling interval elapsed, updating statistics ..
D/ConnectivityService(  776): Done.
D/ConnectivityService(  776): Setting timer for 720seconds
I/ActivityManager(  776): Start proc android.process.acore for content provider com.android.providers.contacts/.CallLogProvider: pid=19411 uid=10003 gids={50003, 3003, 1028, 1015}
I/ActivityManager(  776): Start proc com.android.providers.calendar for content provider com.android.providers.calendar/.CalendarProvider2: pid=19431 uid=10001 gids={50001, 3003, 1028, 1015}
I/ActivityManager(  776): Killing 18853:com.google.android.talk/u0a51 (adj 15): empty for 2199s
I/ActivityManager(  776): Start proc com.google.android.calendar for broadcast com.google.android.calendar/com.android.calendar.alerts.AlertReceiver: pid=19458 uid=10028 gids={50028, 3003}
I/ActivityManager(  776): Start proc com.anydo.cal for broadcast com.anydo.cal/.ui.widgets.WidgetRemoteViewFactory: pid=19478 uid=10074 gids={50074, 3003, 1028, 1015}
W/ActivityThread(19478): ClassLoader.loadClass: The class loader returned by Thread.getContextClassLoader() may fail for processes that host multiple applications. You should explicitly specify a context class loader. For example: Thread.setContextClassLoader(getClass().getClassLoader());
I/ActivityManager(  776): Delay finish: com.anydo.cal/.receiver.CalcNextEventReceiver
I/ActivityManager(  776): Resuming delayed broadcast
I/ActivityManager(  776): Delay finish: com.anydo.cal/.receiver.UpdateRemindersReceiver
I/ActivityManager(  776): Resuming delayed broadcast
I/ActivityManager(  776): Delay finish: com.anydo.cal/.receiver.UpdateRemindersReceiver
I/ActivityManager(  776): Resuming delayed broadcast
I/ActivityManager(  776): Killing 18929:com.google.android.gm/u0a41 (adj 15): empty for 1872s
I/ActivityManager(  776): Start proc com.google.android.gm for content provider com.google.android.gm/.provider.PublicContentProvider: pid=19564 uid=10041 gids={50041, 3003, 1028, 1015}
D/ActivityThread(19564): Loading provider com.android.gmail.ui: com.google.android.gm.provider.GmailProvider
D/ActivityThread(19564): Loading provider com.google.android.gmail.provider;com.android.mail.notifier;com.google.android.gm.email.provider;com.google.android.gm.email.notifier: com.android.email.provider.EmailProvider
W/ActivityManager(  776): Unable to start service Intent { act=com.google.android.gm.email.EXCHANGE_INTENT pkg=com.google.android.gm.exchange } U=0: not found
W/ActivityManager(  776): Unable to start service Intent { act=com.google.android.gm.email.EXCHANGE_INTENT pkg=com.google.android.gm.exchange } U=0: not found
D/ActivityThread(19564): Loading provider com.google.android.gmail.provider;com.android.mail.notifier;com.google.android.gm.email.provider;com.google.android.gm.email.notifier: com.android.email.provider.EmailProvider
W/ActivityManager(  776): Unable to start service Intent { act=com.google.android.gm.email.EXCHANGE_INTENT pkg=com.google.android.gm.exchange } U=0: not found
W/ActivityManager(  776): Unable to start service Intent { cmp=com.google.android.gm/com.android.email.service.AttachmentService } U=0: not found
W/ActivityManager(  776): Unable to start service Intent { act=com.google.android.gm.email.EXCHANGE_INTENT pkg=com.google.android.gm.exchange } U=0: not found
W/ActivityManager(  776): Unable to start service Intent { act=com.google.android.gm.email.EXCHANGE_INTENT pkg=com.google.android.gm.exchange } U=0: not found
W/ActivityManager(  776): Unable to start service Intent { cmp=com.google.android.gm/com.android.email.service.AttachmentService } U=0: not found
W/ActivityManager(  776): Unable to start service Intent { cmp=com.google.android.gm/com.android.email.service.AttachmentService } U=0: not found
W/ActivityManager(  776): Unable to start service Intent { act=com.google.android.gm.email.EXCHANGE_INTENT pkg=com.google.android.gm.exchange } U=0: not found
W/ActivityManager(  776): Unable to start service Intent { act=com.google.android.gm.email.EXCHANGE_INTENT pkg=com.google.android.gm.exchange } U=0: not found
D/ConnectivityService(  776): handleInetConditionHoldEnd: net=1, condition=100, published condition=100
I/ActivityManager(  776): Start proc com.google.android.partnersetup for content provider com.google.android.partnersetup/.RlzAppProvider: pid=19716 uid=10011 gids={50011, 3003}
I/ProcessStatsService(  776): Prepared write state in 2ms
D/ConnectivityService(  776): Sampling interval elapsed, updating statistics ..
D/ConnectivityService(  776): Done.
D/ConnectivityService(  776): Setting timer for 720seconds
I/ActivityManager(  776): Start proc com.google.android.gms.unstable for service com.google.android.gms/.droidguard.DroidGuardService: pid=19790 uid=10007 gids={50007, 3003, 1007, 1028, 1015, 3002, 3001, 3007, 2001, 3006}
D/ConnectivityService(  776): handleInetConditionHoldEnd: net=1, condition=100, published condition=100
I/ActivityManager(  776): Start proc com.google.android.talk for broadcast com.google.android.talk/com.google.android.apps.hangouts.phone.PackageReplacedReceiver: pid=19827 uid=10051 gids={50051, 3003, 1028, 1015, 3002}
I/PackageManager(  776): Adding preferred activity ComponentInfo{com.google.android.talk/com.google.android.apps.hangouts.phone.BabelHomeActivity} for user 0 :
I/PackageManager(  776): Adding preferred activity ComponentInfo{com.google.android.talk/com.google.android.apps.hangouts.phone.BabelHomeActivity} for user 0 :
I/PackageManager(  776): Adding preferred activity ComponentInfo{com.google.android.talk/com.google.android.apps.hangouts.phone.BabelHomeActivity} for user 0 :
I/PackageManager(  776): Adding preferred activity ComponentInfo{com.google.android.talk/com.google.android.apps.hangouts.phone.BabelHomeActivity} for user 0 :
I/PackageManager(  776): Adding preferred activity ComponentInfo{com.google.android.talk/com.google.android.apps.hangouts.phone.BabelHomeActivity} for user 0 :
I/PackageManager(  776): Adding preferred activity ComponentInfo{com.google.android.talk/com.google.android.apps.hangouts.phone.BabelHomeActivity} for user 0 :
I/PackageManager(  776): Adding preferred activity ComponentInfo{com.google.android.talk/com.google.android.apps.hangouts.phone.BabelHomeActivity} for user 0 :
I/PackageManager(  776): Adding preferred activity ComponentInfo{com.google.android.talk/com.google.android.apps.hangouts.phone.BabelHomeActivity} for user 0 :
I/ActivityManager(  776): Start proc com.android.vending for broadcast com.android.vending/com.google.android.finsky.receivers.PackageMonitorReceiver$RegisteredReceiver: pid=19870 uid=10014 gids={50014, 3003, 1028, 1015}
I/ActivityManager(  776): Delay finish: com.google.android.apps.plus/.service.PackagesMediaMonitor
I/ActivityManager(  776): Resuming delayed broadcast
I/EntropyMixer(  776): Writing entropy...
I/ActivityManager(  776): Killing 19327:com.google.android.apps.magazines/u0a56 (adj 15): empty for 1803s
I/ActivityManager(  776): Killing 19309:com.android.chrome/u0a31 (adj 15): empty for 1804s
I/ActivityManager(  776): Killing 19280:android.process.media/u0a5 (adj 15): empty for 1804s
I/ActivityManager(  776): Killing 19458:com.google.android.calendar/u0a28 (adj 15): empty for 1836s
I/ActivityManager(  776): Killing 19478:com.anydo.cal/u0a74 (adj 15): empty for 1836s
I/ActivityManager(  776): Killing 19431:com.android.providers.calendar/u0a1 (adj 15): empty for 1836s
D/ConnectivityService(  776): Sampling interval elapsed, updating statistics ..
D/ConnectivityService(  776): Done.
D/ConnectivityService(  776): Setting timer for 720seconds
I/ActivityManager(  776): Start proc com.android.providers.calendar for content provider com.android.providers.calendar/.CalendarProvider2: pid=19997 uid=10001 gids={50001, 3003, 1028, 1015}
D/ConnectivityService(  776): handleInetConditionHoldEnd: net=1, condition=100, published condition=100
I/ActivityManager(  776): Start proc com.google.android.calendar for broadcast com.google.android.calendar/com.android.calendar.alerts.AlertReceiver: pid=20010 uid=10028 gids={50028, 3003}
I/ActivityManager(  776): Start proc com.anydo.cal for broadcast com.anydo.cal/.ui.widgets.WidgetRemoteViewFactory: pid=20030 uid=10074 gids={50074, 3003, 1028, 1015}
I/ActivityManager(  776): Delay finish: com.anydo.cal/.receiver.CalcNextEventReceiver
I/ActivityManager(  776): Resuming delayed broadcast
I/ActivityManager(  776): Delay finish: com.anydo.cal/.receiver.UpdateRemindersReceiver
I/ActivityManager(  776): Resuming delayed broadcast
I/ActivityManager(  776): Delay finish: com.anydo.cal/.receiver.CalcNextEventReceiver
I/ActivityManager(  776): Resuming delayed broadcast
I/ActivityManager(  776): Delay finish: com.anydo.cal/.receiver.UpdateRemindersReceiver
I/ActivityManager(  776): Resuming delayed broadcast
I/ActivityManager(  776): Killing 19564:com.google.android.gm/u0a41 (adj 15): empty for 1800s
W/ActivityThread(20030): ClassLoader.loadClass: The class loader returned by Thread.getContextClassLoader() may fail for processes that host multiple applications. You should explicitly specify a context class loader. For example: Thread.setContextClassLoader(getClass().getClassLoader());
I/ActivityManager(  776): Start proc com.google.android.gm for content provider com.google.android.gm/.provider.PublicContentProvider: pid=20106 uid=10041 gids={50041, 3003, 1028, 1015}
D/ActivityThread(20106): Loading provider com.android.gmail.ui: com.google.android.gm.provider.GmailProvider
D/ActivityThread(20106): Loading provider com.google.android.gmail.provider;com.android.mail.notifier;com.google.android.gm.email.provider;com.google.android.gm.email.notifier: com.android.email.provider.EmailProvider
W/ActivityManager(  776): Unable to start service Intent { act=com.google.android.gm.email.EXCHANGE_INTENT pkg=com.google.android.gm.exchange } U=0: not found
W/ActivityManager(  776): Unable to start service Intent { act=com.google.android.gm.email.EXCHANGE_INTENT pkg=com.google.android.gm.exchange } U=0: not found
D/ActivityThread(20106): Loading provider com.google.android.gmail.provider;com.android.mail.notifier;com.google.android.gm.email.provider;com.google.android.gm.email.notifier: com.android.email.provider.EmailProvider
W/ActivityManager(  776): Unable to start service Intent { act=com.google.android.gm.email.EXCHANGE_INTENT pkg=com.google.android.gm.exchange } U=0: not found
D/ActivityThread(20106): Loading provider com.google.android.gmail.provider;com.android.mail.notifier;com.google.android.gm.email.provider;com.google.android.gm.email.notifier: com.android.email.provider.EmailProvider
W/ActivityManager(  776): Unable to start service Intent { act=com.google.android.gm.email.EXCHANGE_INTENT pkg=com.google.android.gm.exchange } U=0: not found
W/ActivityManager(  776): Unable to start service Intent { cmp=com.google.android.gm/com.android.email.service.AttachmentService } U=0: not found
W/ActivityManager(  776): Unable to start service Intent { cmp=com.google.android.gm/com.android.email.service.AttachmentService } U=0: not found
W/ActivityManager(  776): Unable to start service Intent { cmp=com.google.android.gm/com.android.email.service.AttachmentService } U=0: not found
W/ActivityManager(  776): Unable to start service Intent { act=com.google.android.gm.email.EXCHANGE_INTENT pkg=com.google.android.gm.exchange } U=0: not found
W/ActivityManager(  776): Unable to start service Intent { cmp=com.google.android.gm/com.android.email.service.AttachmentService } U=0: not found
W/ActivityManager(  776): Unable to start service Intent { act=com.google.android.gm.email.EXCHANGE_INTENT pkg=com.google.android.gm.exchange } U=0: not found
W/ActivityManager(  776): Unable to start service Intent { act=com.google.android.gm.email.EXCHANGE_INTENT pkg=com.google.android.gm.exchange } U=0: not found
W/ActivityManager(  776): Unable to start service Intent { act=com.google.android.gm.email.EXCHANGE_INTENT pkg=com.google.android.gm.exchange } U=0: not found
W/ActivityManager(  776): Unable to start service Intent { act=com.google.android.gm.email.EXCHANGE_INTENT pkg=com.google.android.gm.exchange } U=0: not found
I/ActivityManager(  776): Killing 19716:com.google.android.partnersetup/u0a11 (adj 15): empty for 1806s
I/ProcessStatsService(  776): Prepared write state in 31ms
I/ProcessStatsService(  776): Prepared write state in 0ms
I/ProcessStatsService(  776): Pruning old procstats: /data/system/procstats/state-2014-11-10-22-46-35.bin
D/ConnectivityService(  776): Sampling interval elapsed, updating statistics ..
D/ConnectivityService(  776): Done.
D/ConnectivityService(  776): Setting timer for 720seconds
I/ActivityManager(  776): Killing 18634:com.google.android.apps.plus/u0a63 (adj 15): empty for 1824s
I/ActivityManager(  776): Killing 19827:com.google.android.talk/u0a51 (adj 15): empty for 1824s
I/ActivityManager(  776): Killing 19790:com.google.android.gms.unstable/u0a7 (adj 15): empty for 1833s
D/ConnectivityService(  776): Captive portal check NetworkInfo: type: WIFI[], state: CONNECTING/CAPTIVE_PORTAL_CHECK, reason: (unspecified), extra: "pebble", roaming: false, failover: false, isAvailable: true, isConnectedToProvisioningNetwork: false
D/ConnectivityService(  776): handleCaptivePortalTrackerCheck: call captivePortalCheckComplete ni=NetworkInfo: type: WIFI[], state: CONNECTING/CAPTIVE_PORTAL_CHECK, reason: (unspecified), extra: "pebble", roaming: false, failover: false, isAvailable: true, isConnectedToProvisioningNetwork: false
D/ConnectivityService(  776): ConnectivityChange for WIFI: CONNECTED/CONNECTED
E/ConnectivityService(  776): Unexpected mtu value: android.net.wifi.WifiStateTracker@42ddcd48
D/ConnectivityService(  776): handleConnectivityChange: address are the same reset per doReset linkProperty[1]: resetMask=0
D/Nat464Xlat(  776): requiresClat: netType=1, hasIPv4Address=true
D/ConnectivityService(  776): handleInetConditionHoldEnd: net=1, condition=100, published condition=0
D/ConnectivityService(  776): handleInetConditionHoldEnd: event hold for obsolete network - ignoring
D/ConnectivityService(  776): NetTransition Wakelock for ConnectedState released by timeout
I/ActivityManager(  776): Start proc android.process.media for broadcast com.android.providers.downloads/.DownloadReceiver: pid=20293 uid=10005 gids={50005, 1028, 1015, 1023, 1024, 2001, 3003, 3007}
I/ActivityManager(  776): Start proc com.google.android.apps.plus for service com.google.android.apps.plus/.service.EsSyncAdapterService: pid=20305 uid=10063 gids={50063, 3003, 3002, 1028, 1015}
I/ActivityManager(  776): Start proc com.android.chrome for broadcast com.android.chrome/com.google.android.apps.chrome.precache.PrecacheServiceLauncher: pid=20330 uid=10031 gids={50031, 3003, 1028, 1015}
I/ActivityManager(  776): Killing 19870:com.android.vending/u0a14 (adj 15): empty for 2217s
I/ActivityManager(  776): Start proc com.google.android.apps.magazines for broadcast com.google.android.apps.magazines/com.google.apps.dots.android.newsstand.appwidget.NewsWidgetProvider: pid=20366 uid=10056 gids={50056, 3003, 1028, 1015}
D/ConnectivityService(  776): handleInetConditionHoldEnd: net=1, condition=100, published condition=0
D/ConnectivityService(  776): Sampling interval elapsed, updating statistics ..
D/ConnectivityService(  776): Done.
D/ConnectivityService(  776): Setting timer for 720seconds
I/ActivityManager(  776): Killing 20010:com.google.android.calendar/u0a28 (adj 15): empty for 1833s
I/ActivityManager(  776): Killing 20030:com.anydo.cal/u0a74 (adj 15): empty for 1833s
